Archive member included to satisfy reference by file (symbol)

/home/st/Desktop/Raspbian-optee/raspbian-optee/raspbian-tee1/raspbian-tee/optee_os/out/arm/export-ta_arm32/lib/libutils.a(snprintf.o)
                              ./Lab_TA.o (snprintf)
/home/st/Desktop/Raspbian-optee/raspbian-optee/raspbian-tee1/raspbian-tee/optee_os/out/arm/export-ta_arm32/lib/libutils.a(snprintk.o)
                              /home/st/Desktop/Raspbian-optee/raspbian-optee/raspbian-tee1/raspbian-tee/optee_os/out/arm/export-ta_arm32/lib/libutils.a(snprintf.o) (__vsnprintf)
/home/st/Desktop/Raspbian-optee/raspbian-optee/raspbian-tee1/raspbian-tee/optee_os/out/arm/export-ta_arm32/lib/libutils.a(trace.o)
                              ./Lab_TA.o (trace_printf)
/home/st/Desktop/Raspbian-optee/raspbian-optee/raspbian-tee1/raspbian-tee/optee_os/out/arm/export-ta_arm32/lib/libutils.a(aeabi_unwind.o)
                              ./Lab_TA.o (__aeabi_unwind_cpp_pr0)
/home/st/Desktop/Raspbian-optee/raspbian-optee/raspbian-tee1/raspbian-tee/optee_os/out/arm/export-ta_arm32/lib/libutils.a(memchr.o)
                              /home/st/Desktop/Raspbian-optee/raspbian-optee/raspbian-tee1/raspbian-tee/optee_os/out/arm/export-ta_arm32/lib/libutils.a(snprintk.o) (memchr)
/home/st/Desktop/Raspbian-optee/raspbian-optee/raspbian-tee1/raspbian-tee/optee_os/out/arm/export-ta_arm32/lib/libutils.a(strlen.o)
                              /home/st/Desktop/Raspbian-optee/raspbian-optee/raspbian-tee1/raspbian-tee/optee_os/out/arm/export-ta_arm32/lib/libutils.a(snprintk.o) (strlen)
/home/st/Desktop/Raspbian-optee/raspbian-optee/raspbian-tee1/raspbian-tee/optee_os/out/arm/export-ta_arm32/lib/libutils.a(arm32_aeabi_ldivmod_a32.o)
                              /home/st/Desktop/Raspbian-optee/raspbian-optee/raspbian-tee1/raspbian-tee/optee_os/out/arm/export-ta_arm32/lib/libutils.a(snprintk.o) (__aeabi_uldivmod)
/home/st/Desktop/Raspbian-optee/raspbian-optee/raspbian-tee1/raspbian-tee/optee_os/out/arm/export-ta_arm32/lib/libutils.a(arm32_aeabi_ldivmod.o)
                              /home/st/Desktop/Raspbian-optee/raspbian-optee/raspbian-tee1/raspbian-tee/optee_os/out/arm/export-ta_arm32/lib/libutils.a(arm32_aeabi_ldivmod_a32.o) (__ul_divmod)
/home/st/Desktop/Raspbian-optee/raspbian-optee/raspbian-tee1/raspbian-tee/optee_os/out/arm/export-ta_arm32/lib/libutee.a(trace_ext.o)
                              /home/st/Desktop/Raspbian-optee/raspbian-optee/raspbian-tee1/raspbian-tee/optee_os/out/arm/export-ta_arm32/lib/libutils.a(trace.o) (trace_ext_puts)
/home/st/Desktop/Raspbian-optee/raspbian-optee/raspbian-tee1/raspbian-tee/optee_os/out/arm/export-ta_arm32/lib/libutee.a(tee_api.o)
                              ./Lab_TA.o (TEE_OpenTASession)
/home/st/Desktop/Raspbian-optee/raspbian-optee/raspbian-tee1/raspbian-tee/optee_os/out/arm/export-ta_arm32/lib/libutee.a(tee_api_objects.o)
                              ./Lab_TA.o (TEE_AllocateTransientObject)
/home/st/Desktop/Raspbian-optee/raspbian-optee/raspbian-tee1/raspbian-tee/optee_os/out/arm/export-ta_arm32/lib/libutee.a(tee_api_operations.o)
                              ./Lab_TA.o (TEE_FreeOperation)
/home/st/Desktop/Raspbian-optee/raspbian-optee/raspbian-tee1/raspbian-tee/optee_os/out/arm/export-ta_arm32/lib/libutee.a(tee_api_panic.o)
                              /home/st/Desktop/Raspbian-optee/raspbian-optee/raspbian-tee1/raspbian-tee/optee_os/out/arm/export-ta_arm32/lib/libutee.a(tee_api.o) (TEE_Panic)
/home/st/Desktop/Raspbian-optee/raspbian-optee/raspbian-tee1/raspbian-tee/optee_os/out/arm/export-ta_arm32/lib/libutee.a(user_ta_entry.o)
                              ./user_ta_header.o (__utee_entry)
/home/st/Desktop/Raspbian-optee/raspbian-optee/raspbian-tee1/raspbian-tee/optee_os/out/arm/export-ta_arm32/lib/libutee.a(utee_syscalls_a32.o)
                              /home/st/Desktop/Raspbian-optee/raspbian-optee/raspbian-tee1/raspbian-tee/optee_os/out/arm/export-ta_arm32/lib/libutee.a(tee_api_panic.o) (utee_panic)
/home/st/Desktop/Raspbian-optee/raspbian-optee/raspbian-tee1/raspbian-tee/optee_os/out/arm/export-ta_arm32/lib/libutee.a(gprof_a32.o)
                              /home/st/Desktop/Raspbian-optee/raspbian-optee/raspbian-tee1/raspbian-tee/optee_os/out/arm/export-ta_arm32/lib/libutee.a(user_ta_entry.o) (__utee_mcount)
/home/st/Desktop/Raspbian-optee/raspbian-optee/raspbian-tee1/raspbian-tee/optee_os/out/arm/export-ta_arm32/lib/libutee.a(tee_api_arith_mpi.o)
                              /home/st/Desktop/Raspbian-optee/raspbian-optee/raspbian-tee1/raspbian-tee/optee_os/out/arm/export-ta_arm32/lib/libutee.a(user_ta_entry.o) (_TEE_MathAPI_Init)
/home/st/Desktop/Raspbian-optee/raspbian-optee/raspbian-tee1/raspbian-tee/optee_os/out/arm/export-ta_arm32/lib/libmbedtls.a(bignum.o)
                              /home/st/Desktop/Raspbian-optee/raspbian-optee/raspbian-tee1/raspbian-tee/optee_os/out/arm/export-ta_arm32/lib/libutee.a(tee_api_arith_mpi.o) (mbedtls_mpi_init_mempool)
[...]
Memory Configuration

Name             Origin             Length             Attributes
*default*        0x0000000000000000 0xffffffffffffffff

Linker script and memory map


.ta_head        0x0000000000000000       0x20
 *(SORT_BY_ALIGNMENT(.ta_head))
 .ta_head       0x0000000000000000       0x20 ./user_ta_header.o
                0x0000000000000000                ta_head

.text           0x0000000000000020     0x7c68
                0x0000000000000020                __text_start = .
 *(SORT_BY_ALIGNMENT(.text) SORT_BY_ALIGNMENT(.text.*))
 .text          0x0000000000000020      0x354 ./Lab_TA.o
                0x0000000000000020                TA_CreateEntryPoint
                0x0000000000000024                TA_DestroyEntryPoint
                0x0000000000000026                TA_OpenSessionEntryPoint
                0x000000000000002a                TA_CloseSessionEntryPoint
                0x000000000000002c                TA_InvokeCommandEntryPoint
 .text          0x0000000000000374      0x6d0 /home/st/Desktop/Raspbian-optee/raspbian-optee/raspbian-tee1/raspbian-tee/optee_os/out/arm/export-ta_arm32/lib/libutils.a(snprintk.o)
                0x0000000000000374                __vsnprintf
                0x0000000000000a1c                vsnprintk
                0x0000000000000a2a                snprintk
 .text          0x0000000000000a44      0x170 /home/st/Desktop/Raspbian-optee/raspbian-optee/raspbian-tee1/raspbian-tee/optee_os/out/arm/export-ta_arm32/lib/libutils.a(trace.o)
                0x0000000000000a44                trace_set_level
                0x0000000000000a60                trace_get_level
                0x0000000000000a74                trace_printf
                0x0000000000000bb0                dhex_dump
 .text.__aeabi_ldivmod
                0x0000000000000bb4       0x18 /home/st/Desktop/Raspbian-optee/raspbian-optee/raspbian-tee1/raspbian-tee/optee_os/out/arm/export-ta_arm32/lib/libutils.a(arm32_aeabi_ldivmod_a32.o)
                0x0000000000000bb4                __aeabi_ldivmod
 .text.__aeabi_uldivmod
                0x0000000000000bcc       0x18 /home/st/Desktop/Raspbian-optee/raspbian-optee/raspbian-tee1/raspbian-tee/optee_os/out/arm/export-ta_arm32/lib/libutils.a(arm32_aeabi_ldivmod_a32.o)
                0x0000000000000bcc                __aeabi_uldivmod
 .text          0x0000000000000be4       0x9c /home/st/Desktop/Raspbian-optee/raspbian-optee/raspbian-tee1/raspbian-tee/optee_os/out/arm/export-ta_arm32/lib/libutee.a(trace_ext.o)
                0x0000000000000be4                trace_ext_puts
                0x0000000000000bf8                trace_ext_get_thread_id
                0x0000000000000bfe                printf
                0x0000000000000c38                puts
                0x0000000000000c5c                putchar
 .text          0x0000000000000c80      0x2f8 /home/st/Desktop/Raspbian-optee/raspbian-optee/raspbian-tee1/raspbian-tee/optee_os/out/arm/export-ta_arm32/lib/libutee.a(tee_api.o)
                0x0000000000000c80                __utee_from_param
                0x0000000000000cdc                __utee_to_param
                0x0000000000000d18                TEE_OpenTASession
                0x0000000000000d5c                TEE_CloseTASession
                0x0000000000000d70                TEE_InvokeTACommand
                0x0000000000000de0                TEE_GetCancellationFlag
                0x0000000000000dfc                TEE_UnmaskCancellation
                0x0000000000000e18                TEE_MaskCancellation
                0x0000000000000e34                TEE_CheckMemoryAccessRights
                0x0000000000000e3e                TEE_SetInstanceData
                0x0000000000000e4c                TEE_GetInstanceData
                0x0000000000000e58                TEE_MemMove
                0x0000000000000e5c                TEE_MemCompare
                0x0000000000000e60                TEE_MemFill
                0x0000000000000e64                TEE_GetSystemTime
                0x0000000000000e7a                TEE_Wait
                0x0000000000000e98                TEE_GetTAPersistentTime
                0x0000000000000ed4                TEE_SetTAPersistentTime
                0x0000000000000efc                TEE_GetREETime
                0x0000000000000f12                TEE_Malloc
                0x0000000000000f5c                TEE_Realloc
                0x0000000000000f60                TEE_Free
                0x0000000000000f64                TEE_CacheClean
                0x0000000000000f6a                TEE_CacheFlush
                0x0000000000000f70                TEE_CacheInvalidate
 .text          0x0000000000000f78      0x78c /home/st/Desktop/Raspbian-optee/raspbian-optee/raspbian-tee1/raspbian-tee/optee_os/out/arm/export-ta_arm32/lib/libutee.a(tee_api_objects.o)
                0x0000000000000f78                __utee_from_attr
                0x0000000000000fb0                TEE_GetObjectInfo
                0x0000000000000fdc                TEE_GetObjectInfo1
                0x0000000000000ffc                TEE_RestrictObjectUsage1
                0x000000000000101c                TEE_RestrictObjectUsage
                0x0000000000001048                TEE_GetObjectBufferAttribute
                0x00000000000010b8                TEE_GetObjectValueAttribute
                0x000000000000113c                TEE_CloseObject
                0x0000000000001150                TEE_AllocateTransientObject
                0x0000000000001180                TEE_FreeTransientObject
                0x00000000000011b0                TEE_ResetTransientObject
                0x00000000000011e0                TEE_PopulateTransientObject
                0x0000000000001250                TEE_InitRefAttribute
                0x0000000000001272                TEE_InitValueAttribute
                0x0000000000001294                TEE_CopyObjectAttributes1
                0x00000000000012fc                TEE_CopyObjectAttributes
                0x000000000000132c                TEE_GenerateKey
                0x0000000000001374                TEE_OpenPersistentObject
                0x00000000000013d8                TEE_CreatePersistentObject
                0x0000000000001470                TEE_CloseAndDeletePersistentObject1
                0x0000000000001494                TEE_CloseAndDeletePersistentObject
                0x00000000000014aa                TEE_RenamePersistentObject
                0x00000000000014f0                TEE_AllocatePersistentObjectEnumerator
                0x0000000000001528                TEE_FreePersistentObjectEnumerator
                0x000000000000153c                TEE_ResetPersistentObjectEnumerator
                0x0000000000001550                TEE_StartPersistentObjectEnumerator
                0x000000000000157c                TEE_GetNextPersistentObject
                0x00000000000015d0                TEE_ReadObjectData
                0x0000000000001610                TEE_WriteObjectData
                0x0000000000001650                TEE_TruncateObjectData
                0x0000000000001688                TEE_SeekObjectData
 .text          0x0000000000001704     0x16c8 /home/st/Desktop/Raspbian-optee/raspbian-optee/raspbian-tee1/raspbian-tee/optee_os/out/arm/export-ta_arm32/lib/libutee.a(tee_api_operations.o)
                0x000000000000185c                TEE_FreeOperation
                0x0000000000001882                TEE_AllocateOperation
                0x0000000000001ea8                TEE_GetOperationInfo
                0x0000000000001eca                TEE_GetOperationInfoMultiple
                0x0000000000001f84                TEE_ResetOperation
                0x0000000000001fc4                TEE_SetOperationKey
                0x0000000000002054                TEE_SetOperationKey2
                0x0000000000002148                TEE_CopyOperation
                0x00000000000021ec                TEE_DigestUpdate
                0x000000000000221c                TEE_DigestDoFinal
                0x000000000000228c                TEE_CipherInit
                0x00000000000022e2                TEE_CipherUpdate
                0x00000000000023c8                TEE_CipherDoFinal
                0x00000000000024e0                TEE_MACInit
                0x0000000000002536                TEE_MACUpdate
                0x0000000000002584                TEE_MACComputeFinal
                0x00000000000025ec                TEE_MACCompareFinal
                0x0000000000002654                TEE_AEInit
                0x00000000000026c4                TEE_AEUpdateAAD
                0x000000000000270a                TEE_AEUpdate
                0x00000000000027d8                TEE_AEEncryptFinal
                0x00000000000028ec                TEE_AEDecryptFinal
                0x00000000000029f4                TEE_AsymmetricEncrypt
                0x0000000000002ab8                TEE_AsymmetricDecrypt
                0x0000000000002b80                TEE_AsymmetricSignDigest
                0x0000000000002c3c                TEE_AsymmetricVerifyDigest
                0x0000000000002ce8                TEE_DeriveKey
                0x0000000000002da2                TEE_GenerateRandom
                0x0000000000002db4                rand
 .text          0x0000000000002dcc      0x220 /home/st/Desktop/Raspbian-optee/raspbian-optee/raspbian-tee1/raspbian-tee/optee_os/out/arm/export-ta_arm32/lib/libutee.a(user_ta_entry.o)
                0x0000000000002e60                __utee_entry
 .text          0x0000000000002fec        0x0 /home/st/Desktop/Raspbian-optee/raspbian-optee/raspbian-tee1/raspbian-tee/optee_os/out/arm/export-ta_arm32/lib/libutee.a(utee_syscalls_a32.o)
 .text.utee_panic
                0x0000000000002fec       0x14 /home/st/Desktop/Raspbian-optee/raspbian-optee/raspbian-tee1/raspbian-tee/optee_os/out/arm/export-ta_arm32/lib/libutee.a(utee_syscalls_a32.o)
                0x0000000000002fec                utee_panic
 .text.utee_return
                0x0000000000003000       0x14 /home/st/Desktop/Raspbian-optee/raspbian-optee/raspbian-tee1/raspbian-tee/optee_os/out/arm/export-ta_arm32/lib/libutee.a(utee_syscalls_a32.o)
                0x0000000000003000                utee_return
 .text.utee_log
                0x0000000000003014       0x14 /home/st/Desktop/Raspbian-optee/raspbian-optee/raspbian-tee1/raspbian-tee/optee_os/out/arm/export-ta_arm32/lib/libutee.a(utee_syscalls_a32.o)
                0x0000000000003014                utee_log
 .text.__utee_panic
                0x0000000000003028       0x14 /home/st/Desktop/Raspbian-optee/raspbian-optee/raspbian-tee1/raspbian-tee/optee_os/out/arm/export-ta_arm32/lib/libutee.a(utee_syscalls_a32.o)
                0x0000000000003028                __utee_panic
 .text.utee_get_property
                0x000000000000303c       0x18 /home/st/Desktop/Raspbian-optee/raspbian-optee/raspbian-tee1/raspbian-tee/optee_os/out/arm/export-ta_arm32/lib/libutee.a(utee_syscalls_a32.o)
                0x000000000000303c                utee_get_property
 .text.utee_get_property_name_to_index
                0x0000000000003054       0x14 /home/st/Desktop/Raspbian-optee/raspbian-optee/raspbian-tee1/raspbian-tee/optee_os/out/arm/export-ta_arm32/lib/libutee.a(utee_syscalls_a32.o)
                0x0000000000003054                utee_get_property_name_to_index
 .text.utee_open_ta_session
                0x0000000000003068       0x18 /home/st/Desktop/Raspbian-optee/raspbian-optee/raspbian-tee1/raspbian-tee/optee_os/out/arm/export-ta_arm32/lib/libutee.a(utee_syscalls_a32.o)
                0x0000000000003068                utee_open_ta_session
 .text.utee_close_ta_session
                0x0000000000003080       0x14 /home/st/Desktop/Raspbian-optee/raspbian-optee/raspbian-tee1/raspbian-tee/optee_os/out/arm/export-ta_arm32/lib/libutee.a(utee_syscalls_a32.o)
                0x0000000000003080                utee_close_ta_session
 .text.utee_invoke_ta_command
                0x0000000000003094       0x18 /home/st/Desktop/Raspbian-optee/raspbian-optee/raspbian-tee1/raspbian-tee/optee_os/out/arm/export-ta_arm32/lib/libutee.a(utee_syscalls_a32.o)
                0x0000000000003094                utee_invoke_ta_command
 .text.utee_get_cancellation_flag
                0x00000000000030ac       0x14 /home/st/Desktop/Raspbian-optee/raspbian-optee/raspbian-tee1/raspbian-tee/optee_os/out/arm/export-ta_arm32/lib/libutee.a(utee_syscalls_a32.o)
                0x00000000000030ac                utee_get_cancellation_flag
 .text.utee_check_access_rights
                0x00000000000030c0       0x14 /home/st/Desktop/Raspbian-optee/raspbian-optee/raspbian-tee1/raspbian-tee/optee_os/out/arm/export-ta_arm32/lib/libutee.a(utee_syscalls_a32.o)
                0x00000000000030c0                utee_check_access_rights
 .text.utee_unmask_cancellation
                0x00000000000030d4       0x14 /home/st/Desktop/Raspbian-optee/raspbian-optee/raspbian-tee1/raspbian-tee/optee_os/out/arm/export-ta_arm32/lib/libutee.a(utee_syscalls_a32.o)
                0x00000000000030d4                utee_unmask_cancellation
 .text.utee_mask_cancellation
                0x00000000000030e8       0x14 /home/st/Desktop/Raspbian-optee/raspbian-optee/raspbian-tee1/raspbian-tee/optee_os/out/arm/export-ta_arm32/lib/libutee.a(utee_syscalls_a32.o)
                0x00000000000030e8                utee_mask_cancellation
 .text.utee_wait
                0x00000000000030fc       0x14 /home/st/Desktop/Raspbian-optee/raspbian-optee/raspbian-tee1/raspbian-tee/optee_os/out/arm/export-ta_arm32/lib/libutee.a(utee_syscalls_a32.o)
                0x00000000000030fc                utee_wait
 .text.utee_get_time
                0x0000000000003110       0x14 /home/st/Desktop/Raspbian-optee/raspbian-optee/raspbian-tee1/raspbian-tee/optee_os/out/arm/export-ta_arm32/lib/libutee.a(utee_syscalls_a32.o)
                0x0000000000003110                utee_get_time
 .text.utee_set_ta_time
                0x0000000000003124       0x14 /home/st/Desktop/Raspbian-optee/raspbian-optee/raspbian-tee1/raspbian-tee/optee_os/out/arm/export-ta_arm32/lib/libutee.a(utee_syscalls_a32.o)
                0x0000000000003124                utee_set_ta_time
 .text.utee_cryp_state_alloc
                0x0000000000003138       0x18 /home/st/Desktop/Raspbian-optee/raspbian-optee/raspbian-tee1/raspbian-tee/optee_os/out/arm/export-ta_arm32/lib/libutee.a(utee_syscalls_a32.o)
                0x0000000000003138                utee_cryp_state_alloc
 .text.utee_cryp_state_copy
                0x0000000000003150       0x14 /home/st/Desktop/Raspbian-optee/raspbian-optee/raspbian-tee1/raspbian-tee/optee_os/out/arm/export-ta_arm32/lib/libutee.a(utee_syscalls_a32.o)
                0x0000000000003150                utee_cryp_state_copy
 .text.utee_cryp_state_free
                0x0000000000003164       0x14 /home/st/Desktop/Raspbian-optee/raspbian-optee/raspbian-tee1/raspbian-tee/optee_os/out/arm/export-ta_arm32/lib/libutee.a(utee_syscalls_a32.o)
                0x0000000000003164                utee_cryp_state_free
 .text.utee_hash_init
                0x0000000000003178       0x14 /home/st/Desktop/Raspbian-optee/raspbian-optee/raspbian-tee1/raspbian-tee/optee_os/out/arm/export-ta_arm32/lib/libutee.a(utee_syscalls_a32.o)
                0x0000000000003178                utee_hash_init
 .text.utee_hash_update
                0x000000000000318c       0x14 /home/st/Desktop/Raspbian-optee/raspbian-optee/raspbian-tee1/raspbian-tee/optee_os/out/arm/export-ta_arm32/lib/libutee.a(utee_syscalls_a32.o)
                0x000000000000318c                utee_hash_update
 .text.utee_hash_final
                0x00000000000031a0       0x18 /home/st/Desktop/Raspbian-optee/raspbian-optee/raspbian-tee1/raspbian-tee/optee_os/out/arm/export-ta_arm32/lib/libutee.a(utee_syscalls_a32.o)
                0x00000000000031a0                utee_hash_final
 .text.utee_cipher_init
                0x00000000000031b8       0x14 /home/st/Desktop/Raspbian-optee/raspbian-optee/raspbian-tee1/raspbian-tee/optee_os/out/arm/export-ta_arm32/lib/libutee.a(utee_syscalls_a32.o)
                0x00000000000031b8                utee_cipher_init
 .text.utee_cipher_update
                0x00000000000031cc       0x18 /home/st/Desktop/Raspbian-optee/raspbian-optee/raspbian-tee1/raspbian-tee/optee_os/out/arm/export-ta_arm32/lib/libutee.a(utee_syscalls_a32.o)
                0x00000000000031cc                utee_cipher_update
 .text.utee_cipher_final
                0x00000000000031e4       0x18 /home/st/Desktop/Raspbian-optee/raspbian-optee/raspbian-tee1/raspbian-tee/optee_os/out/arm/export-ta_arm32/lib/libutee.a(utee_syscalls_a32.o)
                0x00000000000031e4                utee_cipher_final
 .text.utee_cryp_obj_get_info
                0x00000000000031fc       0x14 /home/st/Desktop/Raspbian-optee/raspbian-optee/raspbian-tee1/raspbian-tee/optee_os/out/arm/export-ta_arm32/lib/libutee.a(utee_syscalls_a32.o)
                0x00000000000031fc                utee_cryp_obj_get_info
 .text.utee_cryp_obj_restrict_usage
                0x0000000000003210       0x14 /home/st/Desktop/Raspbian-optee/raspbian-optee/raspbian-tee1/raspbian-tee/optee_os/out/arm/export-ta_arm32/lib/libutee.a(utee_syscalls_a32.o)
                0x0000000000003210                utee_cryp_obj_restrict_usage
 .text.utee_cryp_obj_get_attr
                0x0000000000003224       0x14 /home/st/Desktop/Raspbian-optee/raspbian-optee/raspbian-tee1/raspbian-tee/optee_os/out/arm/export-ta_arm32/lib/libutee.a(utee_syscalls_a32.o)
                0x0000000000003224                utee_cryp_obj_get_attr
 .text.utee_cryp_obj_alloc
                0x0000000000003238       0x14 /home/st/Desktop/Raspbian-optee/raspbian-optee/raspbian-tee1/raspbian-tee/optee_os/out/arm/export-ta_arm32/lib/libutee.a(utee_syscalls_a32.o)
                0x0000000000003238                utee_cryp_obj_alloc
 .text.utee_cryp_obj_close
                0x000000000000324c       0x14 /home/st/Desktop/Raspbian-optee/raspbian-optee/raspbian-tee1/raspbian-tee/optee_os/out/arm/export-ta_arm32/lib/libutee.a(utee_syscalls_a32.o)
                0x000000000000324c                utee_cryp_obj_close
 .text.utee_cryp_obj_reset
                0x0000000000003260       0x14 /home/st/Desktop/Raspbian-optee/raspbian-optee/raspbian-tee1/raspbian-tee/optee_os/out/arm/export-ta_arm32/lib/libutee.a(utee_syscalls_a32.o)
                0x0000000000003260                utee_cryp_obj_reset
 .text.utee_cryp_obj_populate
                0x0000000000003274       0x14 /home/st/Desktop/Raspbian-optee/raspbian-optee/raspbian-tee1/raspbian-tee/optee_os/out/arm/export-ta_arm32/lib/libutee.a(utee_syscalls_a32.o)
                0x0000000000003274                utee_cryp_obj_populate
 .text.utee_cryp_obj_copy
                0x0000000000003288       0x14 /home/st/Desktop/Raspbian-optee/raspbian-optee/raspbian-tee1/raspbian-tee/optee_os/out/arm/export-ta_arm32/lib/libutee.a(utee_syscalls_a32.o)
                0x0000000000003288                utee_cryp_obj_copy
 .text.utee_cryp_derive_key
                0x000000000000329c       0x14 /home/st/Desktop/Raspbian-optee/raspbian-optee/raspbian-tee1/raspbian-tee/optee_os/out/arm/export-ta_arm32/lib/libutee.a(utee_syscalls_a32.o)
                0x000000000000329c                utee_cryp_derive_key
 .text.utee_cryp_random_number_generate
                0x00000000000032b0       0x14 /home/st/Desktop/Raspbian-optee/raspbian-optee/raspbian-tee1/raspbian-tee/optee_os/out/arm/export-ta_arm32/lib/libutee.a(utee_syscalls_a32.o)
                0x00000000000032b0                utee_cryp_random_number_generate
 .text.utee_authenc_init
                0x00000000000032c4       0x18 /home/st/Desktop/Raspbian-optee/raspbian-optee/raspbian-tee1/raspbian-tee/optee_os/out/arm/export-ta_arm32/lib/libutee.a(utee_syscalls_a32.o)
                0x00000000000032c4                utee_authenc_init
 .text.utee_authenc_update_aad
                0x00000000000032dc       0x14 /home/st/Desktop/Raspbian-optee/raspbian-optee/raspbian-tee1/raspbian-tee/optee_os/out/arm/export-ta_arm32/lib/libutee.a(utee_syscalls_a32.o)
                0x00000000000032dc                utee_authenc_update_aad
 .text.utee_authenc_update_payload
                0x00000000000032f0       0x18 /home/st/Desktop/Raspbian-optee/raspbian-optee/raspbian-tee1/raspbian-tee/optee_os/out/arm/export-ta_arm32/lib/libutee.a(utee_syscalls_a32.o)
                0x00000000000032f0                utee_authenc_update_payload
 .text.utee_authenc_enc_final
                0x0000000000003308       0x18 /home/st/Desktop/Raspbian-optee/raspbian-optee/raspbian-tee1/raspbian-tee/optee_os/out/arm/export-ta_arm32/lib/libutee.a(utee_syscalls_a32.o)
                0x0000000000003308                utee_authenc_enc_final
 .text.utee_authenc_dec_final
                0x0000000000003320       0x18 /home/st/Desktop/Raspbian-optee/raspbian-optee/raspbian-tee1/raspbian-tee/optee_os/out/arm/export-ta_arm32/lib/libutee.a(utee_syscalls_a32.o)
                0x0000000000003320                utee_authenc_dec_final
 .text.utee_asymm_operate
                0x0000000000003338       0x18 /home/st/Desktop/Raspbian-optee/raspbian-optee/raspbian-tee1/raspbian-tee/optee_os/out/arm/export-ta_arm32/lib/libutee.a(utee_syscalls_a32.o)
                0x0000000000003338                utee_asymm_operate
 .text.utee_asymm_verify
                0x0000000000003350       0x18 /home/st/Desktop/Raspbian-optee/raspbian-optee/raspbian-tee1/raspbian-tee/optee_os/out/arm/export-ta_arm32/lib/libutee.a(utee_syscalls_a32.o)
                0x0000000000003350                utee_asymm_verify
 .text.utee_storage_obj_open
                0x0000000000003368       0x18 /home/st/Desktop/Raspbian-optee/raspbian-optee/raspbian-tee1/raspbian-tee/optee_os/out/arm/export-ta_arm32/lib/libutee.a(utee_syscalls_a32.o)
                0x0000000000003368                utee_storage_obj_open
 .text.utee_storage_obj_create
                0x0000000000003380       0x18 /home/st/Desktop/Raspbian-optee/raspbian-optee/raspbian-tee1/raspbian-tee/optee_os/out/arm/export-ta_arm32/lib/libutee.a(utee_syscalls_a32.o)
                0x0000000000003380                utee_storage_obj_create
 .text.utee_storage_obj_del
                0x0000000000003398       0x14 /home/st/Desktop/Raspbian-optee/raspbian-optee/raspbian-tee1/raspbian-tee/optee_os/out/arm/export-ta_arm32/lib/libutee.a(utee_syscalls_a32.o)
                0x0000000000003398                utee_storage_obj_del
 .text.utee_storage_obj_rename
                0x00000000000033ac       0x14 /home/st/Desktop/Raspbian-optee/raspbian-optee/raspbian-tee1/raspbian-tee/optee_os/out/arm/export-ta_arm32/lib/libutee.a(utee_syscalls_a32.o)
                0x00000000000033ac                utee_storage_obj_rename
 .text.utee_storage_alloc_enum
                0x00000000000033c0       0x14 /home/st/Desktop/Raspbian-optee/raspbian-optee/raspbian-tee1/raspbian-tee/optee_os/out/arm/export-ta_arm32/lib/libutee.a(utee_syscalls_a32.o)
                0x00000000000033c0                utee_storage_alloc_enum
 .text.utee_storage_free_enum
                0x00000000000033d4       0x14 /home/st/Desktop/Raspbian-optee/raspbian-optee/raspbian-tee1/raspbian-tee/optee_os/out/arm/export-ta_arm32/lib/libutee.a(utee_syscalls_a32.o)
                0x00000000000033d4                utee_storage_free_enum
 .text.utee_storage_reset_enum
                0x00000000000033e8       0x14 /home/st/Desktop/Raspbian-optee/raspbian-optee/raspbian-tee1/raspbian-tee/optee_os/out/arm/export-ta_arm32/lib/libutee.a(utee_syscalls_a32.o)
                0x00000000000033e8                utee_storage_reset_enum
 .text.utee_storage_start_enum
                0x00000000000033fc       0x14 /home/st/Desktop/Raspbian-optee/raspbian-optee/raspbian-tee1/raspbian-tee/optee_os/out/arm/export-ta_arm32/lib/libutee.a(utee_syscalls_a32.o)
                0x00000000000033fc                utee_storage_start_enum
 .text.utee_storage_next_enum
                0x0000000000003410       0x14 /home/st/Desktop/Raspbian-optee/raspbian-optee/raspbian-tee1/raspbian-tee/optee_os/out/arm/export-ta_arm32/lib/libutee.a(utee_syscalls_a32.o)
                0x0000000000003410                utee_storage_next_enum
 .text.utee_storage_obj_read
                0x0000000000003424       0x14 /home/st/Desktop/Raspbian-optee/raspbian-optee/raspbian-tee1/raspbian-tee/optee_os/out/arm/export-ta_arm32/lib/libutee.a(utee_syscalls_a32.o)
                0x0000000000003424                utee_storage_obj_read
 .text.utee_storage_obj_write
                0x0000000000003438       0x14 /home/st/Desktop/Raspbian-optee/raspbian-optee/raspbian-tee1/raspbian-tee/optee_os/out/arm/export-ta_arm32/lib/libutee.a(utee_syscalls_a32.o)
                0x0000000000003438                utee_storage_obj_write
 .text.utee_storage_obj_trunc
                0x000000000000344c       0x14 /home/st/Desktop/Raspbian-optee/raspbian-optee/raspbian-tee1/raspbian-tee/optee_os/out/arm/export-ta_arm32/lib/libutee.a(utee_syscalls_a32.o)
                0x000000000000344c                utee_storage_obj_trunc
 .text.utee_storage_obj_seek
                0x0000000000003460       0x14 /home/st/Desktop/Raspbian-optee/raspbian-optee/raspbian-tee1/raspbian-tee/optee_os/out/arm/export-ta_arm32/lib/libutee.a(utee_syscalls_a32.o)
                0x0000000000003460                utee_storage_obj_seek
 .text.utee_cryp_obj_generate_key
                0x0000000000003474       0x14 /home/st/Desktop/Raspbian-optee/raspbian-optee/raspbian-tee1/raspbian-tee/optee_os/out/arm/export-ta_arm32/lib/libutee.a(utee_syscalls_a32.o)
                0x0000000000003474                utee_cryp_obj_generate_key
 .text.utee_cache_operation
                0x0000000000003488       0x14 /home/st/Desktop/Raspbian-optee/raspbian-optee/raspbian-tee1/raspbian-tee/optee_os/out/arm/export-ta_arm32/lib/libutee.a(utee_syscalls_a32.o)
                0x0000000000003488                utee_cache_operation
 .text.__utee_mcount
                0x000000000000349c        0xc /home/st/Desktop/Raspbian-optee/raspbian-optee/raspbian-tee1/raspbian-tee/optee_os/out/arm/export-ta_arm32/lib/libutee.a(gprof_a32.o)
                0x000000000000349c                __utee_mcount
 .text          0x00000000000034a8     0x1044 /home/st/Desktop/Raspbian-optee/raspbian-optee/raspbian-tee1/raspbian-tee/optee_os/out/arm/export-ta_arm32/lib/libutee.a(tee_api_arith_mpi.o)
                0x0000000000003a7c                _TEE_MathAPI_Init
                0x0000000000003ac0                TEE_BigIntInit
                0x0000000000003b00                TEE_BigIntConvertFromOctetString
                0x0000000000003b40                TEE_BigIntConvertToOctetString
                0x0000000000003b98                TEE_BigIntConvertFromS32
                0x0000000000003bd0                TEE_BigIntConvertToS32
                0x0000000000003c2c                TEE_BigIntCmp
                0x0000000000003c62                TEE_BigIntCmpS32
                0x0000000000003d70                TEE_BigIntShiftRight
                0x0000000000003e64                TEE_BigIntGetBit
                0x0000000000003e8e                TEE_BigIntGetBitCount
                0x0000000000003eb0                TEE_BigIntAdd
                0x0000000000003ecc                TEE_BigIntSub
                0x0000000000003ee8                TEE_BigIntNeg
                0x0000000000003f40                TEE_BigIntMul
                0x0000000000003fe8                TEE_BigIntSquare
                0x0000000000003fee                TEE_BigIntDiv
                0x000000000000409c                TEE_BigIntMod
                0x00000000000040ec                TEE_BigIntAddMod
                0x0000000000004108                TEE_BigIntSubMod
                0x0000000000004124                TEE_BigIntMulMod
                0x0000000000004140                TEE_BigIntSquareMod
                0x0000000000004148                TEE_BigIntInvMod
                0x00000000000041ec                TEE_BigIntRelativePrime
                0x0000000000004268                TEE_BigIntComputeExtendedGcd
                0x00000000000043bc                TEE_BigIntIsProbablePrime
                0x00000000000043ec                TEE_BigIntInitFMM
                0x00000000000043f0                TEE_BigIntInitFMMContext
                0x00000000000043f2                TEE_BigIntFMMSizeInU32
                0x00000000000043fa                TEE_BigIntFMMContextSizeInU32
                0x00000000000043fe                TEE_BigIntConvertToFMM
                0x0000000000004402                TEE_BigIntConvertFromFMM
                0x000000000000444c                TEE_BigIntComputeFMM
 .text          0x00000000000044ec     0x27ac /home/st/Desktop/Raspbian-optee/raspbian-optee/raspbian-tee1/raspbian-tee/optee_os/out/arm/export-ta_arm32/lib/libmbedtls.a(bignum.o)
                0x0000000000004a7a                mbedtls_mpi_init
                0x0000000000004a88                mbedtls_mpi_init_mempool
                0x0000000000004aac                mbedtls_mpi_init_static
                0x0000000000004abe                mbedtls_mpi_free
                0x0000000000004b08                mbedtls_mpi_grow
                0x0000000000004bb0                mbedtls_mpi_shrink
                0x0000000000004c70                mbedtls_mpi_copy
                0x0000000000004cc6                mbedtls_mpi_swap
                0x0000000000004cf4                mbedtls_mpi_safe_cond_assign
                0x0000000000004d60                mbedtls_mpi_safe_cond_swap
                0x0000000000004de8                mbedtls_mpi_lset
                0x0000000000004e20                mbedtls_mpi_get_bit
                0x0000000000004e42                mbedtls_mpi_set_bit
                0x0000000000004e94                mbedtls_mpi_lsb
                0x0000000000004ec6                mbedtls_mpi_bitlen
                0x0000000000004efc                mbedtls_mpi_size
                0x0000000000004f08                mbedtls_mpi_read_binary
                0x0000000000004f6e                mbedtls_mpi_write_binary
                0x0000000000004fb4                mbedtls_mpi_shift_l
                0x000000000000504c                mbedtls_mpi_shift_r
                0x00000000000050c4                mbedtls_mpi_cmp_abs
                0x0000000000005126                mbedtls_mpi_cmp_mpi
                0x00000000000051ae                mbedtls_mpi_cmp_int
                0x00000000000051de                mbedtls_mpi_add_abs
                0x0000000000005290                mbedtls_mpi_sub_abs
                0x000000000000530a                mbedtls_mpi_add_mpi
                0x0000000000005352                mbedtls_mpi_sub_mpi
                0x000000000000539e                mbedtls_mpi_add_int
                0x00000000000053ce                mbedtls_mpi_sub_int
                0x00000000000053fe                mbedtls_mpi_mul_mpi
                0x00000000000054cc                mbedtls_mpi_mul_int
                0x00000000000054ea                mbedtls_mpi_read_string
                0x0000000000005610                mbedtls_mpi_div_mpi
                0x00000000000059a8                mbedtls_mpi_div_int
                0x00000000000059d6                mbedtls_mpi_mod_mpi
                0x0000000000005a3a                mbedtls_mpi_mod_int
                0x0000000000005ae2                mbedtls_mpi_write_string
                0x0000000000005c48                mbedtls_mpi_montg_init
                0x0000000000005c70                mbedtls_mpi_montmul
                0x0000000000005d34                mbedtls_mpi_montred
                0x0000000000005d58                mbedtls_mpi_exp_mod
                0x00000000000061a8                mbedtls_mpi_gcd
                0x00000000000062ba                mbedtls_mpi_fill_random
                0x0000000000006508                mbedtls_mpi_inv_mod
                0x0000000000006806                mbedtls_mpi_is_prime
                0x0000000000006862                mbedtls_mpi_gen_prime
                0x000000000000699c                mbedtls_mpi_self_test
 .text          0x0000000000006c98      0xbf0 /home/st/Desktop/Raspbian-optee/raspbian-optee/raspbian-tee1/raspbian-tee/optee_os/out/arm/export-ta_arm32/lib/libutils.a(bget_malloc.o)
                0x0000000000006da0                bget
                0x0000000000006ed4                bgetz
                0x0000000000006f30                brel
                0x0000000000007128                bgetr
                0x00000000000071a4                bpool
                0x0000000000007240                bstats
                0x00000000000072a4                malloc_reset_stats
                0x00000000000072b8                malloc_get_stats
                0x00000000000072d8                malloc
                0x0000000000007310                free
                0x0000000000007320                calloc
                0x0000000000007368                realloc
                0x00000000000073a0                memalign
                0x0000000000007684                malloc_add_pool
                0x0000000000007758                malloc_buffer_is_within_alloced
                0x0000000000007834                malloc_buffer_overlaps_heap
 .text          0x0000000000007888      0x104 /home/st/Desktop/Raspbian-optee/raspbian-optee/raspbian-tee1/raspbian-tee/optee_os/out/arm/export-ta_arm32/lib/libutils.a(mempool.o)
                0x0000000000007888                mempool_alloc_pool
                0x00000000000078cc                mempool_alloc
                0x0000000000007938                mempool_calloc
                0x000000000000795c                mempool_free
 .text          0x000000000000798c       0x38 /home/st/Desktop/Raspbian-optee/raspbian-optee/raspbian-tee1/raspbian-tee/optee_os/out/arm/export-ta_arm32/lib/libutee.a(assert.o)
                0x000000000000798c                _assert_log
                0x00000000000079b4                _assert_break
 .text          0x00000000000079c4        0x4 ./user_ta_header.o
                0x00000000000079c4                tahead_get_trace_level
 .text          0x00000000000079c8       0x2c /home/st/Desktop/Raspbian-optee/raspbian-optee/raspbian-tee1/raspbian-tee/optee_os/out/arm/export-ta_arm32/lib/libutils.a(snprintf.o)
                0x00000000000079c8                snprintf
                0x00000000000079e6                vsnprintf
 .text          0x00000000000079f4        0x6 /home/st/Desktop/Raspbian-optee/raspbian-optee/raspbian-tee1/raspbian-tee/optee_os/out/arm/export-ta_arm32/lib/libutils.a(aeabi_unwind.o)
                0x00000000000079f4                __aeabi_unwind_cpp_pr0
                0x00000000000079f6                __aeabi_unwind_cpp_pr1
                0x00000000000079f8                __aeabi_unwind_cpp_pr2
 .text          0x00000000000079fa       0x1c /home/st/Desktop/Raspbian-optee/raspbian-optee/raspbian-tee1/raspbian-tee/optee_os/out/arm/export-ta_arm32/lib/libutils.a(memchr.o)
                0x00000000000079fa                memchr
 .text          0x0000000000007a16       0x10 /home/st/Desktop/Raspbian-optee/raspbian-optee/raspbian-tee1/raspbian-tee/optee_os/out/arm/export-ta_arm32/lib/libutils.a(strlen.o)
                0x0000000000007a16                strlen
 .text          0x0000000000007a26      0x17c /home/st/Desktop/Raspbian-optee/raspbian-optee/raspbian-tee1/raspbian-tee/optee_os/out/arm/export-ta_arm32/lib/libutils.a(arm32_aeabi_ldivmod.o)
                0x0000000000007a26                __ul_divmod
                0x0000000000007aa2                __l_divmod
 .text          0x0000000000007ba2        0x4 /home/st/Desktop/Raspbian-optee/raspbian-optee/raspbian-tee1/raspbian-tee/optee_os/out/arm/export-ta_arm32/lib/libutee.a(tee_api_panic.o)
                0x0000000000007ba2                TEE_Panic
 .text          0x0000000000007ba6       0x1c /home/st/Desktop/Raspbian-optee/raspbian-optee/raspbian-tee1/raspbian-tee/optee_os/out/arm/export-ta_arm32/lib/libutils.a(memcmp.o)
                0x0000000000007ba6                memcmp
 .text          0x0000000000007bc2       0x16 /home/st/Desktop/Raspbian-optee/raspbian-optee/raspbian-tee1/raspbian-tee/optee_os/out/arm/export-ta_arm32/lib/libutils.a(memcpy.o)
                0x0000000000007bc2                memcpy
 .text          0x0000000000007bd8       0x34 /home/st/Desktop/Raspbian-optee/raspbian-optee/raspbian-tee1/raspbian-tee/optee_os/out/arm/export-ta_arm32/lib/libutils.a(memmove.o)
                0x0000000000007bd8                memmove
 .text          0x0000000000007c0c       0x10 /home/st/Desktop/Raspbian-optee/raspbian-optee/raspbian-tee1/raspbian-tee/optee_os/out/arm/export-ta_arm32/lib/libutils.a(memset.o)
                0x0000000000007c0c                memset
 .text          0x0000000000007c1c       0x2c /home/st/Desktop/Raspbian-optee/raspbian-optee/raspbian-tee1/raspbian-tee/optee_os/out/arm/export-ta_arm32/lib/libutils.a(buf_compare_ct.o)
                0x0000000000007c1c                buf_compare_ct
 .text          0x0000000000007c48        0x0 /home/st/Desktop/Raspbian-optee/raspbian-optee/raspbian-tee1/raspbian-tee/optee_os/out/arm/export-ta_arm32/lib/libutils.a(arm32_aeabi_ldivmod_a32.o)
 .text          0x0000000000007c48        0x0 /home/st/Desktop/Raspbian-optee/raspbian-optee/raspbian-tee1/raspbian-tee/optee_os/out/arm/export-ta_arm32/lib/libutee.a(gprof_a32.o)
 .text.__stub   0x0000000000007c48       0x40 linker stubs
 *(SORT_BY_ALIGNMENT(.stub))
 *(SORT_BY_ALIGNMENT(.glue_7))
 .glue_7        0x0000000000007c88        0x0 linker stubs
 *(SORT_BY_ALIGNMENT(.glue_7t))
 .glue_7t       0x0000000000007c88        0x0 linker stubs
 *(SORT_BY_ALIGNMENT(.gnu.linkonce.t.*))
 *(SORT_BY_ALIGNMENT(.vfp11_veneer))
 .vfp11_veneer  0x0000000000007c88        0x0 linker stubs
                [!provide]                        PROVIDE (__gnu_mcount_nc = __utee_mcount)
                0x0000000000007c88                __text_end = .

.v4_bx          0x0000000000007c88        0x0
 .v4_bx         0x0000000000007c88        0x0 linker stubs

.iplt           0x0000000000007c88        0x0
 .iplt          0x0000000000007c88        0x0 ./Lab_TA.o

.plt            0x0000000000007c88        0x0
 *(SORT_BY_ALIGNMENT(.plt))
 .plt           0x0000000000007c88        0x0 ./Lab_TA.o

.eh_frame
 *(SORT_BY_ALIGNMENT(.eh_frame))

.rodata         0x0000000000007c88     0x11c6
 *(SORT_BY_ALIGNMENT(.gnu.linkonce.r.*))
 *(SORT_BY_ALIGNMENT(.rodata) SORT_BY_ALIGNMENT(.rodata.*))
 .rodata.Lab_TA.c
                0x0000000000007c88       0x47 ./Lab_TA.o
 *fill*         0x0000000000007ccf        0x1 
 .rodata.user_ta_header.c
                0x0000000000007cd0       0x1b ./user_ta_header.o
                0x0000000000007cd0                ta_num_props
                0x0000000000007ce4                ta_heap_size
                0x0000000000007ce8                trace_ext_prefix
 *fill*         0x0000000000007ceb        0x1 
 .rodata.lib/libmbedtls/mbedtls/library/bignum.c
                0x0000000000007cec      0x2c4 /home/st/Desktop/Raspbian-optee/raspbian-optee/raspbian-tee1/raspbian-tee/optee_os/out/arm/export-ta_arm32/lib/libmbedtls.a(bignum.o)
 .rodata.str1.1.Lab_TA.c
                0x0000000000007fb0      0x179 ./Lab_TA.o
 .rodata.str1.1.user_ta_header.c
                0x0000000000008129      0x100 ./user_ta_header.o
 .rodata.str1.1.lib/libutils/ext/snprintk.c
                0x0000000000008229       0x38 /home/st/Desktop/Raspbian-optee/raspbian-optee/raspbian-tee1/raspbian-tee/optee_os/out/arm/export-ta_arm32/lib/libutils.a(snprintk.o)
 .rodata.lib/libutils/ext/snprintk.c
                0x0000000000008261       0x22 /home/st/Desktop/Raspbian-optee/raspbian-optee/raspbian-tee1/raspbian-tee/optee_os/out/arm/export-ta_arm32/lib/libutils.a(snprintk.o)
 .rodata.str1.1.lib/libutils/ext/trace.c
                0x0000000000008283       0x1a /home/st/Desktop/Raspbian-optee/raspbian-optee/raspbian-tee1/raspbian-tee/optee_os/out/arm/export-ta_arm32/lib/libutils.a(trace.o)
                                         0x1b (size before relaxing)
 .rodata.lib/libutils/ext/trace.c
                0x000000000000829d        0x5 /home/st/Desktop/Raspbian-optee/raspbian-optee/raspbian-tee1/raspbian-tee/optee_os/out/arm/export-ta_arm32/lib/libutils.a(trace.o)
 .rodata.str1.1.lib/libutee/trace_ext.c
                0x00000000000082a2       0x1a /home/st/Desktop/Raspbian-optee/raspbian-optee/raspbian-tee1/raspbian-tee/optee_os/out/arm/export-ta_arm32/lib/libutee.a(trace_ext.o)
                                          0x2 (size before relaxing)
 .rodata.str1.1.lib/libutee/tee_api.c
                0x00000000000082a2       0x11 /home/st/Desktop/Raspbian-optee/raspbian-optee/raspbian-tee1/raspbian-tee/optee_os/out/arm/export-ta_arm32/lib/libutee.a(tee_api.o)
 .rodata.lib/libutee/tee_api.c
                0x00000000000082b3        0xb /home/st/Desktop/Raspbian-optee/raspbian-optee/raspbian-tee1/raspbian-tee/optee_os/out/arm/export-ta_arm32/lib/libutee.a(tee_api.o)
 .rodata.str1.1.lib/libutee/tee_api_arith_mpi.c
                0x00000000000082be       0xb7 /home/st/Desktop/Raspbian-optee/raspbian-optee/raspbian-tee1/raspbian-tee/optee_os/out/arm/export-ta_arm32/lib/libutee.a(tee_api_arith_mpi.o)
 .rodata.lib/libutee/tee_api_arith_mpi.c
                0x0000000000008375      0x143 /home/st/Desktop/Raspbian-optee/raspbian-optee/raspbian-tee1/raspbian-tee/optee_os/out/arm/export-ta_arm32/lib/libutee.a(tee_api_arith_mpi.o)
 .rodata.str1.1.lib/libmbedtls/mbedtls/library/bignum.c
                0x00000000000084b8      0x45d /home/st/Desktop/Raspbian-optee/raspbian-optee/raspbian-tee1/raspbian-tee/optee_os/out/arm/export-ta_arm32/lib/libmbedtls.a(bignum.o)
 .rodata.str1.1.lib/libutils/isoc/bget_malloc.c
                0x0000000000008915      0x3f0 /home/st/Desktop/Raspbian-optee/raspbian-optee/raspbian-tee1/raspbian-tee/optee_os/out/arm/export-ta_arm32/lib/libutils.a(bget_malloc.o)
                                        0x3f9 (size before relaxing)
 .rodata.lib/libutils/isoc/bget_malloc.c
                0x0000000000008d05       0x8a /home/st/Desktop/Raspbian-optee/raspbian-optee/raspbian-tee1/raspbian-tee/optee_os/out/arm/export-ta_arm32/lib/libutils.a(bget_malloc.o)
 .rodata.str1.1.lib/libutils/ext/mempool.c
                0x0000000000008d8f       0x77 /home/st/Desktop/Raspbian-optee/raspbian-optee/raspbian-tee1/raspbian-tee/optee_os/out/arm/export-ta_arm32/lib/libutils.a(mempool.o)
 .rodata.lib/libutils/ext/mempool.c
                0x0000000000008e06       0x21 /home/st/Desktop/Raspbian-optee/raspbian-optee/raspbian-tee1/raspbian-tee/optee_os/out/arm/export-ta_arm32/lib/libutils.a(mempool.o)
 .rodata.str1.1.lib/libutee/assert.c
                0x0000000000008e27       0x27 /home/st/Desktop/Raspbian-optee/raspbian-optee/raspbian-tee1/raspbian-tee/optee_os/out/arm/export-ta_arm32/lib/libutee.a(assert.o)

.ARM.extab      0x0000000000008e50       0xf0
 .ARM.extab     0x0000000000008e50        0x0 ./Lab_TA.o
 .ARM.extab     0x0000000000008e50        0x0 ./user_ta_header.o
 .ARM.extab     0x0000000000008e50        0xc /home/st/Desktop/Raspbian-optee/raspbian-optee/raspbian-tee1/raspbian-tee/optee_os/out/arm/export-ta_arm32/lib/libutils.a(snprintf.o)
 .ARM.extab     0x0000000000008e5c        0xc /home/st/Desktop/Raspbian-optee/raspbian-optee/raspbian-tee1/raspbian-tee/optee_os/out/arm/export-ta_arm32/lib/libutils.a(snprintk.o)
 .ARM.extab     0x0000000000008e68        0x0 /home/st/Desktop/Raspbian-optee/raspbian-optee/raspbian-tee1/raspbian-tee/optee_os/out/arm/export-ta_arm32/lib/libutils.a(trace.o)
 .ARM.extab     0x0000000000008e68        0x0 /home/st/Desktop/Raspbian-optee/raspbian-optee/raspbian-tee1/raspbian-tee/optee_os/out/arm/export-ta_arm32/lib/libutils.a(aeabi_unwind.o)
 .ARM.extab     0x0000000000008e68        0x0 /home/st/Desktop/Raspbian-optee/raspbian-optee/raspbian-tee1/raspbian-tee/optee_os/out/arm/export-ta_arm32/lib/libutils.a(memchr.o)
 .ARM.extab     0x0000000000008e68        0x0 /home/st/Desktop/Raspbian-optee/raspbian-optee/raspbian-tee1/raspbian-tee/optee_os/out/arm/export-ta_arm32/lib/libutils.a(strlen.o)
 .ARM.extab     0x0000000000008e68        0x0 /home/st/Desktop/Raspbian-optee/raspbian-optee/raspbian-tee1/raspbian-tee/optee_os/out/arm/export-ta_arm32/lib/libutils.a(arm32_aeabi_ldivmod.o)
 .ARM.extab     0x0000000000008e68        0xc /home/st/Desktop/Raspbian-optee/raspbian-optee/raspbian-tee1/raspbian-tee/optee_os/out/arm/export-ta_arm32/lib/libutee.a(trace_ext.o)
 .ARM.extab     0x0000000000008e74       0x24 /home/st/Desktop/Raspbian-optee/raspbian-optee/raspbian-tee1/raspbian-tee/optee_os/out/arm/export-ta_arm32/lib/libutee.a(tee_api.o)
 .ARM.extab     0x0000000000008e98       0x30 /home/st/Desktop/Raspbian-optee/raspbian-optee/raspbian-tee1/raspbian-tee/optee_os/out/arm/export-ta_arm32/lib/libutee.a(tee_api_objects.o)
 .ARM.extab     0x0000000000008ec8        0xc /home/st/Desktop/Raspbian-optee/raspbian-optee/raspbian-tee1/raspbian-tee/optee_os/out/arm/export-ta_arm32/lib/libutee.a(tee_api_operations.o)
 .ARM.extab     0x0000000000008ed4        0x0 /home/st/Desktop/Raspbian-optee/raspbian-optee/raspbian-tee1/raspbian-tee/optee_os/out/arm/export-ta_arm32/lib/libutee.a(tee_api_panic.o)
 .ARM.extab     0x0000000000008ed4        0x0 /home/st/Desktop/Raspbian-optee/raspbian-optee/raspbian-tee1/raspbian-tee/optee_os/out/arm/export-ta_arm32/lib/libutee.a(user_ta_entry.o)
 .ARM.extab     0x0000000000008ed4       0x30 /home/st/Desktop/Raspbian-optee/raspbian-optee/raspbian-tee1/raspbian-tee/optee_os/out/arm/export-ta_arm32/lib/libutee.a(tee_api_arith_mpi.o)
 .ARM.extab     0x0000000000008f04       0x24 /home/st/Desktop/Raspbian-optee/raspbian-optee/raspbian-tee1/raspbian-tee/optee_os/out/arm/export-ta_arm32/lib/libmbedtls.a(bignum.o)
 .ARM.extab     0x0000000000008f28        0xc /home/st/Desktop/Raspbian-optee/raspbian-optee/raspbian-tee1/raspbian-tee/optee_os/out/arm/export-ta_arm32/lib/libutils.a(bget_malloc.o)
 .ARM.extab     0x0000000000008f34        0x0 /home/st/Desktop/Raspbian-optee/raspbian-optee/raspbian-tee1/raspbian-tee/optee_os/out/arm/export-ta_arm32/lib/libutils.a(memcmp.o)
 .ARM.extab     0x0000000000008f34        0x0 /home/st/Desktop/Raspbian-optee/raspbian-optee/raspbian-tee1/raspbian-tee/optee_os/out/arm/export-ta_arm32/lib/libutils.a(memcpy.o)
 .ARM.extab     0x0000000000008f34        0x0 /home/st/Desktop/Raspbian-optee/raspbian-optee/raspbian-tee1/raspbian-tee/optee_os/out/arm/export-ta_arm32/lib/libutils.a(memmove.o)
 .ARM.extab     0x0000000000008f34        0x0 /home/st/Desktop/Raspbian-optee/raspbian-optee/raspbian-tee1/raspbian-tee/optee_os/out/arm/export-ta_arm32/lib/libutils.a(memset.o)
 .ARM.extab     0x0000000000008f34        0x0 /home/st/Desktop/Raspbian-optee/raspbian-optee/raspbian-tee1/raspbian-tee/optee_os/out/arm/export-ta_arm32/lib/libutils.a(buf_compare_ct.o)
 .ARM.extab     0x0000000000008f34        0x0 /home/st/Desktop/Raspbian-optee/raspbian-optee/raspbian-tee1/raspbian-tee/optee_os/out/arm/export-ta_arm32/lib/libutils.a(mempool.o)
 .ARM.extab     0x0000000000008f34        0xc /home/st/Desktop/Raspbian-optee/raspbian-optee/raspbian-tee1/raspbian-tee/optee_os/out/arm/export-ta_arm32/lib/libutee.a(assert.o)

.gnu.version_d  0x0000000000008f40        0x0
 .gnu.version_d
                0x0000000000008f40        0x0 ./Lab_TA.o

.gnu.version    0x0000000000008f40        0x0
 .gnu.version   0x0000000000008f40        0x0 ./Lab_TA.o

.gnu.version_r  0x0000000000008f40        0x0
 .gnu.version_r
                0x0000000000008f40        0x0 ./Lab_TA.o

.gnu.hash       0x0000000000008f40       0x18
 .gnu.hash      0x0000000000008f40       0x18 ./Lab_TA.o

.ARM.extab.text.__aeabi_ldivmod
                0x0000000000008f58        0xc
 .ARM.extab.text.__aeabi_ldivmod
                0x0000000000008f58        0xc /home/st/Desktop/Raspbian-optee/raspbian-optee/raspbian-tee1/raspbian-tee/optee_os/out/arm/export-ta_arm32/lib/libutils.a(arm32_aeabi_ldivmod_a32.o)

.ARM.extab.text.__aeabi_uldivmod
                0x0000000000008f64        0xc
 .ARM.extab.text.__aeabi_uldivmod
                0x0000000000008f64        0xc /home/st/Desktop/Raspbian-optee/raspbian-optee/raspbian-tee1/raspbian-tee/optee_os/out/arm/export-ta_arm32/lib/libutils.a(arm32_aeabi_ldivmod_a32.o)

.ARM.extab.text.utee_panic
                0x0000000000008f70        0xc
 .ARM.extab.text.utee_panic
                0x0000000000008f70        0xc /home/st/Desktop/Raspbian-optee/raspbian-optee/raspbian-tee1/raspbian-tee/optee_os/out/arm/export-ta_arm32/lib/libutee.a(utee_syscalls_a32.o)

.ARM.extab.text.utee_return
                0x0000000000008f7c        0x0
 .ARM.extab.text.utee_return
                0x0000000000008f7c        0x0 /home/st/Desktop/Raspbian-optee/raspbian-optee/raspbian-tee1/raspbian-tee/optee_os/out/arm/export-ta_arm32/lib/libutee.a(utee_syscalls_a32.o)

.ARM.extab.text.utee_log
                0x0000000000008f7c        0x0
 .ARM.extab.text.utee_log
                0x0000000000008f7c        0x0 /home/st/Desktop/Raspbian-optee/raspbian-optee/raspbian-tee1/raspbian-tee/optee_os/out/arm/export-ta_arm32/lib/libutee.a(utee_syscalls_a32.o)

.ARM.extab.text.__utee_panic
                0x0000000000008f7c        0x0
 .ARM.extab.text.__utee_panic
                0x0000000000008f7c        0x0 /home/st/Desktop/Raspbian-optee/raspbian-optee/raspbian-tee1/raspbian-tee/optee_os/out/arm/export-ta_arm32/lib/libutee.a(utee_syscalls_a32.o)

.ARM.extab.text.utee_get_property
                0x0000000000008f7c        0x0
 .ARM.extab.text.utee_get_property
                0x0000000000008f7c        0x0 /home/st/Desktop/Raspbian-optee/raspbian-optee/raspbian-tee1/raspbian-tee/optee_os/out/arm/export-ta_arm32/lib/libutee.a(utee_syscalls_a32.o)

.ARM.extab.text.utee_get_property_name_to_index
                0x0000000000008f7c        0x0
 .ARM.extab.text.utee_get_property_name_to_index
                0x0000000000008f7c        0x0 /home/st/Desktop/Raspbian-optee/raspbian-optee/raspbian-tee1/raspbian-tee/optee_os/out/arm/export-ta_arm32/lib/libutee.a(utee_syscalls_a32.o)

.ARM.extab.text.utee_open_ta_session
                0x0000000000008f7c        0x0
 .ARM.extab.text.utee_open_ta_session
                0x0000000000008f7c        0x0 /home/st/Desktop/Raspbian-optee/raspbian-optee/raspbian-tee1/raspbian-tee/optee_os/out/arm/export-ta_arm32/lib/libutee.a(utee_syscalls_a32.o)

.ARM.extab.text.utee_close_ta_session
                0x0000000000008f7c        0x0
 .ARM.extab.text.utee_close_ta_session
                0x0000000000008f7c        0x0 /home/st/Desktop/Raspbian-optee/raspbian-optee/raspbian-tee1/raspbian-tee/optee_os/out/arm/export-ta_arm32/lib/libutee.a(utee_syscalls_a32.o)

.ARM.extab.text.utee_invoke_ta_command
                0x0000000000008f7c        0x0
 .ARM.extab.text.utee_invoke_ta_command
                0x0000000000008f7c        0x0 /home/st/Desktop/Raspbian-optee/raspbian-optee/raspbian-tee1/raspbian-tee/optee_os/out/arm/export-ta_arm32/lib/libutee.a(utee_syscalls_a32.o)

.ARM.extab.text.utee_get_cancellation_flag
                0x0000000000008f7c        0x0
 .ARM.extab.text.utee_get_cancellation_flag
                0x0000000000008f7c        0x0 /home/st/Desktop/Raspbian-optee/raspbian-optee/raspbian-tee1/raspbian-tee/optee_os/out/arm/export-ta_arm32/lib/libutee.a(utee_syscalls_a32.o)

.ARM.extab.text.utee_check_access_rights
                0x0000000000008f7c        0x0
 .ARM.extab.text.utee_check_access_rights
                0x0000000000008f7c        0x0 /home/st/Desktop/Raspbian-optee/raspbian-optee/raspbian-tee1/raspbian-tee/optee_os/out/arm/export-ta_arm32/lib/libutee.a(utee_syscalls_a32.o)

.ARM.extab.text.utee_unmask_cancellation
                0x0000000000008f7c        0x0
 .ARM.extab.text.utee_unmask_cancellation
                0x0000000000008f7c        0x0 /home/st/Desktop/Raspbian-optee/raspbian-optee/raspbian-tee1/raspbian-tee/optee_os/out/arm/export-ta_arm32/lib/libutee.a(utee_syscalls_a32.o)

.ARM.extab.text.utee_mask_cancellation
                0x0000000000008f7c        0x0
 .ARM.extab.text.utee_mask_cancellation
                0x0000000000008f7c        0x0 /home/st/Desktop/Raspbian-optee/raspbian-optee/raspbian-tee1/raspbian-tee/optee_os/out/arm/export-ta_arm32/lib/libutee.a(utee_syscalls_a32.o)

.ARM.extab.text.utee_wait
                0x0000000000008f7c        0x0
 .ARM.extab.text.utee_wait
                0x0000000000008f7c        0x0 /home/st/Desktop/Raspbian-optee/raspbian-optee/raspbian-tee1/raspbian-tee/optee_os/out/arm/export-ta_arm32/lib/libutee.a(utee_syscalls_a32.o)

.ARM.extab.text.utee_get_time
                0x0000000000008f7c        0x0
 .ARM.extab.text.utee_get_time
                0x0000000000008f7c        0x0 /home/st/Desktop/Raspbian-optee/raspbian-optee/raspbian-tee1/raspbian-tee/optee_os/out/arm/export-ta_arm32/lib/libutee.a(utee_syscalls_a32.o)

.ARM.extab.text.utee_set_ta_time
                0x0000000000008f7c        0x0
 .ARM.extab.text.utee_set_ta_time
                0x0000000000008f7c        0x0 /home/st/Desktop/Raspbian-optee/raspbian-optee/raspbian-tee1/raspbian-tee/optee_os/out/arm/export-ta_arm32/lib/libutee.a(utee_syscalls_a32.o)

.ARM.extab.text.utee_cryp_state_alloc
                0x0000000000008f7c        0x0
 .ARM.extab.text.utee_cryp_state_alloc
                0x0000000000008f7c        0x0 /home/st/Desktop/Raspbian-optee/raspbian-optee/raspbian-tee1/raspbian-tee/optee_os/out/arm/export-ta_arm32/lib/libutee.a(utee_syscalls_a32.o)

.ARM.extab.text.utee_cryp_state_copy
                0x0000000000008f7c        0x0
 .ARM.extab.text.utee_cryp_state_copy
                0x0000000000008f7c        0x0 /home/st/Desktop/Raspbian-optee/raspbian-optee/raspbian-tee1/raspbian-tee/optee_os/out/arm/export-ta_arm32/lib/libutee.a(utee_syscalls_a32.o)

.ARM.extab.text.utee_cryp_state_free
                0x0000000000008f7c        0x0
 .ARM.extab.text.utee_cryp_state_free
                0x0000000000008f7c        0x0 /home/st/Desktop/Raspbian-optee/raspbian-optee/raspbian-tee1/raspbian-tee/optee_os/out/arm/export-ta_arm32/lib/libutee.a(utee_syscalls_a32.o)

.ARM.extab.text.utee_hash_init
                0x0000000000008f7c        0x0
 .ARM.extab.text.utee_hash_init
                0x0000000000008f7c        0x0 /home/st/Desktop/Raspbian-optee/raspbian-optee/raspbian-tee1/raspbian-tee/optee_os/out/arm/export-ta_arm32/lib/libutee.a(utee_syscalls_a32.o)

.ARM.extab.text.utee_hash_update
                0x0000000000008f7c        0x0
 .ARM.extab.text.utee_hash_update
                0x0000000000008f7c        0x0 /home/st/Desktop/Raspbian-optee/raspbian-optee/raspbian-tee1/raspbian-tee/optee_os/out/arm/export-ta_arm32/lib/libutee.a(utee_syscalls_a32.o)

.ARM.extab.text.utee_hash_final
                0x0000000000008f7c        0x0
 .ARM.extab.text.utee_hash_final
                0x0000000000008f7c        0x0 /home/st/Desktop/Raspbian-optee/raspbian-optee/raspbian-tee1/raspbian-tee/optee_os/out/arm/export-ta_arm32/lib/libutee.a(utee_syscalls_a32.o)

.ARM.extab.text.utee_cipher_init
                0x0000000000008f7c        0x0
 .ARM.extab.text.utee_cipher_init
                0x0000000000008f7c        0x0 /home/st/Desktop/Raspbian-optee/raspbian-optee/raspbian-tee1/raspbian-tee/optee_os/out/arm/export-ta_arm32/lib/libutee.a(utee_syscalls_a32.o)

.ARM.extab.text.utee_cipher_update
                0x0000000000008f7c        0x0
 .ARM.extab.text.utee_cipher_update
                0x0000000000008f7c        0x0 /home/st/Desktop/Raspbian-optee/raspbian-optee/raspbian-tee1/raspbian-tee/optee_os/out/arm/export-ta_arm32/lib/libutee.a(utee_syscalls_a32.o)

.ARM.extab.text.utee_cipher_final
                0x0000000000008f7c        0x0
 .ARM.extab.text.utee_cipher_final
                0x0000000000008f7c        0x0 /home/st/Desktop/Raspbian-optee/raspbian-optee/raspbian-tee1/raspbian-tee/optee_os/out/arm/export-ta_arm32/lib/libutee.a(utee_syscalls_a32.o)

.ARM.extab.text.utee_cryp_obj_get_info
                0x0000000000008f7c        0x0
 .ARM.extab.text.utee_cryp_obj_get_info
                0x0000000000008f7c        0x0 /home/st/Desktop/Raspbian-optee/raspbian-optee/raspbian-tee1/raspbian-tee/optee_os/out/arm/export-ta_arm32/lib/libutee.a(utee_syscalls_a32.o)

.ARM.extab.text.utee_cryp_obj_restrict_usage
                0x0000000000008f7c        0x0
 .ARM.extab.text.utee_cryp_obj_restrict_usage
                0x0000000000008f7c        0x0 /home/st/Desktop/Raspbian-optee/raspbian-optee/raspbian-tee1/raspbian-tee/optee_os/out/arm/export-ta_arm32/lib/libutee.a(utee_syscalls_a32.o)

.ARM.extab.text.utee_cryp_obj_get_attr
                0x0000000000008f7c        0x0
 .ARM.extab.text.utee_cryp_obj_get_attr
                0x0000000000008f7c        0x0 /home/st/Desktop/Raspbian-optee/raspbian-optee/raspbian-tee1/raspbian-tee/optee_os/out/arm/export-ta_arm32/lib/libutee.a(utee_syscalls_a32.o)

.ARM.extab.text.utee_cryp_obj_alloc
                0x0000000000008f7c        0x0
 .ARM.extab.text.utee_cryp_obj_alloc
                0x0000000000008f7c        0x0 /home/st/Desktop/Raspbian-optee/raspbian-optee/raspbian-tee1/raspbian-tee/optee_os/out/arm/export-ta_arm32/lib/libutee.a(utee_syscalls_a32.o)

.ARM.extab.text.utee_cryp_obj_close
                0x0000000000008f7c        0x0
 .ARM.extab.text.utee_cryp_obj_close
                0x0000000000008f7c        0x0 /home/st/Desktop/Raspbian-optee/raspbian-optee/raspbian-tee1/raspbian-tee/optee_os/out/arm/export-ta_arm32/lib/libutee.a(utee_syscalls_a32.o)

.ARM.extab.text.utee_cryp_obj_reset
                0x0000000000008f7c        0x0
 .ARM.extab.text.utee_cryp_obj_reset
                0x0000000000008f7c        0x0 /home/st/Desktop/Raspbian-optee/raspbian-optee/raspbian-tee1/raspbian-tee/optee_os/out/arm/export-ta_arm32/lib/libutee.a(utee_syscalls_a32.o)

.ARM.extab.text.utee_cryp_obj_populate
                0x0000000000008f7c        0x0
 .ARM.extab.text.utee_cryp_obj_populate
                0x0000000000008f7c        0x0 /home/st/Desktop/Raspbian-optee/raspbian-optee/raspbian-tee1/raspbian-tee/optee_os/out/arm/export-ta_arm32/lib/libutee.a(utee_syscalls_a32.o)

.ARM.extab.text.utee_cryp_obj_copy
                0x0000000000008f7c        0x0
 .ARM.extab.text.utee_cryp_obj_copy
                0x0000000000008f7c        0x0 /home/st/Desktop/Raspbian-optee/raspbian-optee/raspbian-tee1/raspbian-tee/optee_os/out/arm/export-ta_arm32/lib/libutee.a(utee_syscalls_a32.o)

.ARM.extab.text.utee_cryp_derive_key
                0x0000000000008f7c        0x0
 .ARM.extab.text.utee_cryp_derive_key
                0x0000000000008f7c        0x0 /home/st/Desktop/Raspbian-optee/raspbian-optee/raspbian-tee1/raspbian-tee/optee_os/out/arm/export-ta_arm32/lib/libutee.a(utee_syscalls_a32.o)

.ARM.extab.text.utee_cryp_random_number_generate
                0x0000000000008f7c        0x0
 .ARM.extab.text.utee_cryp_random_number_generate
                0x0000000000008f7c        0x0 /home/st/Desktop/Raspbian-optee/raspbian-optee/raspbian-tee1/raspbian-tee/optee_os/out/arm/export-ta_arm32/lib/libutee.a(utee_syscalls_a32.o)

.ARM.extab.text.utee_authenc_init
                0x0000000000008f7c        0x0
 .ARM.extab.text.utee_authenc_init
                0x0000000000008f7c        0x0 /home/st/Desktop/Raspbian-optee/raspbian-optee/raspbian-tee1/raspbian-tee/optee_os/out/arm/export-ta_arm32/lib/libutee.a(utee_syscalls_a32.o)

.ARM.extab.text.utee_authenc_update_aad
                0x0000000000008f7c        0x0
 .ARM.extab.text.utee_authenc_update_aad
                0x0000000000008f7c        0x0 /home/st/Desktop/Raspbian-optee/raspbian-optee/raspbian-tee1/raspbian-tee/optee_os/out/arm/export-ta_arm32/lib/libutee.a(utee_syscalls_a32.o)

.ARM.extab.text.utee_authenc_update_payload
                0x0000000000008f7c        0x0
 .ARM.extab.text.utee_authenc_update_payload
                0x0000000000008f7c        0x0 /home/st/Desktop/Raspbian-optee/raspbian-optee/raspbian-tee1/raspbian-tee/optee_os/out/arm/export-ta_arm32/lib/libutee.a(utee_syscalls_a32.o)

.ARM.extab.text.utee_authenc_enc_final
                0x0000000000008f7c        0x0
 .ARM.extab.text.utee_authenc_enc_final
                0x0000000000008f7c        0x0 /home/st/Desktop/Raspbian-optee/raspbian-optee/raspbian-tee1/raspbian-tee/optee_os/out/arm/export-ta_arm32/lib/libutee.a(utee_syscalls_a32.o)

.ARM.extab.text.utee_authenc_dec_final
                0x0000000000008f7c        0x0
 .ARM.extab.text.utee_authenc_dec_final
                0x0000000000008f7c        0x0 /home/st/Desktop/Raspbian-optee/raspbian-optee/raspbian-tee1/raspbian-tee/optee_os/out/arm/export-ta_arm32/lib/libutee.a(utee_syscalls_a32.o)

.ARM.extab.text.utee_asymm_operate
                0x0000000000008f7c        0x0
 .ARM.extab.text.utee_asymm_operate
                0x0000000000008f7c        0x0 /home/st/Desktop/Raspbian-optee/raspbian-optee/raspbian-tee1/raspbian-tee/optee_os/out/arm/export-ta_arm32/lib/libutee.a(utee_syscalls_a32.o)

.ARM.extab.text.utee_asymm_verify
                0x0000000000008f7c        0x0
 .ARM.extab.text.utee_asymm_verify
                0x0000000000008f7c        0x0 /home/st/Desktop/Raspbian-optee/raspbian-optee/raspbian-tee1/raspbian-tee/optee_os/out/arm/export-ta_arm32/lib/libutee.a(utee_syscalls_a32.o)

.ARM.extab.text.utee_storage_obj_open
                0x0000000000008f7c        0x0
 .ARM.extab.text.utee_storage_obj_open
                0x0000000000008f7c        0x0 /home/st/Desktop/Raspbian-optee/raspbian-optee/raspbian-tee1/raspbian-tee/optee_os/out/arm/export-ta_arm32/lib/libutee.a(utee_syscalls_a32.o)

.ARM.extab.text.utee_storage_obj_create
                0x0000000000008f7c        0x0
 .ARM.extab.text.utee_storage_obj_create
                0x0000000000008f7c        0x0 /home/st/Desktop/Raspbian-optee/raspbian-optee/raspbian-tee1/raspbian-tee/optee_os/out/arm/export-ta_arm32/lib/libutee.a(utee_syscalls_a32.o)

.ARM.extab.text.utee_storage_obj_del
                0x0000000000008f7c        0x0
 .ARM.extab.text.utee_storage_obj_del
                0x0000000000008f7c        0x0 /home/st/Desktop/Raspbian-optee/raspbian-optee/raspbian-tee1/raspbian-tee/optee_os/out/arm/export-ta_arm32/lib/libutee.a(utee_syscalls_a32.o)

.ARM.extab.text.utee_storage_obj_rename
                0x0000000000008f7c        0x0
 .ARM.extab.text.utee_storage_obj_rename
                0x0000000000008f7c        0x0 /home/st/Desktop/Raspbian-optee/raspbian-optee/raspbian-tee1/raspbian-tee/optee_os/out/arm/export-ta_arm32/lib/libutee.a(utee_syscalls_a32.o)

.ARM.extab.text.utee_storage_alloc_enum
                0x0000000000008f7c        0x0
 .ARM.extab.text.utee_storage_alloc_enum
                0x0000000000008f7c        0x0 /home/st/Desktop/Raspbian-optee/raspbian-optee/raspbian-tee1/raspbian-tee/optee_os/out/arm/export-ta_arm32/lib/libutee.a(utee_syscalls_a32.o)

.ARM.extab.text.utee_storage_free_enum
                0x0000000000008f7c        0x0
 .ARM.extab.text.utee_storage_free_enum
                0x0000000000008f7c        0x0 /home/st/Desktop/Raspbian-optee/raspbian-optee/raspbian-tee1/raspbian-tee/optee_os/out/arm/export-ta_arm32/lib/libutee.a(utee_syscalls_a32.o)

.ARM.extab.text.utee_storage_reset_enum
                0x0000000000008f7c        0x0
 .ARM.extab.text.utee_storage_reset_enum
                0x0000000000008f7c        0x0 /home/st/Desktop/Raspbian-optee/raspbian-optee/raspbian-tee1/raspbian-tee/optee_os/out/arm/export-ta_arm32/lib/libutee.a(utee_syscalls_a32.o)

.ARM.extab.text.utee_storage_start_enum
                0x0000000000008f7c        0x0
 .ARM.extab.text.utee_storage_start_enum
                0x0000000000008f7c        0x0 /home/st/Desktop/Raspbian-optee/raspbian-optee/raspbian-tee1/raspbian-tee/optee_os/out/arm/export-ta_arm32/lib/libutee.a(utee_syscalls_a32.o)

.ARM.extab.text.utee_storage_next_enum
                0x0000000000008f7c        0x0
 .ARM.extab.text.utee_storage_next_enum
                0x0000000000008f7c        0x0 /home/st/Desktop/Raspbian-optee/raspbian-optee/raspbian-tee1/raspbian-tee/optee_os/out/arm/export-ta_arm32/lib/libutee.a(utee_syscalls_a32.o)

.ARM.extab.text.utee_storage_obj_read
                0x0000000000008f7c        0x0
 .ARM.extab.text.utee_storage_obj_read
                0x0000000000008f7c        0x0 /home/st/Desktop/Raspbian-optee/raspbian-optee/raspbian-tee1/raspbian-tee/optee_os/out/arm/export-ta_arm32/lib/libutee.a(utee_syscalls_a32.o)

.ARM.extab.text.utee_storage_obj_write
                0x0000000000008f7c        0x0
 .ARM.extab.text.utee_storage_obj_write
                0x0000000000008f7c        0x0 /home/st/Desktop/Raspbian-optee/raspbian-optee/raspbian-tee1/raspbian-tee/optee_os/out/arm/export-ta_arm32/lib/libutee.a(utee_syscalls_a32.o)

.ARM.extab.text.utee_storage_obj_trunc
                0x0000000000008f7c        0x0
 .ARM.extab.text.utee_storage_obj_trunc
                0x0000000000008f7c        0x0 /home/st/Desktop/Raspbian-optee/raspbian-optee/raspbian-tee1/raspbian-tee/optee_os/out/arm/export-ta_arm32/lib/libutee.a(utee_syscalls_a32.o)

.ARM.extab.text.utee_storage_obj_seek
                0x0000000000008f7c        0x0
 .ARM.extab.text.utee_storage_obj_seek
                0x0000000000008f7c        0x0 /home/st/Desktop/Raspbian-optee/raspbian-optee/raspbian-tee1/raspbian-tee/optee_os/out/arm/export-ta_arm32/lib/libutee.a(utee_syscalls_a32.o)

.ARM.extab.text.utee_cryp_obj_generate_key
                0x0000000000008f7c        0x0
 .ARM.extab.text.utee_cryp_obj_generate_key
                0x0000000000008f7c        0x0 /home/st/Desktop/Raspbian-optee/raspbian-optee/raspbian-tee1/raspbian-tee/optee_os/out/arm/export-ta_arm32/lib/libutee.a(utee_syscalls_a32.o)

.ARM.extab.text.utee_cache_operation
                0x0000000000008f7c        0x0
 .ARM.extab.text.utee_cache_operation
                0x0000000000008f7c        0x0 /home/st/Desktop/Raspbian-optee/raspbian-optee/raspbian-tee1/raspbian-tee/optee_os/out/arm/export-ta_arm32/lib/libutee.a(utee_syscalls_a32.o)

.ARM.exidx      0x0000000000008f7c      0x648
 *(SORT_BY_ALIGNMENT(.ARM.exidx*) SORT_BY_ALIGNMENT(.gnu.linkonce.armexidx.*))
 .ARM.exidx     0x0000000000008f7c       0x10 ./Lab_TA.o
                                         0x28 (size before relaxing)
 .ARM.exidx     0x000000000000955c        0x8 ./user_ta_header.o
 .ARM.exidx     0x0000000000009564       0x10 /home/st/Desktop/Raspbian-optee/raspbian-optee/raspbian-tee1/raspbian-tee/optee_os/out/arm/export-ta_arm32/lib/libutils.a(snprintf.o)
 .ARM.exidx     0x0000000000008f8c       0x18 /home/st/Desktop/Raspbian-optee/raspbian-optee/raspbian-tee1/raspbian-tee/optee_os/out/arm/export-ta_arm32/lib/libutils.a(snprintk.o)
 .ARM.exidx     0x0000000000008fa4       0x18 /home/st/Desktop/Raspbian-optee/raspbian-optee/raspbian-tee1/raspbian-tee/optee_os/out/arm/export-ta_arm32/lib/libutils.a(trace.o)
                                         0x20 (size before relaxing)
 .ARM.exidx     0x0000000000009574        0x8 /home/st/Desktop/Raspbian-optee/raspbian-optee/raspbian-tee1/raspbian-tee/optee_os/out/arm/export-ta_arm32/lib/libutils.a(aeabi_unwind.o)
                                         0x18 (size before relaxing)
 .ARM.exidx     0x000000000000957c        0x8 /home/st/Desktop/Raspbian-optee/raspbian-optee/raspbian-tee1/raspbian-tee/optee_os/out/arm/export-ta_arm32/lib/libutils.a(memchr.o)
 .ARM.exidx     0x0000000000009584        0x8 /home/st/Desktop/Raspbian-optee/raspbian-optee/raspbian-tee1/raspbian-tee/optee_os/out/arm/export-ta_arm32/lib/libutils.a(strlen.o)
 .ARM.exidx.text.__aeabi_ldivmod
                0x0000000000008fbc        0x8 /home/st/Desktop/Raspbian-optee/raspbian-optee/raspbian-tee1/raspbian-tee/optee_os/out/arm/export-ta_arm32/lib/libutils.a(arm32_aeabi_ldivmod_a32.o)
 .ARM.exidx.text.__aeabi_uldivmod
                0x0000000000008fc4        0x8 /home/st/Desktop/Raspbian-optee/raspbian-optee/raspbian-tee1/raspbian-tee/optee_os/out/arm/export-ta_arm32/lib/libutils.a(arm32_aeabi_ldivmod_a32.o)
 .ARM.exidx     0x000000000000958c        0x8 /home/st/Desktop/Raspbian-optee/raspbian-optee/raspbian-tee1/raspbian-tee/optee_os/out/arm/export-ta_arm32/lib/libutils.a(arm32_aeabi_ldivmod.o)
                                         0x10 (size before relaxing)
 .ARM.exidx     0x0000000000008fcc       0x28 /home/st/Desktop/Raspbian-optee/raspbian-optee/raspbian-tee1/raspbian-tee/optee_os/out/arm/export-ta_arm32/lib/libutee.a(trace_ext.o)
 .ARM.exidx     0x0000000000008ff4       0x68 /home/st/Desktop/Raspbian-optee/raspbian-optee/raspbian-tee1/raspbian-tee/optee_os/out/arm/export-ta_arm32/lib/libutee.a(tee_api.o)
                                         0xc8 (size before relaxing)
 .ARM.exidx     0x000000000000905c       0xd0 /home/st/Desktop/Raspbian-optee/raspbian-optee/raspbian-tee1/raspbian-tee/optee_os/out/arm/export-ta_arm32/lib/libutee.a(tee_api_objects.o)
                                         0xf8 (size before relaxing)
 .ARM.exidx     0x000000000000912c       0xd8 /home/st/Desktop/Raspbian-optee/raspbian-optee/raspbian-tee1/raspbian-tee/optee_os/out/arm/export-ta_arm32/lib/libutee.a(tee_api_operations.o)
                                         0xf0 (size before relaxing)
 .ARM.exidx     0x0000000000009594        0x8 /home/st/Desktop/Raspbian-optee/raspbian-optee/raspbian-tee1/raspbian-tee/optee_os/out/arm/export-ta_arm32/lib/libutee.a(tee_api_panic.o)
 .ARM.exidx     0x0000000000009204       0x20 /home/st/Desktop/Raspbian-optee/raspbian-optee/raspbian-tee1/raspbian-tee/optee_os/out/arm/export-ta_arm32/lib/libutee.a(user_ta_entry.o)
 .ARM.exidx.text.utee_panic
                0x0000000000009224        0x8 /home/st/Desktop/Raspbian-optee/raspbian-optee/raspbian-tee1/raspbian-tee/optee_os/out/arm/export-ta_arm32/lib/libutee.a(utee_syscalls_a32.o)
 .ARM.exidx.text.utee_return
                0x000000000000922c        0x8 /home/st/Desktop/Raspbian-optee/raspbian-optee/raspbian-tee1/raspbian-tee/optee_os/out/arm/export-ta_arm32/lib/libutee.a(utee_syscalls_a32.o)
 .ARM.exidx.text.utee_log
                0x0000000000009234        0x0 /home/st/Desktop/Raspbian-optee/raspbian-optee/raspbian-tee1/raspbian-tee/optee_os/out/arm/export-ta_arm32/lib/libutee.a(utee_syscalls_a32.o)
                                          0x8 (size before relaxing)
 .ARM.exidx.text.__utee_panic
                0x0000000000009234        0x0 /home/st/Desktop/Raspbian-optee/raspbian-optee/raspbian-tee1/raspbian-tee/optee_os/out/arm/export-ta_arm32/lib/libutee.a(utee_syscalls_a32.o)
                                          0x8 (size before relaxing)
 .ARM.exidx.text.utee_get_property
                0x0000000000009234        0x0 /home/st/Desktop/Raspbian-optee/raspbian-optee/raspbian-tee1/raspbian-tee/optee_os/out/arm/export-ta_arm32/lib/libutee.a(utee_syscalls_a32.o)
                                          0x8 (size before relaxing)
 .ARM.exidx.text.utee_get_property_name_to_index
                0x0000000000009234        0x0 /home/st/Desktop/Raspbian-optee/raspbian-optee/raspbian-tee1/raspbian-tee/optee_os/out/arm/export-ta_arm32/lib/libutee.a(utee_syscalls_a32.o)
                                          0x8 (size before relaxing)
 .ARM.exidx.text.utee_open_ta_session
                0x0000000000009234        0x0 /home/st/Desktop/Raspbian-optee/raspbian-optee/raspbian-tee1/raspbian-tee/optee_os/out/arm/export-ta_arm32/lib/libutee.a(utee_syscalls_a32.o)
                                          0x8 (size before relaxing)
 .ARM.exidx.text.utee_close_ta_session
                0x0000000000009234        0x0 /home/st/Desktop/Raspbian-optee/raspbian-optee/raspbian-tee1/raspbian-tee/optee_os/out/arm/export-ta_arm32/lib/libutee.a(utee_syscalls_a32.o)
                                          0x8 (size before relaxing)
 .ARM.exidx.text.utee_invoke_ta_command
                0x0000000000009234        0x0 /home/st/Desktop/Raspbian-optee/raspbian-optee/raspbian-tee1/raspbian-tee/optee_os/out/arm/export-ta_arm32/lib/libutee.a(utee_syscalls_a32.o)
                                          0x8 (size before relaxing)
 .ARM.exidx.text.utee_get_cancellation_flag
                0x0000000000009234        0x0 /home/st/Desktop/Raspbian-optee/raspbian-optee/raspbian-tee1/raspbian-tee/optee_os/out/arm/export-ta_arm32/lib/libutee.a(utee_syscalls_a32.o)
                                          0x8 (size before relaxing)
 .ARM.exidx.text.utee_check_access_rights
                0x0000000000009234        0x0 /home/st/Desktop/Raspbian-optee/raspbian-optee/raspbian-tee1/raspbian-tee/optee_os/out/arm/export-ta_arm32/lib/libutee.a(utee_syscalls_a32.o)
                                          0x8 (size before relaxing)
 .ARM.exidx.text.utee_unmask_cancellation
                0x0000000000009234        0x0 /home/st/Desktop/Raspbian-optee/raspbian-optee/raspbian-tee1/raspbian-tee/optee_os/out/arm/export-ta_arm32/lib/libutee.a(utee_syscalls_a32.o)
                                          0x8 (size before relaxing)
 .ARM.exidx.text.utee_mask_cancellation
                0x0000000000009234        0x0 /home/st/Desktop/Raspbian-optee/raspbian-optee/raspbian-tee1/raspbian-tee/optee_os/out/arm/export-ta_arm32/lib/libutee.a(utee_syscalls_a32.o)
                                          0x8 (size before relaxing)
 .ARM.exidx.text.utee_wait
                0x0000000000009234        0x0 /home/st/Desktop/Raspbian-optee/raspbian-optee/raspbian-tee1/raspbian-tee/optee_os/out/arm/export-ta_arm32/lib/libutee.a(utee_syscalls_a32.o)
                                          0x8 (size before relaxing)
 .ARM.exidx.text.utee_get_time
                0x0000000000009234        0x0 /home/st/Desktop/Raspbian-optee/raspbian-optee/raspbian-tee1/raspbian-tee/optee_os/out/arm/export-ta_arm32/lib/libutee.a(utee_syscalls_a32.o)
                                          0x8 (size before relaxing)
 .ARM.exidx.text.utee_set_ta_time
                0x0000000000009234        0x0 /home/st/Desktop/Raspbian-optee/raspbian-optee/raspbian-tee1/raspbian-tee/optee_os/out/arm/export-ta_arm32/lib/libutee.a(utee_syscalls_a32.o)
                                          0x8 (size before relaxing)
 .ARM.exidx.text.utee_cryp_state_alloc
                0x0000000000009234        0x0 /home/st/Desktop/Raspbian-optee/raspbian-optee/raspbian-tee1/raspbian-tee/optee_os/out/arm/export-ta_arm32/lib/libutee.a(utee_syscalls_a32.o)
                                          0x8 (size before relaxing)
 .ARM.exidx.text.utee_cryp_state_copy
                0x0000000000009234        0x0 /home/st/Desktop/Raspbian-optee/raspbian-optee/raspbian-tee1/raspbian-tee/optee_os/out/arm/export-ta_arm32/lib/libutee.a(utee_syscalls_a32.o)
                                          0x8 (size before relaxing)
 .ARM.exidx.text.utee_cryp_state_free
                0x0000000000009234        0x0 /home/st/Desktop/Raspbian-optee/raspbian-optee/raspbian-tee1/raspbian-tee/optee_os/out/arm/export-ta_arm32/lib/libutee.a(utee_syscalls_a32.o)
                                          0x8 (size before relaxing)
 .ARM.exidx.text.utee_hash_init
                0x0000000000009234        0x0 /home/st/Desktop/Raspbian-optee/raspbian-optee/raspbian-tee1/raspbian-tee/optee_os/out/arm/export-ta_arm32/lib/libutee.a(utee_syscalls_a32.o)
                                          0x8 (size before relaxing)
 .ARM.exidx.text.utee_hash_update
                0x0000000000009234        0x0 /home/st/Desktop/Raspbian-optee/raspbian-optee/raspbian-tee1/raspbian-tee/optee_os/out/arm/export-ta_arm32/lib/libutee.a(utee_syscalls_a32.o)
                                          0x8 (size before relaxing)
 .ARM.exidx.text.utee_hash_final
                0x0000000000009234        0x0 /home/st/Desktop/Raspbian-optee/raspbian-optee/raspbian-tee1/raspbian-tee/optee_os/out/arm/export-ta_arm32/lib/libutee.a(utee_syscalls_a32.o)
                                          0x8 (size before relaxing)
 .ARM.exidx.text.utee_cipher_init
                0x0000000000009234        0x0 /home/st/Desktop/Raspbian-optee/raspbian-optee/raspbian-tee1/raspbian-tee/optee_os/out/arm/export-ta_arm32/lib/libutee.a(utee_syscalls_a32.o)
                                          0x8 (size before relaxing)
 .ARM.exidx.text.utee_cipher_update
                0x0000000000009234        0x0 /home/st/Desktop/Raspbian-optee/raspbian-optee/raspbian-tee1/raspbian-tee/optee_os/out/arm/export-ta_arm32/lib/libutee.a(utee_syscalls_a32.o)
                                          0x8 (size before relaxing)
 .ARM.exidx.text.utee_cipher_final
                0x0000000000009234        0x0 /home/st/Desktop/Raspbian-optee/raspbian-optee/raspbian-tee1/raspbian-tee/optee_os/out/arm/export-ta_arm32/lib/libutee.a(utee_syscalls_a32.o)
                                          0x8 (size before relaxing)
 .ARM.exidx.text.utee_cryp_obj_get_info
                0x0000000000009234        0x0 /home/st/Desktop/Raspbian-optee/raspbian-optee/raspbian-tee1/raspbian-tee/optee_os/out/arm/export-ta_arm32/lib/libutee.a(utee_syscalls_a32.o)
                                          0x8 (size before relaxing)
 .ARM.exidx.text.utee_cryp_obj_restrict_usage
                0x0000000000009234        0x0 /home/st/Desktop/Raspbian-optee/raspbian-optee/raspbian-tee1/raspbian-tee/optee_os/out/arm/export-ta_arm32/lib/libutee.a(utee_syscalls_a32.o)
                                          0x8 (size before relaxing)
 .ARM.exidx.text.utee_cryp_obj_get_attr
                0x0000000000009234        0x0 /home/st/Desktop/Raspbian-optee/raspbian-optee/raspbian-tee1/raspbian-tee/optee_os/out/arm/export-ta_arm32/lib/libutee.a(utee_syscalls_a32.o)
                                          0x8 (size before relaxing)
 .ARM.exidx.text.utee_cryp_obj_alloc
                0x0000000000009234        0x0 /home/st/Desktop/Raspbian-optee/raspbian-optee/raspbian-tee1/raspbian-tee/optee_os/out/arm/export-ta_arm32/lib/libutee.a(utee_syscalls_a32.o)
                                          0x8 (size before relaxing)
 .ARM.exidx.text.utee_cryp_obj_close
                0x0000000000009234        0x0 /home/st/Desktop/Raspbian-optee/raspbian-optee/raspbian-tee1/raspbian-tee/optee_os/out/arm/export-ta_arm32/lib/libutee.a(utee_syscalls_a32.o)
                                          0x8 (size before relaxing)
 .ARM.exidx.text.utee_cryp_obj_reset
                0x0000000000009234        0x0 /home/st/Desktop/Raspbian-optee/raspbian-optee/raspbian-tee1/raspbian-tee/optee_os/out/arm/export-ta_arm32/lib/libutee.a(utee_syscalls_a32.o)
                                          0x8 (size before relaxing)
 .ARM.exidx.text.utee_cryp_obj_populate
                0x0000000000009234        0x0 /home/st/Desktop/Raspbian-optee/raspbian-optee/raspbian-tee1/raspbian-tee/optee_os/out/arm/export-ta_arm32/lib/libutee.a(utee_syscalls_a32.o)
                                          0x8 (size before relaxing)
 .ARM.exidx.text.utee_cryp_obj_copy
                0x0000000000009234        0x0 /home/st/Desktop/Raspbian-optee/raspbian-optee/raspbian-tee1/raspbian-tee/optee_os/out/arm/export-ta_arm32/lib/libutee.a(utee_syscalls_a32.o)
                                          0x8 (size before relaxing)
 .ARM.exidx.text.utee_cryp_derive_key
                0x0000000000009234        0x0 /home/st/Desktop/Raspbian-optee/raspbian-optee/raspbian-tee1/raspbian-tee/optee_os/out/arm/export-ta_arm32/lib/libutee.a(utee_syscalls_a32.o)
                                          0x8 (size before relaxing)
 .ARM.exidx.text.utee_cryp_random_number_generate
                0x0000000000009234        0x0 /home/st/Desktop/Raspbian-optee/raspbian-optee/raspbian-tee1/raspbian-tee/optee_os/out/arm/export-ta_arm32/lib/libutee.a(utee_syscalls_a32.o)
                                          0x8 (size before relaxing)
 .ARM.exidx.text.utee_authenc_init
                0x0000000000009234        0x0 /home/st/Desktop/Raspbian-optee/raspbian-optee/raspbian-tee1/raspbian-tee/optee_os/out/arm/export-ta_arm32/lib/libutee.a(utee_syscalls_a32.o)
                                          0x8 (size before relaxing)
 .ARM.exidx.text.utee_authenc_update_aad
                0x0000000000009234        0x0 /home/st/Desktop/Raspbian-optee/raspbian-optee/raspbian-tee1/raspbian-tee/optee_os/out/arm/export-ta_arm32/lib/libutee.a(utee_syscalls_a32.o)
                                          0x8 (size before relaxing)
 .ARM.exidx.text.utee_authenc_update_payload
                0x0000000000009234        0x0 /home/st/Desktop/Raspbian-optee/raspbian-optee/raspbian-tee1/raspbian-tee/optee_os/out/arm/export-ta_arm32/lib/libutee.a(utee_syscalls_a32.o)
                                          0x8 (size before relaxing)
 .ARM.exidx.text.utee_authenc_enc_final
                0x0000000000009234        0x0 /home/st/Desktop/Raspbian-optee/raspbian-optee/raspbian-tee1/raspbian-tee/optee_os/out/arm/export-ta_arm32/lib/libutee.a(utee_syscalls_a32.o)
                                          0x8 (size before relaxing)
 .ARM.exidx.text.utee_authenc_dec_final
                0x0000000000009234        0x0 /home/st/Desktop/Raspbian-optee/raspbian-optee/raspbian-tee1/raspbian-tee/optee_os/out/arm/export-ta_arm32/lib/libutee.a(utee_syscalls_a32.o)
                                          0x8 (size before relaxing)
 .ARM.exidx.text.utee_asymm_operate
                0x0000000000009234        0x0 /home/st/Desktop/Raspbian-optee/raspbian-optee/raspbian-tee1/raspbian-tee/optee_os/out/arm/export-ta_arm32/lib/libutee.a(utee_syscalls_a32.o)
                                          0x8 (size before relaxing)
 .ARM.exidx.text.utee_asymm_verify
                0x0000000000009234        0x0 /home/st/Desktop/Raspbian-optee/raspbian-optee/raspbian-tee1/raspbian-tee/optee_os/out/arm/export-ta_arm32/lib/libutee.a(utee_syscalls_a32.o)
                                          0x8 (size before relaxing)
 .ARM.exidx.text.utee_storage_obj_open
                0x0000000000009234        0x0 /home/st/Desktop/Raspbian-optee/raspbian-optee/raspbian-tee1/raspbian-tee/optee_os/out/arm/export-ta_arm32/lib/libutee.a(utee_syscalls_a32.o)
                                          0x8 (size before relaxing)
 .ARM.exidx.text.utee_storage_obj_create
                0x0000000000009234        0x0 /home/st/Desktop/Raspbian-optee/raspbian-optee/raspbian-tee1/raspbian-tee/optee_os/out/arm/export-ta_arm32/lib/libutee.a(utee_syscalls_a32.o)
                                          0x8 (size before relaxing)
 .ARM.exidx.text.utee_storage_obj_del
                0x0000000000009234        0x0 /home/st/Desktop/Raspbian-optee/raspbian-optee/raspbian-tee1/raspbian-tee/optee_os/out/arm/export-ta_arm32/lib/libutee.a(utee_syscalls_a32.o)
                                          0x8 (size before relaxing)
 .ARM.exidx.text.utee_storage_obj_rename
                0x0000000000009234        0x0 /home/st/Desktop/Raspbian-optee/raspbian-optee/raspbian-tee1/raspbian-tee/optee_os/out/arm/export-ta_arm32/lib/libutee.a(utee_syscalls_a32.o)
                                          0x8 (size before relaxing)
 .ARM.exidx.text.utee_storage_alloc_enum
                0x0000000000009234        0x0 /home/st/Desktop/Raspbian-optee/raspbian-optee/raspbian-tee1/raspbian-tee/optee_os/out/arm/export-ta_arm32/lib/libutee.a(utee_syscalls_a32.o)
                                          0x8 (size before relaxing)
 .ARM.exidx.text.utee_storage_free_enum
                0x0000000000009234        0x0 /home/st/Desktop/Raspbian-optee/raspbian-optee/raspbian-tee1/raspbian-tee/optee_os/out/arm/export-ta_arm32/lib/libutee.a(utee_syscalls_a32.o)
                                          0x8 (size before relaxing)
 .ARM.exidx.text.utee_storage_reset_enum
                0x0000000000009234        0x0 /home/st/Desktop/Raspbian-optee/raspbian-optee/raspbian-tee1/raspbian-tee/optee_os/out/arm/export-ta_arm32/lib/libutee.a(utee_syscalls_a32.o)
                                          0x8 (size before relaxing)
 .ARM.exidx.text.utee_storage_start_enum
                0x0000000000009234        0x0 /home/st/Desktop/Raspbian-optee/raspbian-optee/raspbian-tee1/raspbian-tee/optee_os/out/arm/export-ta_arm32/lib/libutee.a(utee_syscalls_a32.o)
                                          0x8 (size before relaxing)
 .ARM.exidx.text.utee_storage_next_enum
                0x0000000000009234        0x0 /home/st/Desktop/Raspbian-optee/raspbian-optee/raspbian-tee1/raspbian-tee/optee_os/out/arm/export-ta_arm32/lib/libutee.a(utee_syscalls_a32.o)
                                          0x8 (size before relaxing)
 .ARM.exidx.text.utee_storage_obj_read
                0x0000000000009234        0x0 /home/st/Desktop/Raspbian-optee/raspbian-optee/raspbian-tee1/raspbian-tee/optee_os/out/arm/export-ta_arm32/lib/libutee.a(utee_syscalls_a32.o)
                                          0x8 (size before relaxing)
 .ARM.exidx.text.utee_storage_obj_write
                0x0000000000009234        0x0 /home/st/Desktop/Raspbian-optee/raspbian-optee/raspbian-tee1/raspbian-tee/optee_os/out/arm/export-ta_arm32/lib/libutee.a(utee_syscalls_a32.o)
                                          0x8 (size before relaxing)
 .ARM.exidx.text.utee_storage_obj_trunc
                0x0000000000009234        0x0 /home/st/Desktop/Raspbian-optee/raspbian-optee/raspbian-tee1/raspbian-tee/optee_os/out/arm/export-ta_arm32/lib/libutee.a(utee_syscalls_a32.o)
                                          0x8 (size before relaxing)
 .ARM.exidx.text.utee_storage_obj_seek
                0x0000000000009234        0x0 /home/st/Desktop/Raspbian-optee/raspbian-optee/raspbian-tee1/raspbian-tee/optee_os/out/arm/export-ta_arm32/lib/libutee.a(utee_syscalls_a32.o)
                                          0x8 (size before relaxing)
 .ARM.exidx.text.utee_cryp_obj_generate_key
                0x0000000000009234        0x0 /home/st/Desktop/Raspbian-optee/raspbian-optee/raspbian-tee1/raspbian-tee/optee_os/out/arm/export-ta_arm32/lib/libutee.a(utee_syscalls_a32.o)
                                          0x8 (size before relaxing)
 .ARM.exidx.text.utee_cache_operation
                0x0000000000009234        0x8 /home/st/Desktop/Raspbian-optee/raspbian-optee/raspbian-tee1/raspbian-tee/optee_os/out/arm/export-ta_arm32/lib/libutee.a(utee_syscalls_a32.o)
 .ARM.exidx     0x000000000000923c      0x100 /home/st/Desktop/Raspbian-optee/raspbian-optee/raspbian-tee1/raspbian-tee/optee_os/out/arm/export-ta_arm32/lib/libutee.a(tee_api_arith_mpi.o)
                                        0x158 (size before relaxing)
 .ARM.exidx     0x000000000000933c      0x168 /home/st/Desktop/Raspbian-optee/raspbian-optee/raspbian-tee1/raspbian-tee/optee_os/out/arm/export-ta_arm32/lib/libmbedtls.a(bignum.o)
                                        0x1b0 (size before relaxing)
 .ARM.exidx     0x00000000000094a4       0x88 /home/st/Desktop/Raspbian-optee/raspbian-optee/raspbian-tee1/raspbian-tee/optee_os/out/arm/export-ta_arm32/lib/libutils.a(bget_malloc.o)
                                         0x90 (size before relaxing)
 .ARM.exidx     0x000000000000959c        0x8 /home/st/Desktop/Raspbian-optee/raspbian-optee/raspbian-tee1/raspbian-tee/optee_os/out/arm/export-ta_arm32/lib/libutils.a(memcmp.o)
 .ARM.exidx     0x00000000000095a4        0x8 /home/st/Desktop/Raspbian-optee/raspbian-optee/raspbian-tee1/raspbian-tee/optee_os/out/arm/export-ta_arm32/lib/libutils.a(memcpy.o)
 .ARM.exidx     0x00000000000095ac        0x0 /home/st/Desktop/Raspbian-optee/raspbian-optee/raspbian-tee1/raspbian-tee/optee_os/out/arm/export-ta_arm32/lib/libutils.a(memmove.o)
                                          0x8 (size before relaxing)
 .ARM.exidx     0x00000000000095ac        0x8 /home/st/Desktop/Raspbian-optee/raspbian-optee/raspbian-tee1/raspbian-tee/optee_os/out/arm/export-ta_arm32/lib/libutils.a(memset.o)
 .ARM.exidx     0x00000000000095b4       0x10 /home/st/Desktop/Raspbian-optee/raspbian-optee/raspbian-tee1/raspbian-tee/optee_os/out/arm/export-ta_arm32/lib/libutils.a(buf_compare_ct.o)
                                          0x8 (size before relaxing)
 .ARM.exidx     0x000000000000952c       0x20 /home/st/Desktop/Raspbian-optee/raspbian-optee/raspbian-tee1/raspbian-tee/optee_os/out/arm/export-ta_arm32/lib/libutils.a(mempool.o)
 .ARM.exidx     0x000000000000954c       0x10 /home/st/Desktop/Raspbian-optee/raspbian-optee/raspbian-tee1/raspbian-tee/optee_os/out/arm/export-ta_arm32/lib/libutee.a(assert.o)

.ctors
 *(SORT_BY_ALIGNMENT(.ctors))

.dtors
 *(SORT_BY_ALIGNMENT(.dtors))

.got            0x00000000000095c4       0x3c
 *(SORT_BY_ALIGNMENT(.got.plt))
 .got.plt       0x00000000000095c4        0xc ./Lab_TA.o
                0x00000000000095c4                _GLOBAL_OFFSET_TABLE_
 *(SORT_BY_ALIGNMENT(.got))
 .got           0x00000000000095d0       0x30 ./Lab_TA.o

.rel.text
 *(SORT_BY_ALIGNMENT(.rel.text))
 *(SORT_BY_ALIGNMENT(.rel.gnu.linkonce.t*))

.rela.text
 *(SORT_BY_ALIGNMENT(.rela.text))
 *(SORT_BY_ALIGNMENT(.rela.gnu.linkonce.t*))

.rel.data
 *(SORT_BY_ALIGNMENT(.rel.data))
 *(SORT_BY_ALIGNMENT(.rel.gnu.linkonce.d*))

.rela.data
 *(SORT_BY_ALIGNMENT(.rela.data))
 *(SORT_BY_ALIGNMENT(.rela.gnu.linkonce.d*))

.rel.rodata
 *(SORT_BY_ALIGNMENT(.rel.rodata))
 *(SORT_BY_ALIGNMENT(.rel.gnu.linkonce.r*))

.rela.rodata
 *(SORT_BY_ALIGNMENT(.rela.rodata))
 *(SORT_BY_ALIGNMENT(.rela.gnu.linkonce.r*))

.rel.dyn        0x0000000000009600       0xb8
 *(SORT_BY_ALIGNMENT(.rel.dyn))
 .rel.data.rel.ro
                0x0000000000009600        0x0 ./Lab_TA.o
 .rel.iplt      0x0000000000009600        0x0 ./Lab_TA.o
 .rel.data.rel.ro.local
                0x0000000000009600       0x90 ./Lab_TA.o
 .rel.ta_head   0x0000000000009690        0x8 ./Lab_TA.o
 .rel.data.rel  0x0000000000009698        0x8 ./Lab_TA.o
 .rel.data.rel.local
                0x00000000000096a0       0x18 ./Lab_TA.o

.rel.got        0x00000000000096b8       0x60
 *(SORT_BY_ALIGNMENT(.rel.got))
 .rel.got       0x00000000000096b8       0x60 ./Lab_TA.o

.rela.got
 *(SORT_BY_ALIGNMENT(.rela.got))

.rel.ctors
 *(SORT_BY_ALIGNMENT(.rel.ctors))

.rela.ctors
 *(SORT_BY_ALIGNMENT(.rela.ctors))

.rel.dtors
 *(SORT_BY_ALIGNMENT(.rel.dtors))

.rela.dtors
 *(SORT_BY_ALIGNMENT(.rela.dtors))

.rel.init
 *(SORT_BY_ALIGNMENT(.rel.init))

.rela.init
 *(SORT_BY_ALIGNMENT(.rela.init))

.rel.fini
 *(SORT_BY_ALIGNMENT(.rel.fini))

.rela.fini
 *(SORT_BY_ALIGNMENT(.rela.fini))

.rel.bss        0x0000000000009718        0x0
 *(SORT_BY_ALIGNMENT(.rel.bss))
 .rel.bss       0x0000000000009718        0x0 ./Lab_TA.o

.rela.bss
 *(SORT_BY_ALIGNMENT(.rela.bss))

.rel.plt        0x0000000000009718        0x0
 *(SORT_BY_ALIGNMENT(.rel.plt))
 .rel.plt       0x0000000000009718        0x0 ./Lab_TA.o

.rela.plt
 *(SORT_BY_ALIGNMENT(.rela.plt))

.dynamic        0x0000000000009718       0x88
 *(SORT_BY_ALIGNMENT(.dynamic))
 .dynamic       0x0000000000009718       0x88 ./Lab_TA.o
                0x0000000000009718                _DYNAMIC

.dynsym         0x00000000000097a0       0x30
 *(SORT_BY_ALIGNMENT(.dynsym))
 .dynsym        0x00000000000097a0       0x30 ./Lab_TA.o

.dynstr         0x00000000000097d0        0x1
 *(SORT_BY_ALIGNMENT(.dynstr))
 .dynstr        0x00000000000097d0        0x1 ./Lab_TA.o

.hash           0x00000000000097d4       0x18
 *(SORT_BY_ALIGNMENT(.hash))
 .hash          0x00000000000097d4       0x18 ./Lab_TA.o
                0x000000000000a000                . = ALIGN (0x1000)

.data           0x000000000000a000      0x2a0
 *(SORT_BY_ALIGNMENT(.data) SORT_BY_ALIGNMENT(.data.*) SORT_BY_ALIGNMENT(.gnu.linkonce.d.*))
 .data          0x000000000000a000      0x208 ./Lab_TA.o
                0x000000000000a000                PublicKey2048Len_N
                0x000000000000a004                Publickey2048_N
                0x000000000000a104                Publickey2048_E
                0x000000000000a204                PublicKey2048Len_E
 .data          0x000000000000a208        0x4 ./user_ta_header.o
                0x000000000000a208                trace_level
 .data.rel.ro.local
                0x000000000000a20c       0x6c ./user_ta_header.o
                0x000000000000a20c                ta_props
 .data.rel      0x000000000000a278        0x4 /home/st/Desktop/Raspbian-optee/raspbian-optee/raspbian-tee1/raspbian-tee/optee_os/out/arm/export-ta_arm32/lib/libutee.a(user_ta_entry.o)
                0x000000000000a278                _ref__utee_mcount
 .data.rel.local
                0x000000000000a27c        0x8 /home/st/Desktop/Raspbian-optee/raspbian-optee/raspbian-tee1/raspbian-tee/optee_os/out/arm/export-ta_arm32/lib/libutee.a(user_ta_entry.o)
 .data.rel.local
                0x000000000000a284       0x1c /home/st/Desktop/Raspbian-optee/raspbian-optee/raspbian-tee1/raspbian-tee/optee_os/out/arm/export-ta_arm32/lib/libutils.a(bget_malloc.o)
 .data.rel.ro   0x000000000000a2a0        0x0 ./Lab_TA.o
 .data          0x000000000000a2a0        0x0 /home/st/Desktop/Raspbian-optee/raspbian-optee/raspbian-tee1/raspbian-tee/optee_os/out/arm/export-ta_arm32/lib/libutils.a(snprintf.o)
 .data          0x000000000000a2a0        0x0 /home/st/Desktop/Raspbian-optee/raspbian-optee/raspbian-tee1/raspbian-tee/optee_os/out/arm/export-ta_arm32/lib/libutils.a(snprintk.o)
 .data          0x000000000000a2a0        0x0 /home/st/Desktop/Raspbian-optee/raspbian-optee/raspbian-tee1/raspbian-tee/optee_os/out/arm/export-ta_arm32/lib/libutils.a(trace.o)
 .data          0x000000000000a2a0        0x0 /home/st/Desktop/Raspbian-optee/raspbian-optee/raspbian-tee1/raspbian-tee/optee_os/out/arm/export-ta_arm32/lib/libutils.a(aeabi_unwind.o)
 .data          0x000000000000a2a0        0x0 /home/st/Desktop/Raspbian-optee/raspbian-optee/raspbian-tee1/raspbian-tee/optee_os/out/arm/export-ta_arm32/lib/libutils.a(memchr.o)
 .data          0x000000000000a2a0        0x0 /home/st/Desktop/Raspbian-optee/raspbian-optee/raspbian-tee1/raspbian-tee/optee_os/out/arm/export-ta_arm32/lib/libutils.a(strlen.o)
 .data          0x000000000000a2a0        0x0 /home/st/Desktop/Raspbian-optee/raspbian-optee/raspbian-tee1/raspbian-tee/optee_os/out/arm/export-ta_arm32/lib/libutils.a(arm32_aeabi_ldivmod_a32.o)
 .data          0x000000000000a2a0        0x0 /home/st/Desktop/Raspbian-optee/raspbian-optee/raspbian-tee1/raspbian-tee/optee_os/out/arm/export-ta_arm32/lib/libutils.a(arm32_aeabi_ldivmod.o)
 .data          0x000000000000a2a0        0x0 /home/st/Desktop/Raspbian-optee/raspbian-optee/raspbian-tee1/raspbian-tee/optee_os/out/arm/export-ta_arm32/lib/libutee.a(trace_ext.o)
 .data          0x000000000000a2a0        0x0 /home/st/Desktop/Raspbian-optee/raspbian-optee/raspbian-tee1/raspbian-tee/optee_os/out/arm/export-ta_arm32/lib/libutee.a(tee_api.o)