Archive member included to satisfy reference by file (symbol)

/home/st/Desktop/Raspbian-optee/raspbian-optee/raspbian-tee1/raspbian-tee/optee_os/out/arm/export-ta_arm32/lib/libutils.a(trace.o)
                              ./Lab_TA.o (trace_printf)
/home/st/Desktop/Raspbian-optee/raspbian-optee/raspbian-tee1/raspbian-tee/optee_os/out/arm/export-ta_arm32/lib/libutils.a(aeabi_unwind.o)
                              ./Lab_TA.o (__aeabi_unwind_cpp_pr0)
/home/st/Desktop/Raspbian-optee/raspbian-optee/raspbian-tee1/raspbian-tee/optee_os/out/arm/export-ta_arm32/lib/libutils.a(snprintk.o)
                              /home/st/Desktop/Raspbian-optee/raspbian-optee/raspbian-tee1/raspbian-tee/optee_os/out/arm/export-ta_arm32/lib/libutils.a(trace.o) (snprintk)
/home/st/Desktop/Raspbian-optee/raspbian-optee/raspbian-tee1/raspbian-tee/optee_os/out/arm/export-ta_arm32/lib/libutils.a(memchr.o)
                              /home/st/Desktop/Raspbian-optee/raspbian-optee/raspbian-tee1/raspbian-tee/optee_os/out/arm/export-ta_arm32/lib/libutils.a(snprintk.o) (memchr)
/home/st/Desktop/Raspbian-optee/raspbian-optee/raspbian-tee1/raspbian-tee/optee_os/out/arm/export-ta_arm32/lib/libutils.a(strlen.o)
                              /home/st/Desktop/Raspbian-optee/raspbian-optee/raspbian-tee1/raspbian-tee/optee_os/out/arm/export-ta_arm32/lib/libutils.a(snprintk.o) (strlen)
/home/st/Desktop/Raspbian-optee/raspbian-optee/raspbian-tee1/raspbian-tee/optee_os/out/arm/export-ta_arm32/lib/libutils.a(arm32_aeabi_ldivmod_a32.o)
                              /home/st/Desktop/Raspbian-optee/raspbian-optee/raspbian-tee1/raspbian-tee/optee_os/out/arm/export-ta_arm32/lib/libutils.a(snprintk.o) (__aeabi_uldivmod)
/home/st/Desktop/Raspbian-optee/raspbian-optee/raspbian-tee1/raspbian-tee/optee_os/out/arm/export-ta_arm32/lib/libutils.a(arm32_aeabi_ldivmod.o)
                              /home/st/Desktop/Raspbian-optee/raspbian-optee/raspbian-tee1/raspbian-tee/optee_os/out/arm/export-ta_arm32/lib/libutils.a(arm32_aeabi_ldivmod_a32.o) (__ul_divmod)
/home/st/Desktop/Raspbian-optee/raspbian-optee/raspbian-tee1/raspbian-tee/optee_os/out/arm/export-ta_arm32/lib/libutee.a(trace_ext.o)
                              /home/st/Desktop/Raspbian-optee/raspbian-optee/raspbian-tee1/raspbian-tee/optee_os/out/arm/export-ta_arm32/lib/libutils.a(trace.o) (trace_ext_puts)
/home/st/Desktop/Raspbian-optee/raspbian-optee/raspbian-tee1/raspbian-tee/optee_os/out/arm/export-ta_arm32/lib/libutee.a(tee_api.o)
                              ./Lab_TA.o (TEE_MemFill)
/home/st/Desktop/Raspbian-optee/raspbian-optee/raspbian-tee1/raspbian-tee/optee_os/out/arm/export-ta_arm32/lib/libutee.a(tee_api_objects.o)
                              ./Lab_TA.o (TEE_AllocateTransientObject)
/home/st/Desktop/Raspbian-optee/raspbian-optee/raspbian-tee1/raspbian-tee/optee_os/out/arm/export-ta_arm32/lib/libutee.a(tee_api_operations.o)
                              ./Lab_TA.o (TEE_FreeOperation)
/home/st/Desktop/Raspbian-optee/raspbian-optee/raspbian-tee1/raspbian-tee/optee_os/out/arm/export-ta_arm32/lib/libutee.a(tee_api_panic.o)
                              /home/st/Desktop/Raspbian-optee/raspbian-optee/raspbian-tee1/raspbian-tee/optee_os/out/arm/export-ta_arm32/lib/libutee.a(tee_api.o) (TEE_Panic)
/home/st/Desktop/Raspbian-optee/raspbian-optee/raspbian-tee1/raspbian-tee/optee_os/out/arm/export-ta_arm32/lib/libutee.a(user_ta_entry.o)
                              ./user_ta_header.o (__utee_entry)
/home/st/Desktop/Raspbian-optee/raspbian-optee/raspbian-tee1/raspbian-tee/optee_os/out/arm/export-ta_arm32/lib/libutee.a(utee_syscalls_a32.o)
                              /home/st/Desktop/Raspbian-optee/raspbian-optee/raspbian-tee1/raspbian-tee/optee_os/out/arm/export-ta_arm32/lib/libutee.a(tee_api_panic.o) (utee_panic)
/home/st/Desktop/Raspbian-optee/raspbian-optee/raspbian-tee1/raspbian-tee/optee_os/out/arm/export-ta_arm32/lib/libutee.a(gprof_a32.o)
                              /home/st/Desktop/Raspbian-optee/raspbian-optee/raspbian-tee1/raspbian-tee/optee_os/out/arm/export-ta_arm32/lib/libutee.a(user_ta_entry.o) (__utee_mcount)
/home/st/Desktop/Raspbian-optee/raspbian-optee/raspbian-tee1/raspbian-tee/optee_os/out/arm/export-ta_arm32/lib/libutee.a(tee_api_arith_mpi.o)
                              /home/st/Desktop/Raspbian-optee/raspbian-optee/raspbian-tee1/raspbian-tee/optee_os/out/arm/export-ta_arm32/lib/libutee.a(user_ta_entry.o) (_TEE_MathAPI_Init)
/home/st/Desktop/Raspbian-optee/raspbian-optee/raspbian-tee1/raspbian-tee/optee_os/out/arm/export-ta_arm32/lib/libmbedtls.a(bignum.o)
                              /home/st/Desktop/Raspbian-optee/raspbian-optee/raspbian-tee1/raspbian-tee/optee_os/out/arm/export-ta_arm32/lib/libutee.a(tee_api_arith_mpi.o) (mbedtls_mpi_init_mempool)
/home/st/Desktop/Raspbian-optee/raspbian-optee/raspbian-tee1/raspbian-tee/optee_os/out/arm/export-ta_arm32/lib/libutils.a(bget_malloc.o)
[...]
Memory Configuration

Name             Origin             Length             Attributes
*default*        0x0000000000000000 0xffffffffffffffff

Linker script and memory map


.ta_head        0x0000000000000000       0x20
 *(SORT_BY_ALIGNMENT(.ta_head))
 .ta_head       0x0000000000000000       0x20 ./user_ta_header.o
                0x0000000000000000                ta_head

.text           0x0000000000000020     0x7ad8
                0x0000000000000020                __text_start = .
 *(SORT_BY_ALIGNMENT(.text) SORT_BY_ALIGNMENT(.text.*))
 .text          0x0000000000000020      0x1c4 ./Lab_TA.o
                0x0000000000000020                TA_CreateEntryPoint
                0x0000000000000024                TA_DestroyEntryPoint
                0x0000000000000026                TA_OpenSessionEntryPoint
                0x000000000000002a                TA_CloseSessionEntryPoint
                0x000000000000002c                rsa_decrypt
                0x00000000000001d0                TA_InvokeCommandEntryPoint
 .text          0x00000000000001e4      0x170 /home/st/Desktop/Raspbian-optee/raspbian-optee/raspbian-tee1/raspbian-tee/optee_os/out/arm/export-ta_arm32/lib/libutils.a(trace.o)
                0x00000000000001e4                trace_set_level
                0x0000000000000200                trace_get_level
                0x0000000000000214                trace_printf
                0x0000000000000350                dhex_dump
 .text          0x0000000000000354      0x6d0 /home/st/Desktop/Raspbian-optee/raspbian-optee/raspbian-tee1/raspbian-tee/optee_os/out/arm/export-ta_arm32/lib/libutils.a(snprintk.o)
                0x0000000000000354                __vsnprintf
                0x00000000000009fc                vsnprintk
                0x0000000000000a0a                snprintk
 .text.__aeabi_ldivmod
                0x0000000000000a24       0x18 /home/st/Desktop/Raspbian-optee/raspbian-optee/raspbian-tee1/raspbian-tee/optee_os/out/arm/export-ta_arm32/lib/libutils.a(arm32_aeabi_ldivmod_a32.o)
                0x0000000000000a24                __aeabi_ldivmod
 .text.__aeabi_uldivmod
                0x0000000000000a3c       0x18 /home/st/Desktop/Raspbian-optee/raspbian-optee/raspbian-tee1/raspbian-tee/optee_os/out/arm/export-ta_arm32/lib/libutils.a(arm32_aeabi_ldivmod_a32.o)
                0x0000000000000a3c                __aeabi_uldivmod
 .text          0x0000000000000a54       0x9c /home/st/Desktop/Raspbian-optee/raspbian-optee/raspbian-tee1/raspbian-tee/optee_os/out/arm/export-ta_arm32/lib/libutee.a(trace_ext.o)
                0x0000000000000a54                trace_ext_puts
                0x0000000000000a68                trace_ext_get_thread_id
                0x0000000000000a6e                printf
                0x0000000000000aa8                puts
                0x0000000000000acc                putchar
 .text          0x0000000000000af0      0x2f8 /home/st/Desktop/Raspbian-optee/raspbian-optee/raspbian-tee1/raspbian-tee/optee_os/out/arm/export-ta_arm32/lib/libutee.a(tee_api.o)
                0x0000000000000af0                __utee_from_param
                0x0000000000000b4c                __utee_to_param
                0x0000000000000b88                TEE_OpenTASession
                0x0000000000000bcc                TEE_CloseTASession
                0x0000000000000be0                TEE_InvokeTACommand
                0x0000000000000c50                TEE_GetCancellationFlag
                0x0000000000000c6c                TEE_UnmaskCancellation
                0x0000000000000c88                TEE_MaskCancellation
                0x0000000000000ca4                TEE_CheckMemoryAccessRights
                0x0000000000000cae                TEE_SetInstanceData
                0x0000000000000cbc                TEE_GetInstanceData
                0x0000000000000cc8                TEE_MemMove
                0x0000000000000ccc                TEE_MemCompare
                0x0000000000000cd0                TEE_MemFill
                0x0000000000000cd4                TEE_GetSystemTime
                0x0000000000000cea                TEE_Wait
                0x0000000000000d08                TEE_GetTAPersistentTime
                0x0000000000000d44                TEE_SetTAPersistentTime
                0x0000000000000d6c                TEE_GetREETime
                0x0000000000000d82                TEE_Malloc
                0x0000000000000dcc                TEE_Realloc
                0x0000000000000dd0                TEE_Free
                0x0000000000000dd4                TEE_CacheClean
                0x0000000000000dda                TEE_CacheFlush
                0x0000000000000de0                TEE_CacheInvalidate
 .text          0x0000000000000de8      0x78c /home/st/Desktop/Raspbian-optee/raspbian-optee/raspbian-tee1/raspbian-tee/optee_os/out/arm/export-ta_arm32/lib/libutee.a(tee_api_objects.o)
                0x0000000000000de8                __utee_from_attr
                0x0000000000000e20                TEE_GetObjectInfo
                0x0000000000000e4c                TEE_GetObjectInfo1
                0x0000000000000e6c                TEE_RestrictObjectUsage1
                0x0000000000000e8c                TEE_RestrictObjectUsage
                0x0000000000000eb8                TEE_GetObjectBufferAttribute
                0x0000000000000f28                TEE_GetObjectValueAttribute
                0x0000000000000fac                TEE_CloseObject
                0x0000000000000fc0                TEE_AllocateTransientObject
                0x0000000000000ff0                TEE_FreeTransientObject
                0x0000000000001020                TEE_ResetTransientObject
                0x0000000000001050                TEE_PopulateTransientObject
                0x00000000000010c0                TEE_InitRefAttribute
                0x00000000000010e2                TEE_InitValueAttribute
                0x0000000000001104                TEE_CopyObjectAttributes1
                0x000000000000116c                TEE_CopyObjectAttributes
                0x000000000000119c                TEE_GenerateKey
                0x00000000000011e4                TEE_OpenPersistentObject
                0x0000000000001248                TEE_CreatePersistentObject
                0x00000000000012e0                TEE_CloseAndDeletePersistentObject1
                0x0000000000001304                TEE_CloseAndDeletePersistentObject
                0x000000000000131a                TEE_RenamePersistentObject
                0x0000000000001360                TEE_AllocatePersistentObjectEnumerator
                0x0000000000001398                TEE_FreePersistentObjectEnumerator
                0x00000000000013ac                TEE_ResetPersistentObjectEnumerator
                0x00000000000013c0                TEE_StartPersistentObjectEnumerator
                0x00000000000013ec                TEE_GetNextPersistentObject
                0x0000000000001440                TEE_ReadObjectData
                0x0000000000001480                TEE_WriteObjectData
                0x00000000000014c0                TEE_TruncateObjectData
                0x00000000000014f8                TEE_SeekObjectData
 .text          0x0000000000001574     0x16c8 /home/st/Desktop/Raspbian-optee/raspbian-optee/raspbian-tee1/raspbian-tee/optee_os/out/arm/export-ta_arm32/lib/libutee.a(tee_api_operations.o)
                0x00000000000016cc                TEE_FreeOperation
                0x00000000000016f2                TEE_AllocateOperation
                0x0000000000001d18                TEE_GetOperationInfo
                0x0000000000001d3a                TEE_GetOperationInfoMultiple
                0x0000000000001df4                TEE_ResetOperation
                0x0000000000001e34                TEE_SetOperationKey
                0x0000000000001ec4                TEE_SetOperationKey2
                0x0000000000001fb8                TEE_CopyOperation
                0x000000000000205c                TEE_DigestUpdate
                0x000000000000208c                TEE_DigestDoFinal
                0x00000000000020fc                TEE_CipherInit
                0x0000000000002152                TEE_CipherUpdate
                0x0000000000002238                TEE_CipherDoFinal
                0x0000000000002350                TEE_MACInit
                0x00000000000023a6                TEE_MACUpdate
                0x00000000000023f4                TEE_MACComputeFinal
                0x000000000000245c                TEE_MACCompareFinal
                0x00000000000024c4                TEE_AEInit
                0x0000000000002534                TEE_AEUpdateAAD
                0x000000000000257a                TEE_AEUpdate
                0x0000000000002648                TEE_AEEncryptFinal
                0x000000000000275c                TEE_AEDecryptFinal
                0x0000000000002864                TEE_AsymmetricEncrypt
                0x0000000000002928                TEE_AsymmetricDecrypt
                0x00000000000029f0                TEE_AsymmetricSignDigest
                0x0000000000002aac                TEE_AsymmetricVerifyDigest
                0x0000000000002b58                TEE_DeriveKey
                0x0000000000002c12                TEE_GenerateRandom
                0x0000000000002c24                rand
 .text          0x0000000000002c3c      0x220 /home/st/Desktop/Raspbian-optee/raspbian-optee/raspbian-tee1/raspbian-tee/optee_os/out/arm/export-ta_arm32/lib/libutee.a(user_ta_entry.o)
                0x0000000000002cd0                __utee_entry
 .text          0x0000000000002e5c        0x0 /home/st/Desktop/Raspbian-optee/raspbian-optee/raspbian-tee1/raspbian-tee/optee_os/out/arm/export-ta_arm32/lib/libutee.a(utee_syscalls_a32.o)
 .text.utee_panic
                0x0000000000002e5c       0x14 /home/st/Desktop/Raspbian-optee/raspbian-optee/raspbian-tee1/raspbian-tee/optee_os/out/arm/export-ta_arm32/lib/libutee.a(utee_syscalls_a32.o)
                0x0000000000002e5c                utee_panic
 .text.utee_return
                0x0000000000002e70       0x14 /home/st/Desktop/Raspbian-optee/raspbian-optee/raspbian-tee1/raspbian-tee/optee_os/out/arm/export-ta_arm32/lib/libutee.a(utee_syscalls_a32.o)
                0x0000000000002e70                utee_return
 .text.utee_log
                0x0000000000002e84       0x14 /home/st/Desktop/Raspbian-optee/raspbian-optee/raspbian-tee1/raspbian-tee/optee_os/out/arm/export-ta_arm32/lib/libutee.a(utee_syscalls_a32.o)
                0x0000000000002e84                utee_log
 .text.__utee_panic
                0x0000000000002e98       0x14 /home/st/Desktop/Raspbian-optee/raspbian-optee/raspbian-tee1/raspbian-tee/optee_os/out/arm/export-ta_arm32/lib/libutee.a(utee_syscalls_a32.o)
                0x0000000000002e98                __utee_panic
 .text.utee_get_property
                0x0000000000002eac       0x18 /home/st/Desktop/Raspbian-optee/raspbian-optee/raspbian-tee1/raspbian-tee/optee_os/out/arm/export-ta_arm32/lib/libutee.a(utee_syscalls_a32.o)
                0x0000000000002eac                utee_get_property
 .text.utee_get_property_name_to_index
                0x0000000000002ec4       0x14 /home/st/Desktop/Raspbian-optee/raspbian-optee/raspbian-tee1/raspbian-tee/optee_os/out/arm/export-ta_arm32/lib/libutee.a(utee_syscalls_a32.o)
                0x0000000000002ec4                utee_get_property_name_to_index
 .text.utee_open_ta_session
                0x0000000000002ed8       0x18 /home/st/Desktop/Raspbian-optee/raspbian-optee/raspbian-tee1/raspbian-tee/optee_os/out/arm/export-ta_arm32/lib/libutee.a(utee_syscalls_a32.o)
                0x0000000000002ed8                utee_open_ta_session
 .text.utee_close_ta_session
                0x0000000000002ef0       0x14 /home/st/Desktop/Raspbian-optee/raspbian-optee/raspbian-tee1/raspbian-tee/optee_os/out/arm/export-ta_arm32/lib/libutee.a(utee_syscalls_a32.o)
                0x0000000000002ef0                utee_close_ta_session
 .text.utee_invoke_ta_command
                0x0000000000002f04       0x18 /home/st/Desktop/Raspbian-optee/raspbian-optee/raspbian-tee1/raspbian-tee/optee_os/out/arm/export-ta_arm32/lib/libutee.a(utee_syscalls_a32.o)
                0x0000000000002f04                utee_invoke_ta_command
 .text.utee_get_cancellation_flag
                0x0000000000002f1c       0x14 /home/st/Desktop/Raspbian-optee/raspbian-optee/raspbian-tee1/raspbian-tee/optee_os/out/arm/export-ta_arm32/lib/libutee.a(utee_syscalls_a32.o)
                0x0000000000002f1c                utee_get_cancellation_flag
 .text.utee_check_access_rights
                0x0000000000002f30       0x14 /home/st/Desktop/Raspbian-optee/raspbian-optee/raspbian-tee1/raspbian-tee/optee_os/out/arm/export-ta_arm32/lib/libutee.a(utee_syscalls_a32.o)
                0x0000000000002f30                utee_check_access_rights
 .text.utee_unmask_cancellation
                0x0000000000002f44       0x14 /home/st/Desktop/Raspbian-optee/raspbian-optee/raspbian-tee1/raspbian-tee/optee_os/out/arm/export-ta_arm32/lib/libutee.a(utee_syscalls_a32.o)
                0x0000000000002f44                utee_unmask_cancellation
 .text.utee_mask_cancellation
                0x0000000000002f58       0x14 /home/st/Desktop/Raspbian-optee/raspbian-optee/raspbian-tee1/raspbian-tee/optee_os/out/arm/export-ta_arm32/lib/libutee.a(utee_syscalls_a32.o)
                0x0000000000002f58                utee_mask_cancellation
 .text.utee_wait
                0x0000000000002f6c       0x14 /home/st/Desktop/Raspbian-optee/raspbian-optee/raspbian-tee1/raspbian-tee/optee_os/out/arm/export-ta_arm32/lib/libutee.a(utee_syscalls_a32.o)
                0x0000000000002f6c                utee_wait
 .text.utee_get_time
                0x0000000000002f80       0x14 /home/st/Desktop/Raspbian-optee/raspbian-optee/raspbian-tee1/raspbian-tee/optee_os/out/arm/export-ta_arm32/lib/libutee.a(utee_syscalls_a32.o)
                0x0000000000002f80                utee_get_time
 .text.utee_set_ta_time
                0x0000000000002f94       0x14 /home/st/Desktop/Raspbian-optee/raspbian-optee/raspbian-tee1/raspbian-tee/optee_os/out/arm/export-ta_arm32/lib/libutee.a(utee_syscalls_a32.o)
                0x0000000000002f94                utee_set_ta_time
 .text.utee_cryp_state_alloc
                0x0000000000002fa8       0x18 /home/st/Desktop/Raspbian-optee/raspbian-optee/raspbian-tee1/raspbian-tee/optee_os/out/arm/export-ta_arm32/lib/libutee.a(utee_syscalls_a32.o)
                0x0000000000002fa8                utee_cryp_state_alloc
 .text.utee_cryp_state_copy
                0x0000000000002fc0       0x14 /home/st/Desktop/Raspbian-optee/raspbian-optee/raspbian-tee1/raspbian-tee/optee_os/out/arm/export-ta_arm32/lib/libutee.a(utee_syscalls_a32.o)
                0x0000000000002fc0                utee_cryp_state_copy
 .text.utee_cryp_state_free
                0x0000000000002fd4       0x14 /home/st/Desktop/Raspbian-optee/raspbian-optee/raspbian-tee1/raspbian-tee/optee_os/out/arm/export-ta_arm32/lib/libutee.a(utee_syscalls_a32.o)
                0x0000000000002fd4                utee_cryp_state_free
 .text.utee_hash_init
                0x0000000000002fe8       0x14 /home/st/Desktop/Raspbian-optee/raspbian-optee/raspbian-tee1/raspbian-tee/optee_os/out/arm/export-ta_arm32/lib/libutee.a(utee_syscalls_a32.o)
                0x0000000000002fe8                utee_hash_init
 .text.utee_hash_update
                0x0000000000002ffc       0x14 /home/st/Desktop/Raspbian-optee/raspbian-optee/raspbian-tee1/raspbian-tee/optee_os/out/arm/export-ta_arm32/lib/libutee.a(utee_syscalls_a32.o)
                0x0000000000002ffc                utee_hash_update
 .text.utee_hash_final
                0x0000000000003010       0x18 /home/st/Desktop/Raspbian-optee/raspbian-optee/raspbian-tee1/raspbian-tee/optee_os/out/arm/export-ta_arm32/lib/libutee.a(utee_syscalls_a32.o)
                0x0000000000003010                utee_hash_final
 .text.utee_cipher_init
                0x0000000000003028       0x14 /home/st/Desktop/Raspbian-optee/raspbian-optee/raspbian-tee1/raspbian-tee/optee_os/out/arm/export-ta_arm32/lib/libutee.a(utee_syscalls_a32.o)
                0x0000000000003028                utee_cipher_init
 .text.utee_cipher_update
                0x000000000000303c       0x18 /home/st/Desktop/Raspbian-optee/raspbian-optee/raspbian-tee1/raspbian-tee/optee_os/out/arm/export-ta_arm32/lib/libutee.a(utee_syscalls_a32.o)
                0x000000000000303c                utee_cipher_update
 .text.utee_cipher_final
                0x0000000000003054       0x18 /home/st/Desktop/Raspbian-optee/raspbian-optee/raspbian-tee1/raspbian-tee/optee_os/out/arm/export-ta_arm32/lib/libutee.a(utee_syscalls_a32.o)
                0x0000000000003054                utee_cipher_final
 .text.utee_cryp_obj_get_info
                0x000000000000306c       0x14 /home/st/Desktop/Raspbian-optee/raspbian-optee/raspbian-tee1/raspbian-tee/optee_os/out/arm/export-ta_arm32/lib/libutee.a(utee_syscalls_a32.o)
                0x000000000000306c                utee_cryp_obj_get_info
 .text.utee_cryp_obj_restrict_usage
                0x0000000000003080       0x14 /home/st/Desktop/Raspbian-optee/raspbian-optee/raspbian-tee1/raspbian-tee/optee_os/out/arm/export-ta_arm32/lib/libutee.a(utee_syscalls_a32.o)
                0x0000000000003080                utee_cryp_obj_restrict_usage
 .text.utee_cryp_obj_get_attr
                0x0000000000003094       0x14 /home/st/Desktop/Raspbian-optee/raspbian-optee/raspbian-tee1/raspbian-tee/optee_os/out/arm/export-ta_arm32/lib/libutee.a(utee_syscalls_a32.o)
                0x0000000000003094                utee_cryp_obj_get_attr
 .text.utee_cryp_obj_alloc
                0x00000000000030a8       0x14 /home/st/Desktop/Raspbian-optee/raspbian-optee/raspbian-tee1/raspbian-tee/optee_os/out/arm/export-ta_arm32/lib/libutee.a(utee_syscalls_a32.o)
                0x00000000000030a8                utee_cryp_obj_alloc
 .text.utee_cryp_obj_close
                0x00000000000030bc       0x14 /home/st/Desktop/Raspbian-optee/raspbian-optee/raspbian-tee1/raspbian-tee/optee_os/out/arm/export-ta_arm32/lib/libutee.a(utee_syscalls_a32.o)
                0x00000000000030bc                utee_cryp_obj_close
 .text.utee_cryp_obj_reset
                0x00000000000030d0       0x14 /home/st/Desktop/Raspbian-optee/raspbian-optee/raspbian-tee1/raspbian-tee/optee_os/out/arm/export-ta_arm32/lib/libutee.a(utee_syscalls_a32.o)
                0x00000000000030d0                utee_cryp_obj_reset
 .text.utee_cryp_obj_populate
                0x00000000000030e4       0x14 /home/st/Desktop/Raspbian-optee/raspbian-optee/raspbian-tee1/raspbian-tee/optee_os/out/arm/export-ta_arm32/lib/libutee.a(utee_syscalls_a32.o)
                0x00000000000030e4                utee_cryp_obj_populate
 .text.utee_cryp_obj_copy
                0x00000000000030f8       0x14 /home/st/Desktop/Raspbian-optee/raspbian-optee/raspbian-tee1/raspbian-tee/optee_os/out/arm/export-ta_arm32/lib/libutee.a(utee_syscalls_a32.o)
                0x00000000000030f8                utee_cryp_obj_copy
 .text.utee_cryp_derive_key
                0x000000000000310c       0x14 /home/st/Desktop/Raspbian-optee/raspbian-optee/raspbian-tee1/raspbian-tee/optee_os/out/arm/export-ta_arm32/lib/libutee.a(utee_syscalls_a32.o)
                0x000000000000310c                utee_cryp_derive_key
 .text.utee_cryp_random_number_generate
                0x0000000000003120       0x14 /home/st/Desktop/Raspbian-optee/raspbian-optee/raspbian-tee1/raspbian-tee/optee_os/out/arm/export-ta_arm32/lib/libutee.a(utee_syscalls_a32.o)
                0x0000000000003120                utee_cryp_random_number_generate
 .text.utee_authenc_init
                0x0000000000003134       0x18 /home/st/Desktop/Raspbian-optee/raspbian-optee/raspbian-tee1/raspbian-tee/optee_os/out/arm/export-ta_arm32/lib/libutee.a(utee_syscalls_a32.o)
                0x0000000000003134                utee_authenc_init
 .text.utee_authenc_update_aad
                0x000000000000314c       0x14 /home/st/Desktop/Raspbian-optee/raspbian-optee/raspbian-tee1/raspbian-tee/optee_os/out/arm/export-ta_arm32/lib/libutee.a(utee_syscalls_a32.o)
                0x000000000000314c                utee_authenc_update_aad
 .text.utee_authenc_update_payload
                0x0000000000003160       0x18 /home/st/Desktop/Raspbian-optee/raspbian-optee/raspbian-tee1/raspbian-tee/optee_os/out/arm/export-ta_arm32/lib/libutee.a(utee_syscalls_a32.o)
                0x0000000000003160                utee_authenc_update_payload
 .text.utee_authenc_enc_final
                0x0000000000003178       0x18 /home/st/Desktop/Raspbian-optee/raspbian-optee/raspbian-tee1/raspbian-tee/optee_os/out/arm/export-ta_arm32/lib/libutee.a(utee_syscalls_a32.o)
                0x0000000000003178                utee_authenc_enc_final
 .text.utee_authenc_dec_final
                0x0000000000003190       0x18 /home/st/Desktop/Raspbian-optee/raspbian-optee/raspbian-tee1/raspbian-tee/optee_os/out/arm/export-ta_arm32/lib/libutee.a(utee_syscalls_a32.o)
                0x0000000000003190                utee_authenc_dec_final
 .text.utee_asymm_operate
                0x00000000000031a8       0x18 /home/st/Desktop/Raspbian-optee/raspbian-optee/raspbian-tee1/raspbian-tee/optee_os/out/arm/export-ta_arm32/lib/libutee.a(utee_syscalls_a32.o)
                0x00000000000031a8                utee_asymm_operate
 .text.utee_asymm_verify
                0x00000000000031c0       0x18 /home/st/Desktop/Raspbian-optee/raspbian-optee/raspbian-tee1/raspbian-tee/optee_os/out/arm/export-ta_arm32/lib/libutee.a(utee_syscalls_a32.o)
                0x00000000000031c0                utee_asymm_verify
 .text.utee_storage_obj_open
                0x00000000000031d8       0x18 /home/st/Desktop/Raspbian-optee/raspbian-optee/raspbian-tee1/raspbian-tee/optee_os/out/arm/export-ta_arm32/lib/libutee.a(utee_syscalls_a32.o)
                0x00000000000031d8                utee_storage_obj_open
 .text.utee_storage_obj_create
                0x00000000000031f0       0x18 /home/st/Desktop/Raspbian-optee/raspbian-optee/raspbian-tee1/raspbian-tee/optee_os/out/arm/export-ta_arm32/lib/libutee.a(utee_syscalls_a32.o)
                0x00000000000031f0                utee_storage_obj_create
 .text.utee_storage_obj_del
                0x0000000000003208       0x14 /home/st/Desktop/Raspbian-optee/raspbian-optee/raspbian-tee1/raspbian-tee/optee_os/out/arm/export-ta_arm32/lib/libutee.a(utee_syscalls_a32.o)
                0x0000000000003208                utee_storage_obj_del
 .text.utee_storage_obj_rename
                0x000000000000321c       0x14 /home/st/Desktop/Raspbian-optee/raspbian-optee/raspbian-tee1/raspbian-tee/optee_os/out/arm/export-ta_arm32/lib/libutee.a(utee_syscalls_a32.o)
                0x000000000000321c                utee_storage_obj_rename
 .text.utee_storage_alloc_enum
                0x0000000000003230       0x14 /home/st/Desktop/Raspbian-optee/raspbian-optee/raspbian-tee1/raspbian-tee/optee_os/out/arm/export-ta_arm32/lib/libutee.a(utee_syscalls_a32.o)
                0x0000000000003230                utee_storage_alloc_enum
 .text.utee_storage_free_enum
                0x0000000000003244       0x14 /home/st/Desktop/Raspbian-optee/raspbian-optee/raspbian-tee1/raspbian-tee/optee_os/out/arm/export-ta_arm32/lib/libutee.a(utee_syscalls_a32.o)
                0x0000000000003244                utee_storage_free_enum
 .text.utee_storage_reset_enum
                0x0000000000003258       0x14 /home/st/Desktop/Raspbian-optee/raspbian-optee/raspbian-tee1/raspbian-tee/optee_os/out/arm/export-ta_arm32/lib/libutee.a(utee_syscalls_a32.o)
                0x0000000000003258                utee_storage_reset_enum
 .text.utee_storage_start_enum
                0x000000000000326c       0x14 /home/st/Desktop/Raspbian-optee/raspbian-optee/raspbian-tee1/raspbian-tee/optee_os/out/arm/export-ta_arm32/lib/libutee.a(utee_syscalls_a32.o)
                0x000000000000326c                utee_storage_start_enum
 .text.utee_storage_next_enum
                0x0000000000003280       0x14 /home/st/Desktop/Raspbian-optee/raspbian-optee/raspbian-tee1/raspbian-tee/optee_os/out/arm/export-ta_arm32/lib/libutee.a(utee_syscalls_a32.o)
                0x0000000000003280                utee_storage_next_enum
 .text.utee_storage_obj_read
                0x0000000000003294       0x14 /home/st/Desktop/Raspbian-optee/raspbian-optee/raspbian-tee1/raspbian-tee/optee_os/out/arm/export-ta_arm32/lib/libutee.a(utee_syscalls_a32.o)
                0x0000000000003294                utee_storage_obj_read
 .text.utee_storage_obj_write
                0x00000000000032a8       0x14 /home/st/Desktop/Raspbian-optee/raspbian-optee/raspbian-tee1/raspbian-tee/optee_os/out/arm/export-ta_arm32/lib/libutee.a(utee_syscalls_a32.o)
                0x00000000000032a8                utee_storage_obj_write
 .text.utee_storage_obj_trunc
                0x00000000000032bc       0x14 /home/st/Desktop/Raspbian-optee/raspbian-optee/raspbian-tee1/raspbian-tee/optee_os/out/arm/export-ta_arm32/lib/libutee.a(utee_syscalls_a32.o)
                0x00000000000032bc                utee_storage_obj_trunc
 .text.utee_storage_obj_seek
                0x00000000000032d0       0x14 /home/st/Desktop/Raspbian-optee/raspbian-optee/raspbian-tee1/raspbian-tee/optee_os/out/arm/export-ta_arm32/lib/libutee.a(utee_syscalls_a32.o)
                0x00000000000032d0                utee_storage_obj_seek
 .text.utee_cryp_obj_generate_key
                0x00000000000032e4       0x14 /home/st/Desktop/Raspbian-optee/raspbian-optee/raspbian-tee1/raspbian-tee/optee_os/out/arm/export-ta_arm32/lib/libutee.a(utee_syscalls_a32.o)
                0x00000000000032e4                utee_cryp_obj_generate_key
 .text.utee_cache_operation
                0x00000000000032f8       0x14 /home/st/Desktop/Raspbian-optee/raspbian-optee/raspbian-tee1/raspbian-tee/optee_os/out/arm/export-ta_arm32/lib/libutee.a(utee_syscalls_a32.o)
                0x00000000000032f8                utee_cache_operation
 .text.__utee_mcount
                0x000000000000330c        0xc /home/st/Desktop/Raspbian-optee/raspbian-optee/raspbian-tee1/raspbian-tee/optee_os/out/arm/export-ta_arm32/lib/libutee.a(gprof_a32.o)
                0x000000000000330c                __utee_mcount
 .text          0x0000000000003318     0x1044 /home/st/Desktop/Raspbian-optee/raspbian-optee/raspbian-tee1/raspbian-tee/optee_os/out/arm/export-ta_arm32/lib/libutee.a(tee_api_arith_mpi.o)
                0x00000000000038ec                _TEE_MathAPI_Init
                0x0000000000003930                TEE_BigIntInit
                0x0000000000003970                TEE_BigIntConvertFromOctetString
                0x00000000000039b0                TEE_BigIntConvertToOctetString
                0x0000000000003a08                TEE_BigIntConvertFromS32
                0x0000000000003a40                TEE_BigIntConvertToS32
                0x0000000000003a9c                TEE_BigIntCmp
                0x0000000000003ad2                TEE_BigIntCmpS32
                0x0000000000003be0                TEE_BigIntShiftRight
                0x0000000000003cd4                TEE_BigIntGetBit
                0x0000000000003cfe                TEE_BigIntGetBitCount
                0x0000000000003d20                TEE_BigIntAdd
                0x0000000000003d3c                TEE_BigIntSub
                0x0000000000003d58                TEE_BigIntNeg
                0x0000000000003db0                TEE_BigIntMul
                0x0000000000003e58                TEE_BigIntSquare
                0x0000000000003e5e                TEE_BigIntDiv
                0x0000000000003f0c                TEE_BigIntMod
                0x0000000000003f5c                TEE_BigIntAddMod
                0x0000000000003f78                TEE_BigIntSubMod
                0x0000000000003f94                TEE_BigIntMulMod
                0x0000000000003fb0                TEE_BigIntSquareMod
                0x0000000000003fb8                TEE_BigIntInvMod
                0x000000000000405c                TEE_BigIntRelativePrime
                0x00000000000040d8                TEE_BigIntComputeExtendedGcd
                0x000000000000422c                TEE_BigIntIsProbablePrime
                0x000000000000425c                TEE_BigIntInitFMM
                0x0000000000004260                TEE_BigIntInitFMMContext
                0x0000000000004262                TEE_BigIntFMMSizeInU32
                0x000000000000426a                TEE_BigIntFMMContextSizeInU32
                0x000000000000426e                TEE_BigIntConvertToFMM
                0x0000000000004272                TEE_BigIntConvertFromFMM
                0x00000000000042bc                TEE_BigIntComputeFMM
 .text          0x000000000000435c     0x27ac /home/st/Desktop/Raspbian-optee/raspbian-optee/raspbian-tee1/raspbian-tee/optee_os/out/arm/export-ta_arm32/lib/libmbedtls.a(bignum.o)
                0x00000000000048ea                mbedtls_mpi_init
                0x00000000000048f8                mbedtls_mpi_init_mempool
                0x000000000000491c                mbedtls_mpi_init_static
                0x000000000000492e                mbedtls_mpi_free
                0x0000000000004978                mbedtls_mpi_grow
                0x0000000000004a20                mbedtls_mpi_shrink
                0x0000000000004ae0                mbedtls_mpi_copy
                0x0000000000004b36                mbedtls_mpi_swap
                0x0000000000004b64                mbedtls_mpi_safe_cond_assign
                0x0000000000004bd0                mbedtls_mpi_safe_cond_swap
                0x0000000000004c58                mbedtls_mpi_lset
                0x0000000000004c90                mbedtls_mpi_get_bit
                0x0000000000004cb2                mbedtls_mpi_set_bit
                0x0000000000004d04                mbedtls_mpi_lsb
                0x0000000000004d36                mbedtls_mpi_bitlen
                0x0000000000004d6c                mbedtls_mpi_size
                0x0000000000004d78                mbedtls_mpi_read_binary
                0x0000000000004dde                mbedtls_mpi_write_binary
                0x0000000000004e24                mbedtls_mpi_shift_l
                0x0000000000004ebc                mbedtls_mpi_shift_r
                0x0000000000004f34                mbedtls_mpi_cmp_abs
                0x0000000000004f96                mbedtls_mpi_cmp_mpi
                0x000000000000501e                mbedtls_mpi_cmp_int
                0x000000000000504e                mbedtls_mpi_add_abs
                0x0000000000005100                mbedtls_mpi_sub_abs
                0x000000000000517a                mbedtls_mpi_add_mpi
                0x00000000000051c2                mbedtls_mpi_sub_mpi
                0x000000000000520e                mbedtls_mpi_add_int
                0x000000000000523e                mbedtls_mpi_sub_int
                0x000000000000526e                mbedtls_mpi_mul_mpi
                0x000000000000533c                mbedtls_mpi_mul_int
                0x000000000000535a                mbedtls_mpi_read_string
                0x0000000000005480                mbedtls_mpi_div_mpi
                0x0000000000005818                mbedtls_mpi_div_int
                0x0000000000005846                mbedtls_mpi_mod_mpi
                0x00000000000058aa                mbedtls_mpi_mod_int
                0x0000000000005952                mbedtls_mpi_write_string
                0x0000000000005ab8                mbedtls_mpi_montg_init
                0x0000000000005ae0                mbedtls_mpi_montmul
                0x0000000000005ba4                mbedtls_mpi_montred
                0x0000000000005bc8                mbedtls_mpi_exp_mod
                0x0000000000006018                mbedtls_mpi_gcd
                0x000000000000612a                mbedtls_mpi_fill_random
                0x0000000000006378                mbedtls_mpi_inv_mod
                0x0000000000006676                mbedtls_mpi_is_prime
                0x00000000000066d2                mbedtls_mpi_gen_prime
                0x000000000000680c                mbedtls_mpi_self_test
 .text          0x0000000000006b08      0xbf0 /home/st/Desktop/Raspbian-optee/raspbian-optee/raspbian-tee1/raspbian-tee/optee_os/out/arm/export-ta_arm32/lib/libutils.a(bget_malloc.o)
                0x0000000000006c10                bget
                0x0000000000006d44                bgetz
                0x0000000000006da0                brel
                0x0000000000006f98                bgetr
                0x0000000000007014                bpool
                0x00000000000070b0                bstats
                0x0000000000007114                malloc_reset_stats
                0x0000000000007128                malloc_get_stats
                0x0000000000007148                malloc
                0x0000000000007180                free
                0x0000000000007190                calloc
                0x00000000000071d8                realloc
                0x0000000000007210                memalign
                0x00000000000074f4                malloc_add_pool
                0x00000000000075c8                malloc_buffer_is_within_alloced
                0x00000000000076a4                malloc_buffer_overlaps_heap
 .text          0x00000000000076f8      0x104 /home/st/Desktop/Raspbian-optee/raspbian-optee/raspbian-tee1/raspbian-tee/optee_os/out/arm/export-ta_arm32/lib/libutils.a(mempool.o)
                0x00000000000076f8                mempool_alloc_pool
                0x000000000000773c                mempool_alloc
                0x00000000000077a8                mempool_calloc
                0x00000000000077cc                mempool_free
 .text          0x00000000000077fc       0x38 /home/st/Desktop/Raspbian-optee/raspbian-optee/raspbian-tee1/raspbian-tee/optee_os/out/arm/export-ta_arm32/lib/libutee.a(assert.o)
                0x00000000000077fc                _assert_log
                0x0000000000007824                _assert_break
 .text          0x0000000000007834        0x4 ./user_ta_header.o
                0x0000000000007834                tahead_get_trace_level
 .text          0x0000000000007838        0x6 /home/st/Desktop/Raspbian-optee/raspbian-optee/raspbian-tee1/raspbian-tee/optee_os/out/arm/export-ta_arm32/lib/libutils.a(aeabi_unwind.o)
                0x0000000000007838                __aeabi_unwind_cpp_pr0
                0x000000000000783a                __aeabi_unwind_cpp_pr1
                0x000000000000783c                __aeabi_unwind_cpp_pr2
 .text          0x000000000000783e       0x1c /home/st/Desktop/Raspbian-optee/raspbian-optee/raspbian-tee1/raspbian-tee/optee_os/out/arm/export-ta_arm32/lib/libutils.a(memchr.o)
                0x000000000000783e                memchr
 .text          0x000000000000785a       0x10 /home/st/Desktop/Raspbian-optee/raspbian-optee/raspbian-tee1/raspbian-tee/optee_os/out/arm/export-ta_arm32/lib/libutils.a(strlen.o)
                0x000000000000785a                strlen
 .text          0x000000000000786a      0x17c /home/st/Desktop/Raspbian-optee/raspbian-optee/raspbian-tee1/raspbian-tee/optee_os/out/arm/export-ta_arm32/lib/libutils.a(arm32_aeabi_ldivmod.o)
                0x000000000000786a                __ul_divmod
                0x00000000000078e6                __l_divmod
 .text          0x00000000000079e6        0x4 /home/st/Desktop/Raspbian-optee/raspbian-optee/raspbian-tee1/raspbian-tee/optee_os/out/arm/export-ta_arm32/lib/libutee.a(tee_api_panic.o)
                0x00000000000079e6                TEE_Panic
 .text          0x00000000000079ea       0x2c /home/st/Desktop/Raspbian-optee/raspbian-optee/raspbian-tee1/raspbian-tee/optee_os/out/arm/export-ta_arm32/lib/libutils.a(snprintf.o)
                0x00000000000079ea                snprintf
                0x0000000000007a08                vsnprintf
 .text          0x0000000000007a16       0x1c /home/st/Desktop/Raspbian-optee/raspbian-optee/raspbian-tee1/raspbian-tee/optee_os/out/arm/export-ta_arm32/lib/libutils.a(memcmp.o)
                0x0000000000007a16                memcmp
 .text          0x0000000000007a32       0x16 /home/st/Desktop/Raspbian-optee/raspbian-optee/raspbian-tee1/raspbian-tee/optee_os/out/arm/export-ta_arm32/lib/libutils.a(memcpy.o)
                0x0000000000007a32                memcpy
 .text          0x0000000000007a48       0x34 /home/st/Desktop/Raspbian-optee/raspbian-optee/raspbian-tee1/raspbian-tee/optee_os/out/arm/export-ta_arm32/lib/libutils.a(memmove.o)
                0x0000000000007a48                memmove
 .text          0x0000000000007a7c       0x10 /home/st/Desktop/Raspbian-optee/raspbian-optee/raspbian-tee1/raspbian-tee/optee_os/out/arm/export-ta_arm32/lib/libutils.a(memset.o)
                0x0000000000007a7c                memset
 .text          0x0000000000007a8c       0x2c /home/st/Desktop/Raspbian-optee/raspbian-optee/raspbian-tee1/raspbian-tee/optee_os/out/arm/export-ta_arm32/lib/libutils.a(buf_compare_ct.o)
                0x0000000000007a8c                buf_compare_ct
 .text          0x0000000000007ab8        0x0 /home/st/Desktop/Raspbian-optee/raspbian-optee/raspbian-tee1/raspbian-tee/optee_os/out/arm/export-ta_arm32/lib/libutils.a(arm32_aeabi_ldivmod_a32.o)
 .text          0x0000000000007ab8        0x0 /home/st/Desktop/Raspbian-optee/raspbian-optee/raspbian-tee1/raspbian-tee/optee_os/out/arm/export-ta_arm32/lib/libutee.a(gprof_a32.o)
 .text.__stub   0x0000000000007ab8       0x40 linker stubs
 *(SORT_BY_ALIGNMENT(.stub))
 *(SORT_BY_ALIGNMENT(.glue_7))
 .glue_7        0x0000000000007af8        0x0 linker stubs
 *(SORT_BY_ALIGNMENT(.glue_7t))
 .glue_7t       0x0000000000007af8        0x0 linker stubs
 *(SORT_BY_ALIGNMENT(.gnu.linkonce.t.*))
 *(SORT_BY_ALIGNMENT(.vfp11_veneer))
 .vfp11_veneer  0x0000000000007af8        0x0 linker stubs
                [!provide]                        PROVIDE (__gnu_mcount_nc = __utee_mcount)
                0x0000000000007af8                __text_end = .

.v4_bx          0x0000000000007af8        0x0
 .v4_bx         0x0000000000007af8        0x0 linker stubs

.iplt           0x0000000000007af8        0x0
 .iplt          0x0000000000007af8        0x0 ./Lab_TA.o

.plt            0x0000000000007af8        0x0
 *(SORT_BY_ALIGNMENT(.plt))
 .plt           0x0000000000007af8        0x0 ./Lab_TA.o

.eh_frame
 *(SORT_BY_ALIGNMENT(.eh_frame))

.rodata         0x0000000000007af8     0x10f2
 *(SORT_BY_ALIGNMENT(.gnu.linkonce.r.*))
 *(SORT_BY_ALIGNMENT(.rodata) SORT_BY_ALIGNMENT(.rodata.*))
 .rodata.user_ta_header.c
                0x0000000000007af8       0x1b ./user_ta_header.o
                0x0000000000007af8                ta_num_props
                0x0000000000007b0c                ta_heap_size
                0x0000000000007b10                trace_ext_prefix
 *fill*         0x0000000000007b13        0x1 
 .rodata.lib/libmbedtls/mbedtls/library/bignum.c
                0x0000000000007b14      0x2c4 /home/st/Desktop/Raspbian-optee/raspbian-optee/raspbian-tee1/raspbian-tee/optee_os/out/arm/export-ta_arm32/lib/libmbedtls.a(bignum.o)
 .rodata.str1.1.Lab_TA.c
                0x0000000000007dd8       0xd1 ./Lab_TA.o
 .rodata.Lab_TA.c
                0x0000000000007ea9       0x1c ./Lab_TA.o
 .rodata.str1.1.user_ta_header.c
                0x0000000000007ec5      0x100 ./user_ta_header.o
 .rodata.str1.1.lib/libutils/ext/trace.c
                0x0000000000007fc5       0x1a /home/st/Desktop/Raspbian-optee/raspbian-optee/raspbian-tee1/raspbian-tee/optee_os/out/arm/export-ta_arm32/lib/libutils.a(trace.o)
                                         0x1b (size before relaxing)
 .rodata.lib/libutils/ext/trace.c
                0x0000000000007fdf        0x5 /home/st/Desktop/Raspbian-optee/raspbian-optee/raspbian-tee1/raspbian-tee/optee_os/out/arm/export-ta_arm32/lib/libutils.a(trace.o)
 .rodata.str1.1.lib/libutils/ext/snprintk.c
                0x0000000000007fe4       0x38 /home/st/Desktop/Raspbian-optee/raspbian-optee/raspbian-tee1/raspbian-tee/optee_os/out/arm/export-ta_arm32/lib/libutils.a(snprintk.o)
 .rodata.lib/libutils/ext/snprintk.c
                0x000000000000801c       0x22 /home/st/Desktop/Raspbian-optee/raspbian-optee/raspbian-tee1/raspbian-tee/optee_os/out/arm/export-ta_arm32/lib/libutils.a(snprintk.o)
 .rodata.str1.1.lib/libutee/trace_ext.c
                0x000000000000803e       0x38 /home/st/Desktop/Raspbian-optee/raspbian-optee/raspbian-tee1/raspbian-tee/optee_os/out/arm/export-ta_arm32/lib/libutee.a(trace_ext.o)
                                          0x2 (size before relaxing)
 .rodata.str1.1.lib/libutee/tee_api.c
                0x000000000000803e       0x11 /home/st/Desktop/Raspbian-optee/raspbian-optee/raspbian-tee1/raspbian-tee/optee_os/out/arm/export-ta_arm32/lib/libutee.a(tee_api.o)
 .rodata.lib/libutee/tee_api.c
                0x000000000000804f        0xb /home/st/Desktop/Raspbian-optee/raspbian-optee/raspbian-tee1/raspbian-tee/optee_os/out/arm/export-ta_arm32/lib/libutee.a(tee_api.o)
 .rodata.str1.1.lib/libutee/tee_api_arith_mpi.c
                0x000000000000805a       0xb7 /home/st/Desktop/Raspbian-optee/raspbian-optee/raspbian-tee1/raspbian-tee/optee_os/out/arm/export-ta_arm32/lib/libutee.a(tee_api_arith_mpi.o)
 .rodata.lib/libutee/tee_api_arith_mpi.c
                0x0000000000008111      0x143 /home/st/Desktop/Raspbian-optee/raspbian-optee/raspbian-tee1/raspbian-tee/optee_os/out/arm/export-ta_arm32/lib/libutee.a(tee_api_arith_mpi.o)
 .rodata.str1.1.lib/libmbedtls/mbedtls/library/bignum.c
                0x0000000000008254      0x45d /home/st/Desktop/Raspbian-optee/raspbian-optee/raspbian-tee1/raspbian-tee/optee_os/out/arm/export-ta_arm32/lib/libmbedtls.a(bignum.o)
 .rodata.str1.1.lib/libutils/isoc/bget_malloc.c
                0x00000000000086b1      0x3f0 /home/st/Desktop/Raspbian-optee/raspbian-optee/raspbian-tee1/raspbian-tee/optee_os/out/arm/export-ta_arm32/lib/libutils.a(bget_malloc.o)
                                        0x3f9 (size before relaxing)
 .rodata.lib/libutils/isoc/bget_malloc.c
                0x0000000000008aa1       0x8a /home/st/Desktop/Raspbian-optee/raspbian-optee/raspbian-tee1/raspbian-tee/optee_os/out/arm/export-ta_arm32/lib/libutils.a(bget_malloc.o)
 .rodata.str1.1.lib/libutils/ext/mempool.c
                0x0000000000008b2b       0x77 /home/st/Desktop/Raspbian-optee/raspbian-optee/raspbian-tee1/raspbian-tee/optee_os/out/arm/export-ta_arm32/lib/libutils.a(mempool.o)
 .rodata.lib/libutils/ext/mempool.c
                0x0000000000008ba2       0x21 /home/st/Desktop/Raspbian-optee/raspbian-optee/raspbian-tee1/raspbian-tee/optee_os/out/arm/export-ta_arm32/lib/libutils.a(mempool.o)
 .rodata.str1.1.lib/libutee/assert.c
                0x0000000000008bc3       0x27 /home/st/Desktop/Raspbian-optee/raspbian-optee/raspbian-tee1/raspbian-tee/optee_os/out/arm/export-ta_arm32/lib/libutee.a(assert.o)

.ARM.extab      0x0000000000008bec       0xf0
 .ARM.extab     0x0000000000008bec        0x0 ./Lab_TA.o
 .ARM.extab     0x0000000000008bec        0x0 ./user_ta_header.o
 .ARM.extab     0x0000000000008bec        0x0 /home/st/Desktop/Raspbian-optee/raspbian-optee/raspbian-tee1/raspbian-tee/optee_os/out/arm/export-ta_arm32/lib/libutils.a(trace.o)
 .ARM.extab     0x0000000000008bec        0x0 /home/st/Desktop/Raspbian-optee/raspbian-optee/raspbian-tee1/raspbian-tee/optee_os/out/arm/export-ta_arm32/lib/libutils.a(aeabi_unwind.o)
 .ARM.extab     0x0000000000008bec        0xc /home/st/Desktop/Raspbian-optee/raspbian-optee/raspbian-tee1/raspbian-tee/optee_os/out/arm/export-ta_arm32/lib/libutils.a(snprintk.o)
 .ARM.extab     0x0000000000008bf8        0x0 /home/st/Desktop/Raspbian-optee/raspbian-optee/raspbian-tee1/raspbian-tee/optee_os/out/arm/export-ta_arm32/lib/libutils.a(memchr.o)
 .ARM.extab     0x0000000000008bf8        0x0 /home/st/Desktop/Raspbian-optee/raspbian-optee/raspbian-tee1/raspbian-tee/optee_os/out/arm/export-ta_arm32/lib/libutils.a(strlen.o)
 .ARM.extab     0x0000000000008bf8        0x0 /home/st/Desktop/Raspbian-optee/raspbian-optee/raspbian-tee1/raspbian-tee/optee_os/out/arm/export-ta_arm32/lib/libutils.a(arm32_aeabi_ldivmod.o)
 .ARM.extab     0x0000000000008bf8        0xc /home/st/Desktop/Raspbian-optee/raspbian-optee/raspbian-tee1/raspbian-tee/optee_os/out/arm/export-ta_arm32/lib/libutee.a(trace_ext.o)
 .ARM.extab     0x0000000000008c04       0x24 /home/st/Desktop/Raspbian-optee/raspbian-optee/raspbian-tee1/raspbian-tee/optee_os/out/arm/export-ta_arm32/lib/libutee.a(tee_api.o)
 .ARM.extab     0x0000000000008c28       0x30 /home/st/Desktop/Raspbian-optee/raspbian-optee/raspbian-tee1/raspbian-tee/optee_os/out/arm/export-ta_arm32/lib/libutee.a(tee_api_objects.o)
 .ARM.extab     0x0000000000008c58        0xc /home/st/Desktop/Raspbian-optee/raspbian-optee/raspbian-tee1/raspbian-tee/optee_os/out/arm/export-ta_arm32/lib/libutee.a(tee_api_operations.o)
 .ARM.extab     0x0000000000008c64        0x0 /home/st/Desktop/Raspbian-optee/raspbian-optee/raspbian-tee1/raspbian-tee/optee_os/out/arm/export-ta_arm32/lib/libutee.a(tee_api_panic.o)
 .ARM.extab     0x0000000000008c64        0x0 /home/st/Desktop/Raspbian-optee/raspbian-optee/raspbian-tee1/raspbian-tee/optee_os/out/arm/export-ta_arm32/lib/libutee.a(user_ta_entry.o)
 .ARM.extab     0x0000000000008c64       0x30 /home/st/Desktop/Raspbian-optee/raspbian-optee/raspbian-tee1/raspbian-tee/optee_os/out/arm/export-ta_arm32/lib/libutee.a(tee_api_arith_mpi.o)
 .ARM.extab     0x0000000000008c94       0x24 /home/st/Desktop/Raspbian-optee/raspbian-optee/raspbian-tee1/raspbian-tee/optee_os/out/arm/export-ta_arm32/lib/libmbedtls.a(bignum.o)
 .ARM.extab     0x0000000000008cb8        0xc /home/st/Desktop/Raspbian-optee/raspbian-optee/raspbian-tee1/raspbian-tee/optee_os/out/arm/export-ta_arm32/lib/libutils.a(bget_malloc.o)
 .ARM.extab     0x0000000000008cc4        0xc /home/st/Desktop/Raspbian-optee/raspbian-optee/raspbian-tee1/raspbian-tee/optee_os/out/arm/export-ta_arm32/lib/libutils.a(snprintf.o)
 .ARM.extab     0x0000000000008cd0        0x0 /home/st/Desktop/Raspbian-optee/raspbian-optee/raspbian-tee1/raspbian-tee/optee_os/out/arm/export-ta_arm32/lib/libutils.a(memcmp.o)
 .ARM.extab     0x0000000000008cd0        0x0 /home/st/Desktop/Raspbian-optee/raspbian-optee/raspbian-tee1/raspbian-tee/optee_os/out/arm/export-ta_arm32/lib/libutils.a(memcpy.o)
 .ARM.extab     0x0000000000008cd0        0x0 /home/st/Desktop/Raspbian-optee/raspbian-optee/raspbian-tee1/raspbian-tee/optee_os/out/arm/export-ta_arm32/lib/libutils.a(memmove.o)
 .ARM.extab     0x0000000000008cd0        0x0 /home/st/Desktop/Raspbian-optee/raspbian-optee/raspbian-tee1/raspbian-tee/optee_os/out/arm/export-ta_arm32/lib/libutils.a(memset.o)
 .ARM.extab     0x0000000000008cd0        0x0 /home/st/Desktop/Raspbian-optee/raspbian-optee/raspbian-tee1/raspbian-tee/optee_os/out/arm/export-ta_arm32/lib/libutils.a(buf_compare_ct.o)
 .ARM.extab     0x0000000000008cd0        0x0 /home/st/Desktop/Raspbian-optee/raspbian-optee/raspbian-tee1/raspbian-tee/optee_os/out/arm/export-ta_arm32/lib/libutils.a(mempool.o)
 .ARM.extab     0x0000000000008cd0        0xc /home/st/Desktop/Raspbian-optee/raspbian-optee/raspbian-tee1/raspbian-tee/optee_os/out/arm/export-ta_arm32/lib/libutee.a(assert.o)

.gnu.version_d  0x0000000000008cdc        0x0
 .gnu.version_d
                0x0000000000008cdc        0x0 ./Lab_TA.o

.gnu.version    0x0000000000008cdc        0x0
 .gnu.version   0x0000000000008cdc        0x0 ./Lab_TA.o

.gnu.version_r  0x0000000000008cdc        0x0
 .gnu.version_r
                0x0000000000008cdc        0x0 ./Lab_TA.o

.gnu.hash       0x0000000000008cdc       0x18
 .gnu.hash      0x0000000000008cdc       0x18 ./Lab_TA.o

.ARM.extab.text.__aeabi_ldivmod
                0x0000000000008cf4        0xc
 .ARM.extab.text.__aeabi_ldivmod
                0x0000000000008cf4        0xc /home/st/Desktop/Raspbian-optee/raspbian-optee/raspbian-tee1/raspbian-tee/optee_os/out/arm/export-ta_arm32/lib/libutils.a(arm32_aeabi_ldivmod_a32.o)

.ARM.extab.text.__aeabi_uldivmod
                0x0000000000008d00        0xc
 .ARM.extab.text.__aeabi_uldivmod
                0x0000000000008d00        0xc /home/st/Desktop/Raspbian-optee/raspbian-optee/raspbian-tee1/raspbian-tee/optee_os/out/arm/export-ta_arm32/lib/libutils.a(arm32_aeabi_ldivmod_a32.o)

.ARM.extab.text.utee_panic
                0x0000000000008d0c        0xc
 .ARM.extab.text.utee_panic
                0x0000000000008d0c        0xc /home/st/Desktop/Raspbian-optee/raspbian-optee/raspbian-tee1/raspbian-tee/optee_os/out/arm/export-ta_arm32/lib/libutee.a(utee_syscalls_a32.o)

.ARM.extab.text.utee_return
                0x0000000000008d18        0x0
 .ARM.extab.text.utee_return
                0x0000000000008d18        0x0 /home/st/Desktop/Raspbian-optee/raspbian-optee/raspbian-tee1/raspbian-tee/optee_os/out/arm/export-ta_arm32/lib/libutee.a(utee_syscalls_a32.o)

.ARM.extab.text.utee_log
                0x0000000000008d18        0x0
 .ARM.extab.text.utee_log
                0x0000000000008d18        0x0 /home/st/Desktop/Raspbian-optee/raspbian-optee/raspbian-tee1/raspbian-tee/optee_os/out/arm/export-ta_arm32/lib/libutee.a(utee_syscalls_a32.o)

.ARM.extab.text.__utee_panic
                0x0000000000008d18        0x0
 .ARM.extab.text.__utee_panic
                0x0000000000008d18        0x0 /home/st/Desktop/Raspbian-optee/raspbian-optee/raspbian-tee1/raspbian-tee/optee_os/out/arm/export-ta_arm32/lib/libutee.a(utee_syscalls_a32.o)

.ARM.extab.text.utee_get_property
                0x0000000000008d18        0x0
 .ARM.extab.text.utee_get_property
                0x0000000000008d18        0x0 /home/st/Desktop/Raspbian-optee/raspbian-optee/raspbian-tee1/raspbian-tee/optee_os/out/arm/export-ta_arm32/lib/libutee.a(utee_syscalls_a32.o)

.ARM.extab.text.utee_get_property_name_to_index
                0x0000000000008d18        0x0
 .ARM.extab.text.utee_get_property_name_to_index
                0x0000000000008d18        0x0 /home/st/Desktop/Raspbian-optee/raspbian-optee/raspbian-tee1/raspbian-tee/optee_os/out/arm/export-ta_arm32/lib/libutee.a(utee_syscalls_a32.o)

.ARM.extab.text.utee_open_ta_session
                0x0000000000008d18        0x0
 .ARM.extab.text.utee_open_ta_session
                0x0000000000008d18        0x0 /home/st/Desktop/Raspbian-optee/raspbian-optee/raspbian-tee1/raspbian-tee/optee_os/out/arm/export-ta_arm32/lib/libutee.a(utee_syscalls_a32.o)

.ARM.extab.text.utee_close_ta_session
                0x0000000000008d18        0x0
 .ARM.extab.text.utee_close_ta_session
                0x0000000000008d18        0x0 /home/st/Desktop/Raspbian-optee/raspbian-optee/raspbian-tee1/raspbian-tee/optee_os/out/arm/export-ta_arm32/lib/libutee.a(utee_syscalls_a32.o)

.ARM.extab.text.utee_invoke_ta_command
                0x0000000000008d18        0x0
 .ARM.extab.text.utee_invoke_ta_command
                0x0000000000008d18        0x0 /home/st/Desktop/Raspbian-optee/raspbian-optee/raspbian-tee1/raspbian-tee/optee_os/out/arm/export-ta_arm32/lib/libutee.a(utee_syscalls_a32.o)

.ARM.extab.text.utee_get_cancellation_flag
                0x0000000000008d18        0x0
 .ARM.extab.text.utee_get_cancellation_flag
                0x0000000000008d18        0x0 /home/st/Desktop/Raspbian-optee/raspbian-optee/raspbian-tee1/raspbian-tee/optee_os/out/arm/export-ta_arm32/lib/libutee.a(utee_syscalls_a32.o)

.ARM.extab.text.utee_check_access_rights
                0x0000000000008d18        0x0
 .ARM.extab.text.utee_check_access_rights
                0x0000000000008d18        0x0 /home/st/Desktop/Raspbian-optee/raspbian-optee/raspbian-tee1/raspbian-tee/optee_os/out/arm/export-ta_arm32/lib/libutee.a(utee_syscalls_a32.o)

.ARM.extab.text.utee_unmask_cancellation
                0x0000000000008d18        0x0
 .ARM.extab.text.utee_unmask_cancellation
                0x0000000000008d18        0x0 /home/st/Desktop/Raspbian-optee/raspbian-optee/raspbian-tee1/raspbian-tee/optee_os/out/arm/export-ta_arm32/lib/libutee.a(utee_syscalls_a32.o)

.ARM.extab.text.utee_mask_cancellation
                0x0000000000008d18        0x0
 .ARM.extab.text.utee_mask_cancellation
                0x0000000000008d18        0x0 /home/st/Desktop/Raspbian-optee/raspbian-optee/raspbian-tee1/raspbian-tee/optee_os/out/arm/export-ta_arm32/lib/libutee.a(utee_syscalls_a32.o)

.ARM.extab.text.utee_wait
                0x0000000000008d18        0x0
 .ARM.extab.text.utee_wait
                0x0000000000008d18        0x0 /home/st/Desktop/Raspbian-optee/raspbian-optee/raspbian-tee1/raspbian-tee/optee_os/out/arm/export-ta_arm32/lib/libutee.a(utee_syscalls_a32.o)

.ARM.extab.text.utee_get_time
                0x0000000000008d18        0x0
 .ARM.extab.text.utee_get_time
                0x0000000000008d18        0x0 /home/st/Desktop/Raspbian-optee/raspbian-optee/raspbian-tee1/raspbian-tee/optee_os/out/arm/export-ta_arm32/lib/libutee.a(utee_syscalls_a32.o)

.ARM.extab.text.utee_set_ta_time
                0x0000000000008d18        0x0
 .ARM.extab.text.utee_set_ta_time
                0x0000000000008d18        0x0 /home/st/Desktop/Raspbian-optee/raspbian-optee/raspbian-tee1/raspbian-tee/optee_os/out/arm/export-ta_arm32/lib/libutee.a(utee_syscalls_a32.o)

.ARM.extab.text.utee_cryp_state_alloc
                0x0000000000008d18        0x0
 .ARM.extab.text.utee_cryp_state_alloc
                0x0000000000008d18        0x0 /home/st/Desktop/Raspbian-optee/raspbian-optee/raspbian-tee1/raspbian-tee/optee_os/out/arm/export-ta_arm32/lib/libutee.a(utee_syscalls_a32.o)

.ARM.extab.text.utee_cryp_state_copy
                0x0000000000008d18        0x0
 .ARM.extab.text.utee_cryp_state_copy
                0x0000000000008d18        0x0 /home/st/Desktop/Raspbian-optee/raspbian-optee/raspbian-tee1/raspbian-tee/optee_os/out/arm/export-ta_arm32/lib/libutee.a(utee_syscalls_a32.o)

.ARM.extab.text.utee_cryp_state_free
                0x0000000000008d18        0x0
 .ARM.extab.text.utee_cryp_state_free
                0x0000000000008d18        0x0 /home/st/Desktop/Raspbian-optee/raspbian-optee/raspbian-tee1/raspbian-tee/optee_os/out/arm/export-ta_arm32/lib/libutee.a(utee_syscalls_a32.o)

.ARM.extab.text.utee_hash_init
                0x0000000000008d18        0x0
 .ARM.extab.text.utee_hash_init
                0x0000000000008d18        0x0 /home/st/Desktop/Raspbian-optee/raspbian-optee/raspbian-tee1/raspbian-tee/optee_os/out/arm/export-ta_arm32/lib/libutee.a(utee_syscalls_a32.o)

.ARM.extab.text.utee_hash_update
                0x0000000000008d18        0x0
 .ARM.extab.text.utee_hash_update
                0x0000000000008d18        0x0 /home/st/Desktop/Raspbian-optee/raspbian-optee/raspbian-tee1/raspbian-tee/optee_os/out/arm/export-ta_arm32/lib/libutee.a(utee_syscalls_a32.o)

.ARM.extab.text.utee_hash_final
                0x0000000000008d18        0x0
 .ARM.extab.text.utee_hash_final
                0x0000000000008d18        0x0 /home/st/Desktop/Raspbian-optee/raspbian-optee/raspbian-tee1/raspbian-tee/optee_os/out/arm/export-ta_arm32/lib/libutee.a(utee_syscalls_a32.o)

.ARM.extab.text.utee_cipher_init
                0x0000000000008d18        0x0
 .ARM.extab.text.utee_cipher_init
                0x0000000000008d18        0x0 /home/st/Desktop/Raspbian-optee/raspbian-optee/raspbian-tee1/raspbian-tee/optee_os/out/arm/export-ta_arm32/lib/libutee.a(utee_syscalls_a32.o)

.ARM.extab.text.utee_cipher_update
                0x0000000000008d18        0x0
 .ARM.extab.text.utee_cipher_update
                0x0000000000008d18        0x0 /home/st/Desktop/Raspbian-optee/raspbian-optee/raspbian-tee1/raspbian-tee/optee_os/out/arm/export-ta_arm32/lib/libutee.a(utee_syscalls_a32.o)

.ARM.extab.text.utee_cipher_final
                0x0000000000008d18        0x0
 .ARM.extab.text.utee_cipher_final
                0x0000000000008d18        0x0 /home/st/Desktop/Raspbian-optee/raspbian-optee/raspbian-tee1/raspbian-tee/optee_os/out/arm/export-ta_arm32/lib/libutee.a(utee_syscalls_a32.o)

.ARM.extab.text.utee_cryp_obj_get_info
                0x0000000000008d18        0x0
 .ARM.extab.text.utee_cryp_obj_get_info
                0x0000000000008d18        0x0 /home/st/Desktop/Raspbian-optee/raspbian-optee/raspbian-tee1/raspbian-tee/optee_os/out/arm/export-ta_arm32/lib/libutee.a(utee_syscalls_a32.o)

.ARM.extab.text.utee_cryp_obj_restrict_usage
                0x0000000000008d18        0x0
 .ARM.extab.text.utee_cryp_obj_restrict_usage
                0x0000000000008d18        0x0 /home/st/Desktop/Raspbian-optee/raspbian-optee/raspbian-tee1/raspbian-tee/optee_os/out/arm/export-ta_arm32/lib/libutee.a(utee_syscalls_a32.o)

.ARM.extab.text.utee_cryp_obj_get_attr
                0x0000000000008d18        0x0
 .ARM.extab.text.utee_cryp_obj_get_attr
                0x0000000000008d18        0x0 /home/st/Desktop/Raspbian-optee/raspbian-optee/raspbian-tee1/raspbian-tee/optee_os/out/arm/export-ta_arm32/lib/libutee.a(utee_syscalls_a32.o)

.ARM.extab.text.utee_cryp_obj_alloc
                0x0000000000008d18        0x0
 .ARM.extab.text.utee_cryp_obj_alloc
                0x0000000000008d18        0x0 /home/st/Desktop/Raspbian-optee/raspbian-optee/raspbian-tee1/raspbian-tee/optee_os/out/arm/export-ta_arm32/lib/libutee.a(utee_syscalls_a32.o)

.ARM.extab.text.utee_cryp_obj_close
                0x0000000000008d18        0x0
 .ARM.extab.text.utee_cryp_obj_close
                0x0000000000008d18        0x0 /home/st/Desktop/Raspbian-optee/raspbian-optee/raspbian-tee1/raspbian-tee/optee_os/out/arm/export-ta_arm32/lib/libutee.a(utee_syscalls_a32.o)

.ARM.extab.text.utee_cryp_obj_reset
                0x0000000000008d18        0x0
 .ARM.extab.text.utee_cryp_obj_reset
                0x0000000000008d18        0x0 /home/st/Desktop/Raspbian-optee/raspbian-optee/raspbian-tee1/raspbian-tee/optee_os/out/arm/export-ta_arm32/lib/libutee.a(utee_syscalls_a32.o)

.ARM.extab.text.utee_cryp_obj_populate
                0x0000000000008d18        0x0
 .ARM.extab.text.utee_cryp_obj_populate
                0x0000000000008d18        0x0 /home/st/Desktop/Raspbian-optee/raspbian-optee/raspbian-tee1/raspbian-tee/optee_os/out/arm/export-ta_arm32/lib/libutee.a(utee_syscalls_a32.o)

.ARM.extab.text.utee_cryp_obj_copy
                0x0000000000008d18        0x0
 .ARM.extab.text.utee_cryp_obj_copy
                0x0000000000008d18        0x0 /home/st/Desktop/Raspbian-optee/raspbian-optee/raspbian-tee1/raspbian-tee/optee_os/out/arm/export-ta_arm32/lib/libutee.a(utee_syscalls_a32.o)

.ARM.extab.text.utee_cryp_derive_key
                0x0000000000008d18        0x0
 .ARM.extab.text.utee_cryp_derive_key
                0x0000000000008d18        0x0 /home/st/Desktop/Raspbian-optee/raspbian-optee/raspbian-tee1/raspbian-tee/optee_os/out/arm/export-ta_arm32/lib/libutee.a(utee_syscalls_a32.o)

.ARM.extab.text.utee_cryp_random_number_generate
                0x0000000000008d18        0x0
 .ARM.extab.text.utee_cryp_random_number_generate
                0x0000000000008d18        0x0 /home/st/Desktop/Raspbian-optee/raspbian-optee/raspbian-tee1/raspbian-tee/optee_os/out/arm/export-ta_arm32/lib/libutee.a(utee_syscalls_a32.o)

.ARM.extab.text.utee_authenc_init
                0x0000000000008d18        0x0
 .ARM.extab.text.utee_authenc_init
                0x0000000000008d18        0x0 /home/st/Desktop/Raspbian-optee/raspbian-optee/raspbian-tee1/raspbian-tee/optee_os/out/arm/export-ta_arm32/lib/libutee.a(utee_syscalls_a32.o)

.ARM.extab.text.utee_authenc_update_aad
                0x0000000000008d18        0x0
 .ARM.extab.text.utee_authenc_update_aad
                0x0000000000008d18        0x0 /home/st/Desktop/Raspbian-optee/raspbian-optee/raspbian-tee1/raspbian-tee/optee_os/out/arm/export-ta_arm32/lib/libutee.a(utee_syscalls_a32.o)

.ARM.extab.text.utee_authenc_update_payload
                0x0000000000008d18        0x0
 .ARM.extab.text.utee_authenc_update_payload
                0x0000000000008d18        0x0 /home/st/Desktop/Raspbian-optee/raspbian-optee/raspbian-tee1/raspbian-tee/optee_os/out/arm/export-ta_arm32/lib/libutee.a(utee_syscalls_a32.o)

.ARM.extab.text.utee_authenc_enc_final
                0x0000000000008d18        0x0
 .ARM.extab.text.utee_authenc_enc_final
                0x0000000000008d18        0x0 /home/st/Desktop/Raspbian-optee/raspbian-optee/raspbian-tee1/raspbian-tee/optee_os/out/arm/export-ta_arm32/lib/libutee.a(utee_syscalls_a32.o)

.ARM.extab.text.utee_authenc_dec_final
                0x0000000000008d18        0x0
 .ARM.extab.text.utee_authenc_dec_final
                0x0000000000008d18        0x0 /home/st/Desktop/Raspbian-optee/raspbian-optee/raspbian-tee1/raspbian-tee/optee_os/out/arm/export-ta_arm32/lib/libutee.a(utee_syscalls_a32.o)

.ARM.extab.text.utee_asymm_operate
                0x0000000000008d18        0x0
 .ARM.extab.text.utee_asymm_operate
                0x0000000000008d18        0x0 /home/st/Desktop/Raspbian-optee/raspbian-optee/raspbian-tee1/raspbian-tee/optee_os/out/arm/export-ta_arm32/lib/libutee.a(utee_syscalls_a32.o)

.ARM.extab.text.utee_asymm_verify
                0x0000000000008d18        0x0
 .ARM.extab.text.utee_asymm_verify
                0x0000000000008d18        0x0 /home/st/Desktop/Raspbian-optee/raspbian-optee/raspbian-tee1/raspbian-tee/optee_os/out/arm/export-ta_arm32/lib/libutee.a(utee_syscalls_a32.o)

.ARM.extab.text.utee_storage_obj_open
                0x0000000000008d18        0x0
 .ARM.extab.text.utee_storage_obj_open
                0x0000000000008d18        0x0 /home/st/Desktop/Raspbian-optee/raspbian-optee/raspbian-tee1/raspbian-tee/optee_os/out/arm/export-ta_arm32/lib/libutee.a(utee_syscalls_a32.o)

.ARM.extab.text.utee_storage_obj_create
                0x0000000000008d18        0x0
 .ARM.extab.text.utee_storage_obj_create
                0x0000000000008d18        0x0 /home/st/Desktop/Raspbian-optee/raspbian-optee/raspbian-tee1/raspbian-tee/optee_os/out/arm/export-ta_arm32/lib/libutee.a(utee_syscalls_a32.o)

.ARM.extab.text.utee_storage_obj_del
                0x0000000000008d18        0x0
 .ARM.extab.text.utee_storage_obj_del
                0x0000000000008d18        0x0 /home/st/Desktop/Raspbian-optee/raspbian-optee/raspbian-tee1/raspbian-tee/optee_os/out/arm/export-ta_arm32/lib/libutee.a(utee_syscalls_a32.o)

.ARM.extab.text.utee_storage_obj_rename
                0x0000000000008d18        0x0
 .ARM.extab.text.utee_storage_obj_rename
                0x0000000000008d18        0x0 /home/st/Desktop/Raspbian-optee/raspbian-optee/raspbian-tee1/raspbian-tee/optee_os/out/arm/export-ta_arm32/lib/libutee.a(utee_syscalls_a32.o)

.ARM.extab.text.utee_storage_alloc_enum
                0x0000000000008d18        0x0
 .ARM.extab.text.utee_storage_alloc_enum
                0x0000000000008d18        0x0 /home/st/Desktop/Raspbian-optee/raspbian-optee/raspbian-tee1/raspbian-tee/optee_os/out/arm/export-ta_arm32/lib/libutee.a(utee_syscalls_a32.o)

.ARM.extab.text.utee_storage_free_enum
                0x0000000000008d18        0x0
 .ARM.extab.text.utee_storage_free_enum
                0x0000000000008d18        0x0 /home/st/Desktop/Raspbian-optee/raspbian-optee/raspbian-tee1/raspbian-tee/optee_os/out/arm/export-ta_arm32/lib/libutee.a(utee_syscalls_a32.o)

.ARM.extab.text.utee_storage_reset_enum
                0x0000000000008d18        0x0
 .ARM.extab.text.utee_storage_reset_enum
                0x0000000000008d18        0x0 /home/st/Desktop/Raspbian-optee/raspbian-optee/raspbian-tee1/raspbian-tee/optee_os/out/arm/export-ta_arm32/lib/libutee.a(utee_syscalls_a32.o)

.ARM.extab.text.utee_storage_start_enum
                0x0000000000008d18        0x0
 .ARM.extab.text.utee_storage_start_enum
                0x0000000000008d18        0x0 /home/st/Desktop/Raspbian-optee/raspbian-optee/raspbian-tee1/raspbian-tee/optee_os/out/arm/export-ta_arm32/lib/libutee.a(utee_syscalls_a32.o)

.ARM.extab.text.utee_storage_next_enum
                0x0000000000008d18        0x0
 .ARM.extab.text.utee_storage_next_enum
                0x0000000000008d18        0x0 /home/st/Desktop/Raspbian-optee/raspbian-optee/raspbian-tee1/raspbian-tee/optee_os/out/arm/export-ta_arm32/lib/libutee.a(utee_syscalls_a32.o)

.ARM.extab.text.utee_storage_obj_read
                0x0000000000008d18        0x0
 .ARM.extab.text.utee_storage_obj_read
                0x0000000000008d18        0x0 /home/st/Desktop/Raspbian-optee/raspbian-optee/raspbian-tee1/raspbian-tee/optee_os/out/arm/export-ta_arm32/lib/libutee.a(utee_syscalls_a32.o)

.ARM.extab.text.utee_storage_obj_write
                0x0000000000008d18        0x0
 .ARM.extab.text.utee_storage_obj_write
                0x0000000000008d18        0x0 /home/st/Desktop/Raspbian-optee/raspbian-optee/raspbian-tee1/raspbian-tee/optee_os/out/arm/export-ta_arm32/lib/libutee.a(utee_syscalls_a32.o)

.ARM.extab.text.utee_storage_obj_trunc
                0x0000000000008d18        0x0
 .ARM.extab.text.utee_storage_obj_trunc
                0x0000000000008d18        0x0 /home/st/Desktop/Raspbian-optee/raspbian-optee/raspbian-tee1/raspbian-tee/optee_os/out/arm/export-ta_arm32/lib/libutee.a(utee_syscalls_a32.o)

.ARM.extab.text.utee_storage_obj_seek
                0x0000000000008d18        0x0
 .ARM.extab.text.utee_storage_obj_seek
                0x0000000000008d18        0x0 /home/st/Desktop/Raspbian-optee/raspbian-optee/raspbian-tee1/raspbian-tee/optee_os/out/arm/export-ta_arm32/lib/libutee.a(utee_syscalls_a32.o)

.ARM.extab.text.utee_cryp_obj_generate_key
                0x0000000000008d18        0x0
 .ARM.extab.text.utee_cryp_obj_generate_key
                0x0000000000008d18        0x0 /home/st/Desktop/Raspbian-optee/raspbian-optee/raspbian-tee1/raspbian-tee/optee_os/out/arm/export-ta_arm32/lib/libutee.a(utee_syscalls_a32.o)

.ARM.extab.text.utee_cache_operation
                0x0000000000008d18        0x0
 .ARM.extab.text.utee_cache_operation
                0x0000000000008d18        0x0 /home/st/Desktop/Raspbian-optee/raspbian-optee/raspbian-tee1/raspbian-tee/optee_os/out/arm/export-ta_arm32/lib/libutee.a(utee_syscalls_a32.o)

.ARM.exidx      0x0000000000008d18      0x640
 *(SORT_BY_ALIGNMENT(.ARM.exidx*) SORT_BY_ALIGNMENT(.gnu.linkonce.armexidx.*))
 .ARM.exidx     0x0000000000008d18       0x18 ./Lab_TA.o
                                         0x30 (size before relaxing)
 .ARM.exidx     0x00000000000092f8        0x8 ./user_ta_header.o
 .ARM.exidx     0x0000000000008d30       0x10 /home/st/Desktop/Raspbian-optee/raspbian-optee/raspbian-tee1/raspbian-tee/optee_os/out/arm/export-ta_arm32/lib/libutils.a(trace.o)
                                         0x20 (size before relaxing)
 .ARM.exidx     0x0000000000009300        0x0 /home/st/Desktop/Raspbian-optee/raspbian-optee/raspbian-tee1/raspbian-tee/optee_os/out/arm/export-ta_arm32/lib/libutils.a(aeabi_unwind.o)
                                         0x18 (size before relaxing)
 .ARM.exidx     0x0000000000008d40       0x18 /home/st/Desktop/Raspbian-optee/raspbian-optee/raspbian-tee1/raspbian-tee/optee_os/out/arm/export-ta_arm32/lib/libutils.a(snprintk.o)
 .ARM.exidx     0x0000000000009300        0x8 /home/st/Desktop/Raspbian-optee/raspbian-optee/raspbian-tee1/raspbian-tee/optee_os/out/arm/export-ta_arm32/lib/libutils.a(memchr.o)
 .ARM.exidx     0x0000000000009308        0x8 /home/st/Desktop/Raspbian-optee/raspbian-optee/raspbian-tee1/raspbian-tee/optee_os/out/arm/export-ta_arm32/lib/libutils.a(strlen.o)
 .ARM.exidx.text.__aeabi_ldivmod
                0x0000000000008d58        0x8 /home/st/Desktop/Raspbian-optee/raspbian-optee/raspbian-tee1/raspbian-tee/optee_os/out/arm/export-ta_arm32/lib/libutils.a(arm32_aeabi_ldivmod_a32.o)
 .ARM.exidx.text.__aeabi_uldivmod
                0x0000000000008d60        0x8 /home/st/Desktop/Raspbian-optee/raspbian-optee/raspbian-tee1/raspbian-tee/optee_os/out/arm/export-ta_arm32/lib/libutils.a(arm32_aeabi_ldivmod_a32.o)
 .ARM.exidx     0x0000000000009310        0x8 /home/st/Desktop/Raspbian-optee/raspbian-optee/raspbian-tee1/raspbian-tee/optee_os/out/arm/export-ta_arm32/lib/libutils.a(arm32_aeabi_ldivmod.o)
                                         0x10 (size before relaxing)
 .ARM.exidx     0x0000000000008d68       0x28 /home/st/Desktop/Raspbian-optee/raspbian-optee/raspbian-tee1/raspbian-tee/optee_os/out/arm/export-ta_arm32/lib/libutee.a(trace_ext.o)
 .ARM.exidx     0x0000000000008d90       0x68 /home/st/Desktop/Raspbian-optee/raspbian-optee/raspbian-tee1/raspbian-tee/optee_os/out/arm/export-ta_arm32/lib/libutee.a(tee_api.o)
                                         0xc8 (size before relaxing)
 .ARM.exidx     0x0000000000008df8       0xd0 /home/st/Desktop/Raspbian-optee/raspbian-optee/raspbian-tee1/raspbian-tee/optee_os/out/arm/export-ta_arm32/lib/libutee.a(tee_api_objects.o)
                                         0xf8 (size before relaxing)
 .ARM.exidx     0x0000000000008ec8       0xd8 /home/st/Desktop/Raspbian-optee/raspbian-optee/raspbian-tee1/raspbian-tee/optee_os/out/arm/export-ta_arm32/lib/libutee.a(tee_api_operations.o)
                                         0xf0 (size before relaxing)
 .ARM.exidx     0x0000000000009318        0x8 /home/st/Desktop/Raspbian-optee/raspbian-optee/raspbian-tee1/raspbian-tee/optee_os/out/arm/export-ta_arm32/lib/libutee.a(tee_api_panic.o)
 .ARM.exidx     0x0000000000008fa0       0x20 /home/st/Desktop/Raspbian-optee/raspbian-optee/raspbian-tee1/raspbian-tee/optee_os/out/arm/export-ta_arm32/lib/libutee.a(user_ta_entry.o)
 .ARM.exidx.text.utee_panic
                0x0000000000008fc0        0x8 /home/st/Desktop/Raspbian-optee/raspbian-optee/raspbian-tee1/raspbian-tee/optee_os/out/arm/export-ta_arm32/lib/libutee.a(utee_syscalls_a32.o)
 .ARM.exidx.text.utee_return
                0x0000000000008fc8        0x8 /home/st/Desktop/Raspbian-optee/raspbian-optee/raspbian-tee1/raspbian-tee/optee_os/out/arm/export-ta_arm32/lib/libutee.a(utee_syscalls_a32.o)
 .ARM.exidx.text.utee_log
                0x0000000000008fd0        0x0 /home/st/Desktop/Raspbian-optee/raspbian-optee/raspbian-tee1/raspbian-tee/optee_os/out/arm/export-ta_arm32/lib/libutee.a(utee_syscalls_a32.o)
                                          0x8 (size before relaxing)
 .ARM.exidx.text.__utee_panic
                0x0000000000008fd0        0x0 /home/st/Desktop/Raspbian-optee/raspbian-optee/raspbian-tee1/raspbian-tee/optee_os/out/arm/export-ta_arm32/lib/libutee.a(utee_syscalls_a32.o)
                                          0x8 (size before relaxing)
 .ARM.exidx.text.utee_get_property
                0x0000000000008fd0        0x0 /home/st/Desktop/Raspbian-optee/raspbian-optee/raspbian-tee1/raspbian-tee/optee_os/out/arm/export-ta_arm32/lib/libutee.a(utee_syscalls_a32.o)
                                          0x8 (size before relaxing)
 .ARM.exidx.text.utee_get_property_name_to_index
                0x0000000000008fd0        0x0 /home/st/Desktop/Raspbian-optee/raspbian-optee/raspbian-tee1/raspbian-tee/optee_os/out/arm/export-ta_arm32/lib/libutee.a(utee_syscalls_a32.o)
                                          0x8 (size before relaxing)
 .ARM.exidx.text.utee_open_ta_session
                0x0000000000008fd0        0x0 /home/st/Desktop/Raspbian-optee/raspbian-optee/raspbian-tee1/raspbian-tee/optee_os/out/arm/export-ta_arm32/lib/libutee.a(utee_syscalls_a32.o)
                                          0x8 (size before relaxing)
 .ARM.exidx.text.utee_close_ta_session
                0x0000000000008fd0        0x0 /home/st/Desktop/Raspbian-optee/raspbian-optee/raspbian-tee1/raspbian-tee/optee_os/out/arm/export-ta_arm32/lib/libutee.a(utee_syscalls_a32.o)
                                          0x8 (size before relaxing)
 .ARM.exidx.text.utee_invoke_ta_command
                0x0000000000008fd0        0x0 /home/st/Desktop/Raspbian-optee/raspbian-optee/raspbian-tee1/raspbian-tee/optee_os/out/arm/export-ta_arm32/lib/libutee.a(utee_syscalls_a32.o)
                                          0x8 (size before relaxing)
 .ARM.exidx.text.utee_get_cancellation_flag
                0x0000000000008fd0        0x0 /home/st/Desktop/Raspbian-optee/raspbian-optee/raspbian-tee1/raspbian-tee/optee_os/out/arm/export-ta_arm32/lib/libutee.a(utee_syscalls_a32.o)
                                          0x8 (size before relaxing)
 .ARM.exidx.text.utee_check_access_rights
                0x0000000000008fd0        0x0 /home/st/Desktop/Raspbian-optee/raspbian-optee/raspbian-tee1/raspbian-tee/optee_os/out/arm/export-ta_arm32/lib/libutee.a(utee_syscalls_a32.o)
                                          0x8 (size before relaxing)
 .ARM.exidx.text.utee_unmask_cancellation
                0x0000000000008fd0        0x0 /home/st/Desktop/Raspbian-optee/raspbian-optee/raspbian-tee1/raspbian-tee/optee_os/out/arm/export-ta_arm32/lib/libutee.a(utee_syscalls_a32.o)
                                          0x8 (size before relaxing)
 .ARM.exidx.text.utee_mask_cancellation
                0x0000000000008fd0        0x0 /home/st/Desktop/Raspbian-optee/raspbian-optee/raspbian-tee1/raspbian-tee/optee_os/out/arm/export-ta_arm32/lib/libutee.a(utee_syscalls_a32.o)
                                          0x8 (size before relaxing)
 .ARM.exidx.text.utee_wait
                0x0000000000008fd0        0x0 /home/st/Desktop/Raspbian-optee/raspbian-optee/raspbian-tee1/raspbian-tee/optee_os/out/arm/export-ta_arm32/lib/libutee.a(utee_syscalls_a32.o)
                                          0x8 (size before relaxing)
 .ARM.exidx.text.utee_get_time
                0x0000000000008fd0        0x0 /home/st/Desktop/Raspbian-optee/raspbian-optee/raspbian-tee1/raspbian-tee/optee_os/out/arm/export-ta_arm32/lib/libutee.a(utee_syscalls_a32.o)
                                          0x8 (size before relaxing)
 .ARM.exidx.text.utee_set_ta_time
                0x0000000000008fd0        0x0 /home/st/Desktop/Raspbian-optee/raspbian-optee/raspbian-tee1/raspbian-tee/optee_os/out/arm/export-ta_arm32/lib/libutee.a(utee_syscalls_a32.o)
                                          0x8 (size before relaxing)
 .ARM.exidx.text.utee_cryp_state_alloc
                0x0000000000008fd0        0x0 /home/st/Desktop/Raspbian-optee/raspbian-optee/raspbian-tee1/raspbian-tee/optee_os/out/arm/export-ta_arm32/lib/libutee.a(utee_syscalls_a32.o)
                                          0x8 (size before relaxing)
 .ARM.exidx.text.utee_cryp_state_copy
                0x0000000000008fd0        0x0 /home/st/Desktop/Raspbian-optee/raspbian-optee/raspbian-tee1/raspbian-tee/optee_os/out/arm/export-ta_arm32/lib/libutee.a(utee_syscalls_a32.o)
                                          0x8 (size before relaxing)
 .ARM.exidx.text.utee_cryp_state_free
                0x0000000000008fd0        0x0 /home/st/Desktop/Raspbian-optee/raspbian-optee/raspbian-tee1/raspbian-tee/optee_os/out/arm/export-ta_arm32/lib/libutee.a(utee_syscalls_a32.o)
                                          0x8 (size before relaxing)
 .ARM.exidx.text.utee_hash_init
                0x0000000000008fd0        0x0 /home/st/Desktop/Raspbian-optee/raspbian-optee/raspbian-tee1/raspbian-tee/optee_os/out/arm/export-ta_arm32/lib/libutee.a(utee_syscalls_a32.o)
                                          0x8 (size before relaxing)
 .ARM.exidx.text.utee_hash_update
                0x0000000000008fd0        0x0 /home/st/Desktop/Raspbian-optee/raspbian-optee/raspbian-tee1/raspbian-tee/optee_os/out/arm/export-ta_arm32/lib/libutee.a(utee_syscalls_a32.o)
                                          0x8 (size before relaxing)
 .ARM.exidx.text.utee_hash_final
                0x0000000000008fd0        0x0 /home/st/Desktop/Raspbian-optee/raspbian-optee/raspbian-tee1/raspbian-tee/optee_os/out/arm/export-ta_arm32/lib/libutee.a(utee_syscalls_a32.o)
                                          0x8 (size before relaxing)
 .ARM.exidx.text.utee_cipher_init
                0x0000000000008fd0        0x0 /home/st/Desktop/Raspbian-optee/raspbian-optee/raspbian-tee1/raspbian-tee/optee_os/out/arm/export-ta_arm32/lib/libutee.a(utee_syscalls_a32.o)
                                          0x8 (size before relaxing)
 .ARM.exidx.text.utee_cipher_update
                0x0000000000008fd0        0x0 /home/st/Desktop/Raspbian-optee/raspbian-optee/raspbian-tee1/raspbian-tee/optee_os/out/arm/export-ta_arm32/lib/libutee.a(utee_syscalls_a32.o)
                                          0x8 (size before relaxing)
 .ARM.exidx.text.utee_cipher_final
                0x0000000000008fd0        0x0 /home/st/Desktop/Raspbian-optee/raspbian-optee/raspbian-tee1/raspbian-tee/optee_os/out/arm/export-ta_arm32/lib/libutee.a(utee_syscalls_a32.o)
                                          0x8 (size before relaxing)
 .ARM.exidx.text.utee_cryp_obj_get_info
                0x0000000000008fd0        0x0 /home/st/Desktop/Raspbian-optee/raspbian-optee/raspbian-tee1/raspbian-tee/optee_os/out/arm/export-ta_arm32/lib/libutee.a(utee_syscalls_a32.o)
                                          0x8 (size before relaxing)
 .ARM.exidx.text.utee_cryp_obj_restrict_usage
                0x0000000000008fd0        0x0 /home/st/Desktop/Raspbian-optee/raspbian-optee/raspbian-tee1/raspbian-tee/optee_os/out/arm/export-ta_arm32/lib/libutee.a(utee_syscalls_a32.o)
                                          0x8 (size before relaxing)
 .ARM.exidx.text.utee_cryp_obj_get_attr
                0x0000000000008fd0        0x0 /home/st/Desktop/Raspbian-optee/raspbian-optee/raspbian-tee1/raspbian-tee/optee_os/out/arm/export-ta_arm32/lib/libutee.a(utee_syscalls_a32.o)
                                          0x8 (size before relaxing)
 .ARM.exidx.text.utee_cryp_obj_alloc
                0x0000000000008fd0        0x0 /home/st/Desktop/Raspbian-optee/raspbian-optee/raspbian-tee1/raspbian-tee/optee_os/out/arm/export-ta_arm32/lib/libutee.a(utee_syscalls_a32.o)
                                          0x8 (size before relaxing)
 .ARM.exidx.text.utee_cryp_obj_close
                0x0000000000008fd0        0x0 /home/st/Desktop/Raspbian-optee/raspbian-optee/raspbian-tee1/raspbian-tee/optee_os/out/arm/export-ta_arm32/lib/libutee.a(utee_syscalls_a32.o)
                                          0x8 (size before relaxing)
 .ARM.exidx.text.utee_cryp_obj_reset
                0x0000000000008fd0        0x0 /home/st/Desktop/Raspbian-optee/raspbian-optee/raspbian-tee1/raspbian-tee/optee_os/out/arm/export-ta_arm32/lib/libutee.a(utee_syscalls_a32.o)
                                          0x8 (size before relaxing)
 .ARM.exidx.text.utee_cryp_obj_populate
                0x0000000000008fd0        0x0 /home/st/Desktop/Raspbian-optee/raspbian-optee/raspbian-tee1/raspbian-tee/optee_os/out/arm/export-ta_arm32/lib/libutee.a(utee_syscalls_a32.o)
                                          0x8 (size before relaxing)
 .ARM.exidx.text.utee_cryp_obj_copy
                0x0000000000008fd0        0x0 /home/st/Desktop/Raspbian-optee/raspbian-optee/raspbian-tee1/raspbian-tee/optee_os/out/arm/export-ta_arm32/lib/libutee.a(utee_syscalls_a32.o)
                                          0x8 (size before relaxing)
 .ARM.exidx.text.utee_cryp_derive_key
                0x0000000000008fd0        0x0 /home/st/Desktop/Raspbian-optee/raspbian-optee/raspbian-tee1/raspbian-tee/optee_os/out/arm/export-ta_arm32/lib/libutee.a(utee_syscalls_a32.o)
                                          0x8 (size before relaxing)
 .ARM.exidx.text.utee_cryp_random_number_generate
                0x0000000000008fd0        0x0 /home/st/Desktop/Raspbian-optee/raspbian-optee/raspbian-tee1/raspbian-tee/optee_os/out/arm/export-ta_arm32/lib/libutee.a(utee_syscalls_a32.o)
                                          0x8 (size before relaxing)
 .ARM.exidx.text.utee_authenc_init
                0x0000000000008fd0        0x0 /home/st/Desktop/Raspbian-optee/raspbian-optee/raspbian-tee1/raspbian-tee/optee_os/out/arm/export-ta_arm32/lib/libutee.a(utee_syscalls_a32.o)
                                          0x8 (size before relaxing)
 .ARM.exidx.text.utee_authenc_update_aad
                0x0000000000008fd0        0x0 /home/st/Desktop/Raspbian-optee/raspbian-optee/raspbian-tee1/raspbian-tee/optee_os/out/arm/export-ta_arm32/lib/libutee.a(utee_syscalls_a32.o)
                                          0x8 (size before relaxing)
 .ARM.exidx.text.utee_authenc_update_payload
                0x0000000000008fd0        0x0 /home/st/Desktop/Raspbian-optee/raspbian-optee/raspbian-tee1/raspbian-tee/optee_os/out/arm/export-ta_arm32/lib/libutee.a(utee_syscalls_a32.o)
                                          0x8 (size before relaxing)
 .ARM.exidx.text.utee_authenc_enc_final
                0x0000000000008fd0        0x0 /home/st/Desktop/Raspbian-optee/raspbian-optee/raspbian-tee1/raspbian-tee/optee_os/out/arm/export-ta_arm32/lib/libutee.a(utee_syscalls_a32.o)
                                          0x8 (size before relaxing)
 .ARM.exidx.text.utee_authenc_dec_final
                0x0000000000008fd0        0x0 /home/st/Desktop/Raspbian-optee/raspbian-optee/raspbian-tee1/raspbian-tee/optee_os/out/arm/export-ta_arm32/lib/libutee.a(utee_syscalls_a32.o)
                                          0x8 (size before relaxing)
 .ARM.exidx.text.utee_asymm_operate
                0x0000000000008fd0        0x0 /home/st/Desktop/Raspbian-optee/raspbian-optee/raspbian-tee1/raspbian-tee/optee_os/out/arm/export-ta_arm32/lib/libutee.a(utee_syscalls_a32.o)
                                          0x8 (size before relaxing)
 .ARM.exidx.text.utee_asymm_verify
                0x0000000000008fd0        0x0 /home/st/Desktop/Raspbian-optee/raspbian-optee/raspbian-tee1/raspbian-tee/optee_os/out/arm/export-ta_arm32/lib/libutee.a(utee_syscalls_a32.o)
                                          0x8 (size before relaxing)
 .ARM.exidx.text.utee_storage_obj_open
                0x0000000000008fd0        0x0 /home/st/Desktop/Raspbian-optee/raspbian-optee/raspbian-tee1/raspbian-tee/optee_os/out/arm/export-ta_arm32/lib/libutee.a(utee_syscalls_a32.o)
                                          0x8 (size before relaxing)
 .ARM.exidx.text.utee_storage_obj_create
                0x0000000000008fd0        0x0 /home/st/Desktop/Raspbian-optee/raspbian-optee/raspbian-tee1/raspbian-tee/optee_os/out/arm/export-ta_arm32/lib/libutee.a(utee_syscalls_a32.o)
                                          0x8 (size before relaxing)
 .ARM.exidx.text.utee_storage_obj_del
                0x0000000000008fd0        0x0 /home/st/Desktop/Raspbian-optee/raspbian-optee/raspbian-tee1/raspbian-tee/optee_os/out/arm/export-ta_arm32/lib/libutee.a(utee_syscalls_a32.o)
                                          0x8 (size before relaxing)
 .ARM.exidx.text.utee_storage_obj_rename
                0x0000000000008fd0        0x0 /home/st/Desktop/Raspbian-optee/raspbian-optee/raspbian-tee1/raspbian-tee/optee_os/out/arm/export-ta_arm32/lib/libutee.a(utee_syscalls_a32.o)
                                          0x8 (size before relaxing)
 .ARM.exidx.text.utee_storage_alloc_enum
                0x0000000000008fd0        0x0 /home/st/Desktop/Raspbian-optee/raspbian-optee/raspbian-tee1/raspbian-tee/optee_os/out/arm/export-ta_arm32/lib/libutee.a(utee_syscalls_a32.o)
                                          0x8 (size before relaxing)
 .ARM.exidx.text.utee_storage_free_enum
                0x0000000000008fd0        0x0 /home/st/Desktop/Raspbian-optee/raspbian-optee/raspbian-tee1/raspbian-tee/optee_os/out/arm/export-ta_arm32/lib/libutee.a(utee_syscalls_a32.o)
                                          0x8 (size before relaxing)
 .ARM.exidx.text.utee_storage_reset_enum
                0x0000000000008fd0        0x0 /home/st/Desktop/Raspbian-optee/raspbian-optee/raspbian-tee1/raspbian-tee/optee_os/out/arm/export-ta_arm32/lib/libutee.a(utee_syscalls_a32.o)
                                          0x8 (size before relaxing)
 .ARM.exidx.text.utee_storage_start_enum
                0x0000000000008fd0        0x0 /home/st/Desktop/Raspbian-optee/raspbian-optee/raspbian-tee1/raspbian-tee/optee_os/out/arm/export-ta_arm32/lib/libutee.a(utee_syscalls_a32.o)
                                          0x8 (size before relaxing)
 .ARM.exidx.text.utee_storage_next_enum
                0x0000000000008fd0        0x0 /home/st/Desktop/Raspbian-optee/raspbian-optee/raspbian-tee1/raspbian-tee/optee_os/out/arm/export-ta_arm32/lib/libutee.a(utee_syscalls_a32.o)
                                          0x8 (size before relaxing)
 .ARM.exidx.text.utee_storage_obj_read
                0x0000000000008fd0        0x0 /home/st/Desktop/Raspbian-optee/raspbian-optee/raspbian-tee1/raspbian-tee/optee_os/out/arm/export-ta_arm32/lib/libutee.a(utee_syscalls_a32.o)
                                          0x8 (size before relaxing)
 .ARM.exidx.text.utee_storage_obj_write
                0x0000000000008fd0        0x0 /home/st/Desktop/Raspbian-optee/raspbian-optee/raspbian-tee1/raspbian-tee/optee_os/out/arm/export-ta_arm32/lib/libutee.a(utee_syscalls_a32.o)
                                          0x8 (size before relaxing)
 .ARM.exidx.text.utee_storage_obj_trunc
                0x0000000000008fd0        0x0 /home/st/Desktop/Raspbian-optee/raspbian-optee/raspbian-tee1/raspbian-tee/optee_os/out/arm/export-ta_arm32/lib/libutee.a(utee_syscalls_a32.o)
                                          0x8 (size before relaxing)
 .ARM.exidx.text.utee_storage_obj_seek
                0x0000000000008fd0        0x0 /home/st/Desktop/Raspbian-optee/raspbian-optee/raspbian-tee1/raspbian-tee/optee_os/out/arm/export-ta_arm32/lib/libutee.a(utee_syscalls_a32.o)
                                          0x8 (size before relaxing)
 .ARM.exidx.text.utee_cryp_obj_generate_key
                0x0000000000008fd0        0x0 /home/st/Desktop/Raspbian-optee/raspbian-optee/raspbian-tee1/raspbian-tee/optee_os/out/arm/export-ta_arm32/lib/libutee.a(utee_syscalls_a32.o)
                                          0x8 (size before relaxing)
 .ARM.exidx.text.utee_cache_operation
                0x0000000000008fd0        0x8 /home/st/Desktop/Raspbian-optee/raspbian-optee/raspbian-tee1/raspbian-tee/optee_os/out/arm/export-ta_arm32/lib/libutee.a(utee_syscalls_a32.o)
 .ARM.exidx     0x0000000000008fd8      0x100 /home/st/Desktop/Raspbian-optee/raspbian-optee/raspbian-tee1/raspbian-tee/optee_os/out/arm/export-ta_arm32/lib/libutee.a(tee_api_arith_mpi.o)
                                        0x158 (size before relaxing)
 .ARM.exidx     0x00000000000090d8      0x168 /home/st/Desktop/Raspbian-optee/raspbian-optee/raspbian-tee1/raspbian-tee/optee_os/out/arm/export-ta_arm32/lib/libmbedtls.a(bignum.o)
                                        0x1b0 (size before relaxing)
 .ARM.exidx     0x0000000000009240       0x88 /home/st/Desktop/Raspbian-optee/raspbian-optee/raspbian-tee1/raspbian-tee/optee_os/out/arm/export-ta_arm32/lib/libutils.a(bget_malloc.o)
                                         0x90 (size before relaxing)
 .ARM.exidx     0x0000000000009320       0x10 /home/st/Desktop/Raspbian-optee/raspbian-optee/raspbian-tee1/raspbian-tee/optee_os/out/arm/export-ta_arm32/lib/libutils.a(snprintf.o)
 .ARM.exidx     0x0000000000009330        0x8 /home/st/Desktop/Raspbian-optee/raspbian-optee/raspbian-tee1/raspbian-tee/optee_os/out/arm/export-ta_arm32/lib/libutils.a(memcmp.o)
 .ARM.exidx     0x0000000000009338        0x8 /home/st/Desktop/Raspbian-optee/raspbian-optee/raspbian-tee1/raspbian-tee/optee_os/out/arm/export-ta_arm32/lib/libutils.a(memcpy.o)
 .ARM.exidx     0x0000000000009340        0x0 /home/st/Desktop/Raspbian-optee/raspbian-optee/raspbian-tee1/raspbian-tee/optee_os/out/arm/export-ta_arm32/lib/libutils.a(memmove.o)
                                          0x8 (size before relaxing)
 .ARM.exidx     0x0000000000009340        0x8 /home/st/Desktop/Raspbian-optee/raspbian-optee/raspbian-tee1/raspbian-tee/optee_os/out/arm/export-ta_arm32/lib/libutils.a(memset.o)
 .ARM.exidx     0x0000000000009348       0x10 /home/st/Desktop/Raspbian-optee/raspbian-optee/raspbian-tee1/raspbian-tee/optee_os/out/arm/export-ta_arm32/lib/libutils.a(buf_compare_ct.o)
                                          0x8 (size before relaxing)
 .ARM.exidx     0x00000000000092c8       0x20 /home/st/Desktop/Raspbian-optee/raspbian-optee/raspbian-tee1/raspbian-tee/optee_os/out/arm/export-ta_arm32/lib/libutils.a(mempool.o)
 .ARM.exidx     0x00000000000092e8       0x10 /home/st/Desktop/Raspbian-optee/raspbian-optee/raspbian-tee1/raspbian-tee/optee_os/out/arm/export-ta_arm32/lib/libutee.a(assert.o)

.ctors
 *(SORT_BY_ALIGNMENT(.ctors))

.dtors
 *(SORT_BY_ALIGNMENT(.dtors))

.got            0x0000000000009358       0x3c
 *(SORT_BY_ALIGNMENT(.got.plt))
 .got.plt       0x0000000000009358        0xc ./Lab_TA.o
                0x0000000000009358                _GLOBAL_OFFSET_TABLE_
 *(SORT_BY_ALIGNMENT(.got))
 .got           0x0000000000009364       0x30 ./Lab_TA.o

.rel.text
 *(SORT_BY_ALIGNMENT(.rel.text))
 *(SORT_BY_ALIGNMENT(.rel.gnu.linkonce.t*))

.rela.text
 *(SORT_BY_ALIGNMENT(.rela.text))
 *(SORT_BY_ALIGNMENT(.rela.gnu.linkonce.t*))

.rel.data
 *(SORT_BY_ALIGNMENT(.rel.data))
 *(SORT_BY_ALIGNMENT(.rel.gnu.linkonce.d*))

.rela.data
 *(SORT_BY_ALIGNMENT(.rela.data))
 *(SORT_BY_ALIGNMENT(.rela.gnu.linkonce.d*))

.rel.rodata
 *(SORT_BY_ALIGNMENT(.rel.rodata))
 *(SORT_BY_ALIGNMENT(.rel.gnu.linkonce.r*))

.rela.rodata
 *(SORT_BY_ALIGNMENT(.rela.rodata))
 *(SORT_BY_ALIGNMENT(.rela.gnu.linkonce.r*))

.rel.dyn        0x0000000000009394       0xb8
 *(SORT_BY_ALIGNMENT(.rel.dyn))
 .rel.data.rel.ro
                0x0000000000009394        0x0 ./Lab_TA.o
 .rel.iplt      0x0000000000009394        0x0 ./Lab_TA.o
 .rel.data.rel.ro.local
                0x0000000000009394       0x90 ./Lab_TA.o
 .rel.ta_head   0x0000000000009424        0x8 ./Lab_TA.o
 .rel.data.rel  0x000000000000942c        0x8 ./Lab_TA.o
 .rel.data.rel.local
                0x0000000000009434       0x18 ./Lab_TA.o

.rel.got        0x000000000000944c       0x60
 *(SORT_BY_ALIGNMENT(.rel.got))
 .rel.got       0x000000000000944c       0x60 ./Lab_TA.o

.rela.got
 *(SORT_BY_ALIGNMENT(.rela.got))

.rel.ctors
 *(SORT_BY_ALIGNMENT(.rel.ctors))

.rela.ctors
 *(SORT_BY_ALIGNMENT(.rela.ctors))

.rel.dtors
 *(SORT_BY_ALIGNMENT(.rel.dtors))

.rela.dtors
 *(SORT_BY_ALIGNMENT(.rela.dtors))

.rel.init
 *(SORT_BY_ALIGNMENT(.rel.init))

.rela.init
 *(SORT_BY_ALIGNMENT(.rela.init))

.rel.fini
 *(SORT_BY_ALIGNMENT(.rel.fini))

.rela.fini
 *(SORT_BY_ALIGNMENT(.rela.fini))

.rel.bss        0x00000000000094ac        0x0
 *(SORT_BY_ALIGNMENT(.rel.bss))
 .rel.bss       0x00000000000094ac        0x0 ./Lab_TA.o

.rela.bss
 *(SORT_BY_ALIGNMENT(.rela.bss))

.rel.plt        0x00000000000094ac        0x0
 *(SORT_BY_ALIGNMENT(.rel.plt))
 .rel.plt       0x00000000000094ac        0x0 ./Lab_TA.o

.rela.plt
 *(SORT_BY_ALIGNMENT(.rela.plt))

.dynamic        0x00000000000094ac       0x88
 *(SORT_BY_ALIGNMENT(.dynamic))
 .dynamic       0x00000000000094ac       0x88 ./Lab_TA.o
                0x00000000000094ac                _DYNAMIC

.dynsym         0x0000000000009534       0x30
 *(SORT_BY_ALIGNMENT(.dynsym))
 .dynsym        0x0000000000009534       0x30 ./Lab_TA.o

.dynstr         0x0000000000009564        0x1
 *(SORT_BY_ALIGNMENT(.dynstr))
 .dynstr        0x0000000000009564        0x1 ./Lab_TA.o

.hash           0x0000000000009568       0x18
 *(SORT_BY_ALIGNMENT(.hash))
 .hash          0x0000000000009568       0x18 ./Lab_TA.o
                0x000000000000a000                . = ALIGN (0x1000)

.data           0x000000000000a000      0x3a4
 *(SORT_BY_ALIGNMENT(.data) SORT_BY_ALIGNMENT(.data.*) SORT_BY_ALIGNMENT(.gnu.linkonce.d.*))
 .data          0x000000000000a000      0x30c ./Lab_TA.o
                0x000000000000a000                PrivateKey2048Len_N
                0x000000000000a004                Privatekey2048_N
                0x000000000000a104                Privatekey2048_E
                0x000000000000a204                PrivateKey2048Len_E
                0x000000000000a208                Privatekey2048_D
                0x000000000000a308                PrivateKey2048Len_D
 .data          0x000000000000a30c        0x4 ./user_ta_header.o
                0x000000000000a30c                trace_level
 .data.rel.ro.local
                0x000000000000a310       0x6c ./user_ta_header.o
                0x000000000000a310                ta_props
 .data.rel      0x000000000000a37c        0x4 /home/st/Desktop/Raspbian-optee/raspbian-optee/raspbian-tee1/raspbian-tee/optee_os/out/arm/export-ta_arm32/lib/libutee.a(user_ta_entry.o)
                0x000000000000a37c                _ref__utee_mcount
 .data.rel.local
                0x000000000000a380        0x8 /home/st/Desktop/Raspbian-optee/raspbian-optee/raspbian-tee1/raspbian-tee/optee_os/out/arm/export-ta_arm32/lib/libutee.a(user_ta_entry.o)
 .data.rel.local
                0x000000000000a388       0x1c /home/st/Desktop/Raspbian-optee/raspbian-optee/raspbian-tee1/raspbian-tee/optee_os/out/arm/export-ta_arm32/lib/libutils.a(bget_malloc.o)
 .data.rel.ro   0x000000000000a3a4        0x0 ./Lab_TA.o
 .data          0x000000000000a3a4        0x0 /home/st/Desktop/Raspbian-optee/raspbian-optee/raspbian-tee1/raspbian-tee/optee_os/out/arm/export-ta_arm32/lib/libutils.a(trace.o)
 .data          0x000000000000a3a4        0x0 /home/st/Desktop/Raspbian-optee/raspbian-optee/raspbian-tee1/raspbian-tee/optee_os/out/arm/export-ta_arm32/lib/libutils.a(aeabi_unwind.o)
 .data          0x000000000000a3a4        0x0 /home/st/Desktop/Raspbian-optee/raspbian-optee/raspbian-tee1/raspbian-tee/optee_os/out/arm/export-ta_arm32/lib/libutils.a(snprintk.o)
 .data          0x000000000000a3a4        0x0 /home/st/Desktop/Raspbian-optee/raspbian-optee/raspbian-tee1/raspbian-tee/optee_os/out/arm/export-ta_arm32/lib/libutils.a(memchr.o)
 .data          0x000000000000a3a4        0x0 /home/st/Desktop/Raspbian-optee/raspbian-optee/raspbian-tee1/raspbian-tee/optee_os/out/arm/export-ta_arm32/lib/libutils.a(strlen.o)
 .data          0x000000000000a3a4        0x0 /home/st/Desktop/Raspbian-optee/raspbian-optee/raspbian-tee1/raspbian-tee/optee_os/out/arm/export-ta_arm32/lib/libutils.a(arm32_aeabi_ldivmod_a32.o)
 .data          0x000000000000a3a4        0x0 /home/st/Desktop/Raspbian-optee/raspbian-optee/raspbian-tee1/raspbian-tee/optee_os/out/arm/export-ta_arm32/lib/libutils.a(arm32_aeabi_ldivmod.o)
 .data          0x000000000000a3a4        0x0 /home/st/Desktop/Raspbian-optee/raspbian-optee/raspbian-tee1/raspbian-tee/optee_os/out/arm/export-ta_arm32/lib/libutee.a(trace_ext.o)
 .data          0x000000000000a3a4        0x0 /home/st/Desktop/Raspbian-optee/raspbian-optee/raspbian-tee1/raspbian-tee/optee_os/out/arm/export-ta_arm32/lib/libutee.a(tee_api.o)